Archive member included to satisfy reference by file (symbol)

c:/disks/atmel/studio/7.0/toolchain/arm/arm-gnu-toolchain/bin/../lib/gcc/arm-none-eabi/6.3.1/../../../../arm-none-eabi/lib/thumb/v6-m\libm.a(lib_a-sf_ldexp.o)
                              src/main.o (ldexpf)
c:/disks/atmel/studio/7.0/toolchain/arm/arm-gnu-toolchain/bin/../lib/gcc/arm-none-eabi/6.3.1/../../../../arm-none-eabi/lib/thumb/v6-m\libm.a(lib_a-sf_scalbn.o)
                              c:/disks/atmel/studio/7.0/toolchain/arm/arm-gnu-toolchain/bin/../lib/gcc/arm-none-eabi/6.3.1/../../../../arm-none-eabi/lib/thumb/v6-m\libm.a(lib_a-sf_ldexp.o) (scalbnf)
c:/disks/atmel/studio/7.0/toolchain/arm/arm-gnu-toolchain/bin/../lib/gcc/arm-none-eabi/6.3.1/../../../../arm-none-eabi/lib/thumb/v6-m\libm.a(lib_a-sf_copysign.o)
                              c:/disks/atmel/studio/7.0/toolchain/arm/arm-gnu-toolchain/bin/../lib/gcc/arm-none-eabi/6.3.1/../../../../arm-none-eabi/lib/thumb/v6-m\libm.a(lib_a-sf_scalbn.o) (copysignf)
c:/disks/atmel/studio/7.0/toolchain/arm/arm-gnu-toolchain/bin/../lib/gcc/arm-none-eabi/6.3.1/../../../../arm-none-eabi/lib/thumb/v6-m\libm.a(lib_a-sf_finite.o)
                              c:/disks/atmel/studio/7.0/toolchain/arm/arm-gnu-toolchain/bin/../lib/gcc/arm-none-eabi/6.3.1/../../../../arm-none-eabi/lib/thumb/v6-m\libm.a(lib_a-sf_ldexp.o) (finitef)
c:/disks/atmel/studio/7.0/toolchain/arm/arm-gnu-toolchain/bin/../lib/gcc/arm-none-eabi/6.3.1/thumb/v6-m\libgcc.a(_udivsi3.o)
                              src/ASF/sam0/drivers/nvm/nvm.o (__aeabi_uidiv)
c:/disks/atmel/studio/7.0/toolchain/arm/arm-gnu-toolchain/bin/../lib/gcc/arm-none-eabi/6.3.1/thumb/v6-m\libgcc.a(_divsi3.o)
                              src/main.o (__aeabi_idiv)
c:/disks/atmel/studio/7.0/toolchain/arm/arm-gnu-toolchain/bin/../lib/gcc/arm-none-eabi/6.3.1/thumb/v6-m\libgcc.a(_dvmd_tls.o)
                              c:/disks/atmel/studio/7.0/toolchain/arm/arm-gnu-toolchain/bin/../lib/gcc/arm-none-eabi/6.3.1/thumb/v6-m\libgcc.a(_udivsi3.o) (__aeabi_idiv0)
c:/disks/atmel/studio/7.0/toolchain/arm/arm-gnu-toolchain/bin/../lib/gcc/arm-none-eabi/6.3.1/thumb/v6-m\libgcc.a(_arm_cmpdf2.o)
                              src/main.o (__aeabi_dcmplt)
c:/disks/atmel/studio/7.0/toolchain/arm/arm-gnu-toolchain/bin/../lib/gcc/arm-none-eabi/6.3.1/thumb/v6-m\libgcc.a(_arm_cmpsf2.o)
                              src/main.o (__aeabi_fcmpeq)
c:/disks/atmel/studio/7.0/toolchain/arm/arm-gnu-toolchain/bin/../lib/gcc/arm-none-eabi/6.3.1/thumb/v6-m\libgcc.a(_muldi3.o)
                              src/ASF/sam0/drivers/sercom/sercom.o (__aeabi_lmul)
c:/disks/atmel/studio/7.0/toolchain/arm/arm-gnu-toolchain/bin/../lib/gcc/arm-none-eabi/6.3.1/thumb/v6-m\libgcc.a(_fixunssfsi.o)
                              src/main.o (__aeabi_f2uiz)
c:/disks/atmel/studio/7.0/toolchain/arm/arm-gnu-toolchain/bin/../lib/gcc/arm-none-eabi/6.3.1/thumb/v6-m\libgcc.a(_fixunsdfsi.o)
                              src/main.o (__aeabi_d2uiz)
c:/disks/atmel/studio/7.0/toolchain/arm/arm-gnu-toolchain/bin/../lib/gcc/arm-none-eabi/6.3.1/thumb/v6-m\libgcc.a(addsf3.o)
                              src/main.o (__aeabi_fadd)
c:/disks/atmel/studio/7.0/toolchain/arm/arm-gnu-toolchain/bin/../lib/gcc/arm-none-eabi/6.3.1/thumb/v6-m\libgcc.a(divsf3.o)
                              src/main.o (__aeabi_fdiv)
c:/disks/atmel/studio/7.0/toolchain/arm/arm-gnu-toolchain/bin/../lib/gcc/arm-none-eabi/6.3.1/thumb/v6-m\libgcc.a(eqsf2.o)
                              c:/disks/atmel/studio/7.0/toolchain/arm/arm-gnu-toolchain/bin/../lib/gcc/arm-none-eabi/6.3.1/thumb/v6-m\libgcc.a(_arm_cmpsf2.o) (__eqsf2)
c:/disks/atmel/studio/7.0/toolchain/arm/arm-gnu-toolchain/bin/../lib/gcc/arm-none-eabi/6.3.1/thumb/v6-m\libgcc.a(gesf2.o)
                              c:/disks/atmel/studio/7.0/toolchain/arm/arm-gnu-toolchain/bin/../lib/gcc/arm-none-eabi/6.3.1/thumb/v6-m\libgcc.a(_arm_cmpsf2.o) (__gesf2)
c:/disks/atmel/studio/7.0/toolchain/arm/arm-gnu-toolchain/bin/../lib/gcc/arm-none-eabi/6.3.1/thumb/v6-m\libgcc.a(lesf2.o)
                              c:/disks/atmel/studio/7.0/toolchain/arm/arm-gnu-toolchain/bin/../lib/gcc/arm-none-eabi/6.3.1/thumb/v6-m\libgcc.a(_arm_cmpsf2.o) (__lesf2)
c:/disks/atmel/studio/7.0/toolchain/arm/arm-gnu-toolchain/bin/../lib/gcc/arm-none-eabi/6.3.1/thumb/v6-m\libgcc.a(mulsf3.o)
                              src/main.o (__aeabi_fmul)
c:/disks/atmel/studio/7.0/toolchain/arm/arm-gnu-toolchain/bin/../lib/gcc/arm-none-eabi/6.3.1/thumb/v6-m\libgcc.a(subsf3.o)
                              src/main.o (__aeabi_fsub)
c:/disks/atmel/studio/7.0/toolchain/arm/arm-gnu-toolchain/bin/../lib/gcc/arm-none-eabi/6.3.1/thumb/v6-m\libgcc.a(fixsfsi.o)
                              src/main.o (__aeabi_f2iz)
c:/disks/atmel/studio/7.0/toolchain/arm/arm-gnu-toolchain/bin/../lib/gcc/arm-none-eabi/6.3.1/thumb/v6-m\libgcc.a(floatsisf.o)
                              src/main.o (__aeabi_i2f)
[...]
Memory Configuration

Name             Origin             Length             Attributes
rom              0x00000000         0x00040000         xr
ram              0x20000000         0x00008000         xrw
*default*        0x00000000         0xffffffff

Linker script and memory map

LOAD c:/disks/atmel/studio/7.0/toolchain/arm/arm-gnu-toolchain/bin/../lib/gcc/arm-none-eabi/6.3.1/thumb/v6-m/crti.o
LOAD c:/disks/atmel/studio/7.0/toolchain/arm/arm-gnu-toolchain/bin/../lib/gcc/arm-none-eabi/6.3.1/thumb/v6-m/crtbegin.o
LOAD c:/disks/atmel/studio/7.0/toolchain/arm/arm-gnu-toolchain/bin/../lib/gcc/arm-none-eabi/6.3.1/../../../../arm-none-eabi/lib/thumb/v6-m/crt0.o
LOAD src/ASF/common/services/sleepmgr/samd/sleepmgr.o
LOAD src/ASF/sam0/drivers/adc/adc_sam_d_r/adc.o
LOAD src/ASF/sam0/drivers/dma/dma.o
LOAD src/ASF/sam0/drivers/nvm/nvm.o
LOAD src/ASF/sam0/drivers/tcc/tcc_callback.o
LOAD src/ASF/sam0/drivers/tc/tc_interrupt.o
LOAD src/ASF/sam0/drivers/sercom/i2c/i2c_sam0/i2c_master.o
LOAD src/ASF/sam0/drivers/sercom/i2c/i2c_sam0/i2c_master_interrupt.o
LOAD src/ASF/sam0/drivers/sercom/i2c/i2c_sam0/i2c_slave.o
LOAD src/ASF/sam0/drivers/sercom/i2c/i2c_sam0/i2c_slave_interrupt.o
LOAD src/ASF/sam0/drivers/tcc/tcc.o
LOAD src/ASF/sam0/drivers/tc/tc_sam_d_r/tc.o
LOAD src/ASF/sam0/drivers/sercom/usart/usart.o
LOAD src/ASF/sam0/drivers/sercom/usart/usart_interrupt.o
LOAD src/ASF/sam0/drivers/sercom/spi/spi.o
LOAD src/ASF/sam0/drivers/sercom/spi/spi_interrupt.o
LOAD src/ASF/sam0/drivers/sercom/sercom.o
LOAD src/ASF/sam0/drivers/sercom/sercom_interrupt.o
LOAD src/ASF/sam0/drivers/port/port.o
LOAD src/ASF/common2/boards/user_board/init.o
LOAD src/ASF/common/utils/interrupt/interrupt_sam_nvic.o
LOAD src/ASF/sam0/drivers/system/clock/clock_samd21_r21_da/clock.o
LOAD src/ASF/sam0/drivers/system/clock/clock_samd21_r21_da/gclk.o
LOAD src/ASF/sam0/drivers/system/interrupt/system_interrupt.o
LOAD src/ASF/sam0/drivers/system/pinmux/pinmux.o
LOAD src/ASF/sam0/drivers/system/system.o
LOAD src/ASF/sam0/services/eeprom/emulator/main_array/eeprom.o
LOAD src/ASF/sam0/utils/cmsis/samd21/source/gcc/startup_samd21.o
LOAD src/ASF/sam0/utils/cmsis/samd21/source/system_samd21.o
LOAD src/ASF/sam0/utils/syscalls/gcc/syscalls.o
LOAD src/main.o
START GROUP
LOAD ../src/ASF/thirdparty/CMSIS/Lib/GCC\libarm_cortexM0l_math.a
LOAD c:/disks/atmel/studio/7.0/toolchain/arm/arm-gnu-toolchain/bin/../lib/gcc/arm-none-eabi/6.3.1/../../../../arm-none-eabi/lib/thumb/v6-m\libm.a
END GROUP
Address of section .text set to 0x2000
START GROUP
LOAD c:/disks/atmel/studio/7.0/toolchain/arm/arm-gnu-toolchain/bin/../lib/gcc/arm-none-eabi/6.3.1/thumb/v6-m\libgcc.a
LOAD c:/disks/atmel/studio/7.0/toolchain/arm/arm-gnu-toolchain/bin/../lib/gcc/arm-none-eabi/6.3.1/../../../../arm-none-eabi/lib/thumb/v6-m\libc_nano.a
END GROUP
START GROUP
LOAD c:/disks/atmel/studio/7.0/toolchain/arm/arm-gnu-toolchain/bin/../lib/gcc/arm-none-eabi/6.3.1/thumb/v6-m\libgcc.a
LOAD c:/disks/atmel/studio/7.0/toolchain/arm/arm-gnu-toolchain/bin/../lib/gcc/arm-none-eabi/6.3.1/../../../../arm-none-eabi/lib/thumb/v6-m\libc_nano.a
END GROUP
LOAD c:/disks/atmel/studio/7.0/toolchain/arm/arm-gnu-toolchain/bin/../lib/gcc/arm-none-eabi/6.3.1/thumb/v6-m/crtend.o
LOAD c:/disks/atmel/studio/7.0/toolchain/arm/arm-gnu-toolchain/bin/../lib/gcc/arm-none-eabi/6.3.1/thumb/v6-m/crtn.o
                0x00002000                STACK_SIZE = DEFINED (STACK_SIZE)?STACK_SIZE:DEFINED (__stack_size__)?__stack_size__:0x2000

.text           0x00002000    0x19c14
                0x00002000                . = ALIGN (0x4)
                0x00002000                _sfixed = .
 *(.vectors .vectors.*)
 .vectors       0x00002000       0xb4 src/ASF/sam0/utils/cmsis/samd21/source/gcc/startup_samd21.o
                0x00002000                exception_table
 *(.text .text.* .gnu.linkonce.t.*)
 .text          0x000020b4       0x60 c:/disks/atmel/studio/7.0/toolchain/arm/arm-gnu-toolchain/bin/../lib/gcc/arm-none-eabi/6.3.1/thumb/v6-m/crtbegin.o
 .text.system_gclk_chan_get_config_defaults
                0x00002114       0x16 src/ASF/sam0/drivers/adc/adc_sam_d_r/adc.o
 *fill*         0x0000212a        0x2 
 .text.system_apb_clock_set_mask
                0x0000212c       0x5c src/ASF/sam0/drivers/adc/adc_sam_d_r/adc.o
 .text.system_pinmux_get_config_defaults
                0x00002188       0x28 src/ASF/sam0/drivers/adc/adc_sam_d_r/adc.o
 .text.system_voltage_reference_enable
                0x000021b0       0x40 src/ASF/sam0/drivers/adc/adc_sam_d_r/adc.o
 .text.adc_is_syncing
                0x000021f0       0x28 src/ASF/sam0/drivers/adc/adc_sam_d_r/adc.o
 .text.adc_get_config_defaults
                0x00002218       0xaa src/ASF/sam0/drivers/adc/adc_sam_d_r/adc.o
                0x00002218                adc_get_config_defaults
 *fill*         0x000022c2        0x2 
 .text._adc_configure_ain_pin
                0x000022c4       0x78 src/ASF/sam0/drivers/adc/adc_sam_d_r/adc.o
 .text._adc_set_config
                0x0000233c      0x52c src/ASF/sam0/drivers/adc/adc_sam_d_r/adc.o
 .text.adc_init
                0x00002868       0x7c src/ASF/sam0/drivers/adc/adc_sam_d_r/adc.o
                0x00002868                adc_init
 .text.system_interrupt_enter_critical_section
                0x000028e4       0x14 src/ASF/sam0/drivers/dma/dma.o
 .text.system_interrupt_leave_critical_section
                0x000028f8       0x14 src/ASF/sam0/drivers/dma/dma.o
 .text.DMAC_Handler
                0x0000290c      0x144 src/ASF/sam0/drivers/dma/dma.o
                0x0000290c                DMAC_Handler
 .text.nvm_is_ready
                0x00002a50       0x28 src/ASF/sam0/drivers/nvm/nvm.o
 .text.system_apb_clock_set_mask
                0x00002a78       0x5c src/ASF/sam0/drivers/nvm/nvm.o
 .text.nvm_set_config
                0x00002ad4       0xd8 src/ASF/sam0/drivers/nvm/nvm.o
                0x00002ad4                nvm_set_config
 .text.nvm_execute_command
                0x00002bac      0x118 src/ASF/sam0/drivers/nvm/nvm.o
                0x00002bac                nvm_execute_command
 .text.nvm_write_buffer
                0x00002cc4      0x14c src/ASF/sam0/drivers/nvm/nvm.o
                0x00002cc4                nvm_write_buffer
 .text.nvm_read_buffer
                0x00002e10       0xfc src/ASF/sam0/drivers/nvm/nvm.o
                0x00002e10                nvm_read_buffer
 .text.nvm_erase_row
                0x00002f0c       0x94 src/ASF/sam0/drivers/nvm/nvm.o
                0x00002f0c                nvm_erase_row
 .text.nvm_get_parameters
                0x00002fa0       0xbc src/ASF/sam0/drivers/nvm/nvm.o
                0x00002fa0                nvm_get_parameters
 .text.TCC0_Handler
                0x0000305c       0x14 src/ASF/sam0/drivers/tcc/tcc_callback.o
                0x0000305c                TCC0_Handler
 .text.TCC1_Handler
                0x00003070       0x14 src/ASF/sam0/drivers/tcc/tcc_callback.o
                0x00003070                TCC1_Handler
 .text.TCC2_Handler
                0x00003084       0x14 src/ASF/sam0/drivers/tcc/tcc_callback.o
                0x00003084                TCC2_Handler
 .text._tcc_interrupt_handler
                0x00003098       0x7c src/ASF/sam0/drivers/tcc/tcc_callback.o
                0x00003098                _tcc_interrupt_handler
 .text.TC3_Handler
                0x00003114       0x14 src/ASF/sam0/drivers/tc/tc_interrupt.o
                0x00003114                TC3_Handler
 .text.TC4_Handler
                0x00003128       0x14 src/ASF/sam0/drivers/tc/tc_interrupt.o
                0x00003128                TC4_Handler
 .text.TC5_Handler
                0x0000313c       0x14 src/ASF/sam0/drivers/tc/tc_interrupt.o
                0x0000313c                TC5_Handler
 .text._tc_interrupt_handler
                0x00003150       0xb8 src/ASF/sam0/drivers/tc/tc_interrupt.o
                0x00003150                _tc_interrupt_handler
 .text.system_gclk_chan_get_config_defaults
                0x00003208       0x16 src/ASF/sam0/drivers/sercom/i2c/i2c_sam0/i2c_master.o
 *fill*         0x0000321e        0x2 
 .text.system_apb_clock_set_mask
                0x00003220       0x5c src/ASF/sam0/drivers/sercom/i2c/i2c_sam0/i2c_master.o
 .text.system_pinmux_get_config_defaults
                0x0000327c       0x28 src/ASF/sam0/drivers/sercom/i2c/i2c_sam0/i2c_master.o
 .text.system_is_debugger_present
                0x000032a4       0x20 src/ASF/sam0/drivers/sercom/i2c/i2c_sam0/i2c_master.o
 .text.i2c_master_is_syncing
                0x000032c4       0x24 src/ASF/sam0/drivers/sercom/i2c/i2c_sam0/i2c_master.o
 .text._i2c_master_wait_for_sync
                0x000032e8       0x24 src/ASF/sam0/drivers/sercom/i2c/i2c_sam0/i2c_master.o
 .text._i2c_master_set_config
                0x0000330c      0x3f4 src/ASF/sam0/drivers/sercom/i2c/i2c_sam0/i2c_master.o
 .text.i2c_master_init
                0x00003700      0x134 src/ASF/sam0/drivers/sercom/i2c/i2c_sam0/i2c_master.o
                0x00003700                i2c_master_init
 .text._i2c_master_address_response
                0x00003834       0x5e src/ASF/sam0/drivers/sercom/i2c/i2c_sam0/i2c_master.o
                0x00003834                _i2c_master_address_response
 .text._i2c_master_wait_for_bus
                0x00003892       0x5e src/ASF/sam0/drivers/sercom/i2c/i2c_sam0/i2c_master.o
                0x00003892                _i2c_master_wait_for_bus
 .text._i2c_master_send_hs_master_code
                0x000038f0       0x54 src/ASF/sam0/drivers/sercom/i2c/i2c_sam0/i2c_master.o
                0x000038f0                _i2c_master_send_hs_master_code
 .text._i2c_master_read_packet
                0x00003944      0x274 src/ASF/sam0/drivers/sercom/i2c/i2c_sam0/i2c_master.o
 .text.i2c_master_read_packet_wait
                0x00003bb8       0x40 src/ASF/sam0/drivers/sercom/i2c/i2c_sam0/i2c_master.o
                0x00003bb8                i2c_master_read_packet_wait
 .text._i2c_master_write_packet
                0x00003bf8      0x178 src/ASF/sam0/drivers/sercom/i2c/i2c_sam0/i2c_master.o
 .text.i2c_master_write_packet_wait
                0x00003d70       0x40 src/ASF/sam0/drivers/sercom/i2c/i2c_sam0/i2c_master.o
                0x00003d70                i2c_master_write_packet_wait
 .text.i2c_master_is_syncing
                0x00003db0       0x24 src/ASF/sam0/drivers/sercom/i2c/i2c_sam0/i2c_master_interrupt.o
 .text._i2c_master_wait_for_sync
                0x00003dd4       0x24 src/ASF/sam0/drivers/sercom/i2c/i2c_sam0/i2c_master_interrupt.o
 .text._i2c_master_read
                0x00003df8       0xf0 src/ASF/sam0/drivers/sercom/i2c/i2c_sam0/i2c_master_interrupt.o
 .text._i2c_master_write
                0x00003ee8       0x7c src/ASF/sam0/drivers/sercom/i2c/i2c_sam0/i2c_master_interrupt.o
 .text._i2c_master_async_address_response
                0x00003f64       0xbc src/ASF/sam0/drivers/sercom/i2c/i2c_sam0/i2c_master_interrupt.o
 .text._i2c_master_interrupt_handler
                0x00004020      0x274 src/ASF/sam0/drivers/sercom/i2c/i2c_sam0/i2c_master_interrupt.o
                0x00004020                _i2c_master_interrupt_handler
 .text.system_gclk_chan_get_config_defaults
                0x00004294       0x16 src/ASF/sam0/drivers/sercom/i2c/i2c_sam0/i2c_slave.o
 *fill*         0x000042aa        0x2 
 .text.system_apb_clock_set_mask
                0x000042ac       0x5c src/ASF/sam0/drivers/sercom/i2c/i2c_sam0/i2c_slave.o
 .text.system_pinmux_get_config_defaults
                0x00004308       0x28 src/ASF/sam0/drivers/sercom/i2c/i2c_sam0/i2c_slave.o
 .text.system_is_debugger_present
                0x00004330       0x20 src/ASF/sam0/drivers/sercom/i2c/i2c_sam0/i2c_slave.o
 .text._i2c_slave_set_config
                0x00004350      0x164 src/ASF/sam0/drivers/sercom/i2c/i2c_sam0/i2c_slave.o
 .text.i2c_slave_init
                0x000044b4      0x12c src/ASF/sam0/drivers/sercom/i2c/i2c_sam0/i2c_slave.o
                0x000044b4                i2c_slave_init
 .text.system_interrupt_enter_critical_section
                0x000045e0       0x14 src/ASF/sam0/drivers/sercom/i2c/i2c_sam0/i2c_slave_interrupt.o
 .text.system_interrupt_leave_critical_section
                0x000045f4       0x14 src/ASF/sam0/drivers/sercom/i2c/i2c_sam0/i2c_slave_interrupt.o
 .text._i2c_slave_set_ctrlb_ackact
                0x00004608       0x4c src/ASF/sam0/drivers/sercom/i2c/i2c_sam0/i2c_slave_interrupt.o
 .text._i2c_slave_set_ctrlb_cmd3
                0x00004654       0x30 src/ASF/sam0/drivers/sercom/i2c/i2c_sam0/i2c_slave_interrupt.o
 .text._i2c_slave_read
                0x00004684       0x36 src/ASF/sam0/drivers/sercom/i2c/i2c_sam0/i2c_slave_interrupt.o
 .text._i2c_slave_write
                0x000046ba       0x36 src/ASF/sam0/drivers/sercom/i2c/i2c_sam0/i2c_slave_interrupt.o
 .text.i2c_slave_register_callback
                0x000046f0       0x4a src/ASF/sam0/drivers/sercom/i2c/i2c_sam0/i2c_slave_interrupt.o
                0x000046f0                i2c_slave_register_callback
 .text.i2c_slave_read_packet_job
                0x0000473a       0x4c src/ASF/sam0/drivers/sercom/i2c/i2c_sam0/i2c_slave_interrupt.o
                0x0000473a                i2c_slave_read_packet_job
 .text.i2c_slave_write_packet_job
                0x00004786       0x4c src/ASF/sam0/drivers/sercom/i2c/i2c_sam0/i2c_slave_interrupt.o
                0x00004786                i2c_slave_write_packet_job
 *fill*         0x000047d2        0x2 
 .text._i2c_slave_interrupt_handler
                0x000047d4      0x37c src/ASF/sam0/drivers/sercom/i2c/i2c_sam0/i2c_slave_interrupt.o
                0x000047d4                _i2c_slave_interrupt_handler
 .text.system_gclk_chan_get_config_defaults
                0x00004b50       0x16 src/ASF/sam0/drivers/tcc/tcc.o
 *fill*         0x00004b66        0x2 
 .text.system_apb_clock_set_mask
                0x00004b68       0x5c src/ASF/sam0/drivers/tcc/tcc.o
 .text.system_pinmux_get_config_defaults
                0x00004bc4       0x28 src/ASF/sam0/drivers/tcc/tcc.o
 .text._tcc_get_inst_index
                0x00004bec       0x3c src/ASF/sam0/drivers/tcc/tcc.o
                0x00004bec                _tcc_get_inst_index
 .text.tcc_get_config_defaults
                0x00004c28      0x2d0 src/ASF/sam0/drivers/tcc/tcc.o
                0x00004c28                tcc_get_config_defaults
 .text._tcc_build_ctrla
                0x00004ef8       0xa4 src/ASF/sam0/drivers/tcc/tcc.o
 .text._tcc_build_ctrlb
                0x00004f9c       0x5c src/ASF/sam0/drivers/tcc/tcc.o
 .text._tcc_build_faults
                0x00004ff8      0x11c src/ASF/sam0/drivers/tcc/tcc.o
 .text._tcc_build_drvctrl
                0x00005114       0xd8 src/ASF/sam0/drivers/tcc/tcc.o
 .text._tcc_build_waves
                0x000051ec       0x98 src/ASF/sam0/drivers/tcc/tcc.o
 .text.tcc_init
                0x00005284      0x3cc src/ASF/sam0/drivers/tcc/tcc.o
                0x00005284                tcc_init
 .text._tcc_set_compare_value
                0x00005650       0xdc src/ASF/sam0/drivers/tcc/tcc.o
 .text.tcc_set_compare_value
                0x0000572c       0x38 src/ASF/sam0/drivers/tcc/tcc.o
                0x0000572c                tcc_set_compare_value
 .text.system_gclk_chan_get_config_defaults
                0x00005764       0x16 src/ASF/sam0/drivers/tc/tc_sam_d_r/tc.o
 *fill*         0x0000577a        0x2 
 .text.system_apb_clock_set_mask
                0x0000577c       0x5c src/ASF/sam0/drivers/tc/tc_sam_d_r/tc.o
 .text.system_pinmux_get_config_defaults
                0x000057d8       0x28 src/ASF/sam0/drivers/tc/tc_sam_d_r/tc.o
 .text.tc_is_syncing
                0x00005800       0x28 src/ASF/sam0/drivers/tc/tc_sam_d_r/tc.o
 .text._tc_get_inst_index
                0x00005828       0x48 src/ASF/sam0/drivers/tc/tc_sam_d_r/tc.o
                0x00005828                _tc_get_inst_index
 .text.tc_init  0x00005870      0x450 src/ASF/sam0/drivers/tc/tc_sam_d_r/tc.o
                0x00005870                tc_init
 .text.tc_get_count_value
                0x00005cc0       0x54 src/ASF/sam0/drivers/tc/tc_sam_d_r/tc.o
                0x00005cc0                tc_get_count_value
 .text.system_gclk_chan_get_config_defaults
                0x00005d14       0x16 src/ASF/sam0/drivers/sercom/usart/usart.o
 *fill*         0x00005d2a        0x2 
 .text.system_apb_clock_set_mask
                0x00005d2c       0x5c src/ASF/sam0/drivers/sercom/usart/usart.o
 .text.system_pinmux_get_config_defaults
                0x00005d88       0x28 src/ASF/sam0/drivers/sercom/usart/usart.o
 .text.system_is_debugger_present
                0x00005db0       0x20 src/ASF/sam0/drivers/sercom/usart/usart.o
 .text.usart_is_syncing
                0x00005dd0       0x20 src/ASF/sam0/drivers/sercom/usart/usart.o
 .text._usart_wait_for_sync
                0x00005df0       0x24 src/ASF/sam0/drivers/sercom/usart/usart.o
 .text._usart_set_config
                0x00005e14      0x2d0 src/ASF/sam0/drivers/sercom/usart/usart.o
 .text.usart_init
                0x000060e4      0x274 src/ASF/sam0/drivers/sercom/usart/usart.o
                0x000060e4                usart_init
 .text.usart_write_wait
                0x00006358       0x64 src/ASF/sam0/drivers/sercom/usart/usart.o
                0x00006358                usart_write_wait
 .text.usart_write_buffer_wait
                0x000063bc      0x12c src/ASF/sam0/drivers/sercom/usart/usart.o
                0x000063bc                usart_write_buffer_wait
 .text.system_interrupt_enter_critical_section
                0x000064e8       0x14 src/ASF/sam0/drivers/sercom/usart/usart_interrupt.o
 .text.system_interrupt_leave_critical_section
                0x000064fc       0x14 src/ASF/sam0/drivers/sercom/usart/usart_interrupt.o
 .text.usart_is_syncing
                0x00006510       0x20 src/ASF/sam0/drivers/sercom/usart/usart_interrupt.o
 .text._usart_wait_for_sync
                0x00006530       0x24 src/ASF/sam0/drivers/sercom/usart/usart_interrupt.o
 .text._usart_write_buffer
                0x00006554       0x5c src/ASF/sam0/drivers/sercom/usart/usart_interrupt.o
                0x00006554                _usart_write_buffer
 .text._usart_read_buffer
                0x000065b0       0x78 src/ASF/sam0/drivers/sercom/usart/usart_interrupt.o
                0x000065b0                _usart_read_buffer
 .text.usart_write_buffer_job
                0x00006628       0x48 src/ASF/sam0/drivers/sercom/usart/usart_interrupt.o
                0x00006628                usart_write_buffer_job
 .text.usart_read_buffer_job
                0x00006670       0x48 src/ASF/sam0/drivers/sercom/usart/usart_interrupt.o
                0x00006670                usart_read_buffer_job
 .text.usart_abort_job
                0x000066b8       0x46 src/ASF/sam0/drivers/sercom/usart/usart_interrupt.o
                0x000066b8                usart_abort_job
 .text.usart_get_job_status
                0x000066fe       0x50 src/ASF/sam0/drivers/sercom/usart/usart_interrupt.o
                0x000066fe                usart_get_job_status
 *fill*         0x0000674e        0x2 
 .text._usart_interrupt_handler
                0x00006750      0x340 src/ASF/sam0/drivers/sercom/usart/usart_interrupt.o
                0x00006750                _usart_interrupt_handler
 .text.system_pinmux_get_config_defaults
                0x00006a90       0x28 src/ASF/sam0/drivers/sercom/spi/spi.o
 .text.system_gclk_chan_get_config_defaults
                0x00006ab8       0x16 src/ASF/sam0/drivers/sercom/spi/spi.o
 *fill*         0x00006ace        0x2 
 .text.system_apb_clock_set_mask
                0x00006ad0       0x5c src/ASF/sam0/drivers/sercom/spi/spi.o
 .text.system_is_debugger_present
                0x00006b2c       0x20 src/ASF/sam0/drivers/sercom/spi/spi.o
 .text._spi_set_config
                0x00006b4c      0x250 src/ASF/sam0/drivers/sercom/spi/spi.o
 .text.spi_init
                0x00006d9c      0x1a4 src/ASF/sam0/drivers/sercom/spi/spi.o
                0x00006d9c                spi_init
 .text._spi_write_buffer
                0x00006f40       0x6a src/ASF/sam0/drivers/sercom/spi/spi_interrupt.o
 *fill*         0x00006faa        0x2 
 .text.spi_write_buffer_job
                0x00006fac       0x48 src/ASF/sam0/drivers/sercom/spi/spi_interrupt.o
                0x00006fac                spi_write_buffer_job
 .text._spi_write
                0x00006ff4       0x7a src/ASF/sam0/drivers/sercom/spi/spi_interrupt.o
 *fill*         0x0000706e        0x2 
 .text._spi_write_dummy
                0x00007070       0x34 src/ASF/sam0/drivers/sercom/spi/spi_interrupt.o
 .text._spi_read_dummy
                0x000070a4       0x36 src/ASF/sam0/drivers/sercom/spi/spi_interrupt.o
 .text._spi_read
                0x000070da       0x70 src/ASF/sam0/drivers/sercom/spi/spi_interrupt.o
 *fill*         0x0000714a        0x2 
 .text._spi_interrupt_handler
                0x0000714c      0x30c src/ASF/sam0/drivers/sercom/spi/spi_interrupt.o
                0x0000714c                _spi_interrupt_handler
 .text.system_gclk_chan_get_config_defaults
                0x00007458       0x16 src/ASF/sam0/drivers/sercom/sercom.o
 .text.long_division
                0x0000746e       0xe0 src/ASF/sam0/drivers/sercom/sercom.o
 .text._sercom_get_sync_baud_val
                0x0000754e       0x7c src/ASF/sam0/drivers/sercom/sercom.o
                0x0000754e                _sercom_get_sync_baud_val
 *fill*         0x000075ca        0x2 
 .text._sercom_get_async_baud_val
                0x000075cc      0x1ec src/ASF/sam0/drivers/sercom/sercom.o
                0x000075cc                _sercom_get_async_baud_val
 .text.sercom_set_gclk_generator
                0x000077b8       0x8c src/ASF/sam0/drivers/sercom/sercom.o
                0x000077b8                sercom_set_gclk_generator
 .text._sercom_get_default_pad
                0x00007844      0x1bc src/ASF/sam0/drivers/sercom/sercom.o
                0x00007844                _sercom_get_default_pad
 .text._sercom_get_sercom_inst_index
                0x00007a00       0x50 src/ASF/sam0/drivers/sercom/sercom.o
                0x00007a00                _sercom_get_sercom_inst_index
 .text._sercom_default_handler
                0x00007a50       0x14 src/ASF/sam0/drivers/sercom/sercom_interrupt.o
 .text._sercom_set_handler
                0x00007a64       0x6c src/ASF/sam0/drivers/sercom/sercom_interrupt.o
                0x00007a64                _sercom_set_handler
 .text._sercom_get_interrupt_vector
                0x00007ad0       0x44 src/ASF/sam0/drivers/sercom/sercom_interrupt.o
                0x00007ad0                _sercom_get_interrupt_vector
 .text.SERCOM0_Handler
                0x00007b14       0x18 src/ASF/sam0/drivers/sercom/sercom_interrupt.o
                0x00007b14                SERCOM0_Handler
 .text.SERCOM1_Handler
                0x00007b2c       0x18 src/ASF/sam0/drivers/sercom/sercom_interrupt.o
                0x00007b2c                SERCOM1_Handler
 .text.SERCOM2_Handler
                0x00007b44       0x18 src/ASF/sam0/drivers/sercom/sercom_interrupt.o
                0x00007b44                SERCOM2_Handler
 .text.SERCOM3_Handler
                0x00007b5c       0x18 src/ASF/sam0/drivers/sercom/sercom_interrupt.o
                0x00007b5c                SERCOM3_Handler
 .text.SERCOM4_Handler
                0x00007b74       0x18 src/ASF/sam0/drivers/sercom/sercom_interrupt.o
                0x00007b74                SERCOM4_Handler
 .text.SERCOM5_Handler
                0x00007b8c       0x18 src/ASF/sam0/drivers/sercom/sercom_interrupt.o
                0x00007b8c                SERCOM5_Handler
 .text.system_pinmux_get_config_defaults
                0x00007ba4       0x28 src/ASF/sam0/drivers/port/port.o
 .text.port_pin_set_config
                0x00007bcc       0x60 src/ASF/sam0/drivers/port/port.o
                0x00007bcc                port_pin_set_config
 .text.system_board_init
                0x00007c2c        0xa src/ASF/common2/boards/user_board/init.o
                0x00007c2c                board_init
                0x00007c2c                system_board_init
 *fill*         0x00007c36        0x2 
 .text.cpu_irq_enter_critical
                0x00007c38       0x54 src/ASF/common/utils/interrupt/interrupt_sam_nvic.o
                0x00007c38                cpu_irq_enter_critical
 .text.cpu_irq_leave_critical
                0x00007c8c       0x40 src/ASF/common/utils/interrupt/interrupt_sam_nvic.o
                0x00007c8c                cpu_irq_leave_critical
 .text.system_gclk_gen_get_config_defaults
                0x00007ccc       0x2e src/ASF/sam0/drivers/system/clock/clock_samd21_r21_da/clock.o
 .text.system_clock_source_osc32k_get_config_defaults
                0x00007cfa       0x34 src/ASF/sam0/drivers/system/clock/clock_samd21_r21_da/clock.o
 .text.system_clock_source_osc8m_get_config_defaults
                0x00007d2e       0x22 src/ASF/sam0/drivers/system/clock/clock_samd21_r21_da/clock.o
 .text.system_cpu_clock_set_divider
                0x00007d50       0x20 src/ASF/sam0/drivers/system/clock/clock_samd21_r21_da/clock.o
 .text.system_apb_clock_set_divider
                0x00007d70       0x54 src/ASF/sam0/drivers/system/clock/clock_samd21_r21_da/clock.o
 .text.system_flash_set_waitstates
                0x00007dc4       0x34 src/ASF/sam0/drivers/system/clock/clock_samd21_r21_da/clock.o
 .text._system_dfll_wait_for_sync
                0x00007df8       0x1c src/ASF/sam0/drivers/system/clock/clock_samd21_r21_da/clock.o
 .text._system_clock_source_dfll_set_config_errata_9905
                0x00007e14       0x44 src/ASF/sam0/drivers/system/clock/clock_samd21_r21_da/clock.o
 .text.system_clock_source_get_hz
                0x00007e58       0xbc src/ASF/sam0/drivers/system/clock/clock_samd21_r21_da/clock.o
                0x00007e58                system_clock_source_get_hz
 .text.system_clock_source_osc8m_set_config
                0x00007f14       0x78 src/ASF/sam0/drivers/system/clock/clock_samd21_r21_da/clock.o
                0x00007f14                system_clock_source_osc8m_set_config
 .text.system_clock_source_osc32k_set_config
                0x00007f8c       0xcc src/ASF/sam0/drivers/system/clock/clock_samd21_r21_da/clock.o
                0x00007f8c                system_clock_source_osc32k_set_config
 .text.system_clock_source_enable
                0x00008058       0xac src/ASF/sam0/drivers/system/clock/clock_samd21_r21_da/clock.o
                0x00008058                system_clock_source_enable
 .text._switch_peripheral_gclk
                0x00008104       0x38 src/ASF/sam0/drivers/system/clock/clock_samd21_r21_da/clock.o
 .text.system_clock_init
                0x0000813c      0x184 src/ASF/sam0/drivers/system/clock/clock_samd21_r21_da/clock.o
                0x0000813c                system_clock_init
 .text.system_apb_clock_set_mask
                0x000082c0       0x5c src/ASF/sam0/drivers/system/clock/clock_samd21_r21_da/gclk.o
 .text.system_interrupt_enter_critical_section
                0x0000831c       0x14 src/ASF/sam0/drivers/system/clock/clock_samd21_r21_da/gclk.o
 .text.system_interrupt_leave_critical_section
                0x00008330       0x14 src/ASF/sam0/drivers/system/clock/clock_samd21_r21_da/gclk.o
 .text.system_gclk_is_syncing
                0x00008344       0x20 src/ASF/sam0/drivers/system/clock/clock_samd21_r21_da/gclk.o
 .text.system_gclk_init
                0x00008364       0x30 src/ASF/sam0/drivers/system/clock/clock_samd21_r21_da/gclk.o
                0x00008364                system_gclk_init
 .text.system_gclk_gen_set_config
                0x00008394      0x124 src/ASF/sam0/drivers/system/clock/clock_samd21_r21_da/gclk.o
                0x00008394                system_gclk_gen_set_config
 .text.system_gclk_gen_enable
                0x000084b8       0x5c src/ASF/sam0/drivers/system/clock/clock_samd21_r21_da/gclk.o
                0x000084b8                system_gclk_gen_enable
 .text.system_gclk_gen_get_hz
                0x00008514       0xd8 src/ASF/sam0/drivers/system/clock/clock_samd21_r21_da/gclk.o
                0x00008514                system_gclk_gen_get_hz
 .text.system_gclk_chan_set_config
                0x000085ec       0x44 src/ASF/sam0/drivers/system/clock/clock_samd21_r21_da/gclk.o
                0x000085ec                system_gclk_chan_set_config
 .text.system_gclk_chan_enable
                0x00008630       0x48 src/ASF/sam0/drivers/system/clock/clock_samd21_r21_da/gclk.o
                0x00008630                system_gclk_chan_enable
 .text.system_gclk_chan_disable
                0x00008678       0x98 src/ASF/sam0/drivers/system/clock/clock_samd21_r21_da/gclk.o
                0x00008678                system_gclk_chan_disable
 .text.system_gclk_chan_get_hz
                0x00008710       0x58 src/ASF/sam0/drivers/system/clock/clock_samd21_r21_da/gclk.o
                0x00008710                system_gclk_chan_get_hz
 .text.system_pinmux_get_group_from_gpio_pin
                0x00008768       0x60 src/ASF/sam0/drivers/system/pinmux/pinmux.o
 .text._system_pinmux_config
                0x000087c8      0x110 src/ASF/sam0/drivers/system/pinmux/pinmux.o
 .text.system_pinmux_pin_set_config
                0x000088d8       0x48 src/ASF/sam0/drivers/system/pinmux/pinmux.o
                0x000088d8                system_pinmux_pin_set_config
 .text._system_dummy_init
                0x00008920        0xa src/ASF/sam0/drivers/system/system.o
                0x00008920                _system_extint_init
                0x00008920                _system_events_init
                0x00008920                _system_dummy_init
                0x00008920                _system_divas_init
 *fill*         0x0000892a        0x2 
 .text.system_init
                0x0000892c       0x34 src/ASF/sam0/drivers/system/system.o
                0x0000892c                system_init
 .text.nvm_get_config_defaults
                0x00008960       0x3c src/ASF/sam0/services/eeprom/emulator/main_array/eeprom.o
 .text._eeprom_emulator_nvm_erase_row
                0x0000899c       0x48 src/ASF/sam0/services/eeprom/emulator/main_array/eeprom.o
 .text._eeprom_emulator_nvm_fill_cache
                0x000089e4       0x50 src/ASF/sam0/services/eeprom/emulator/main_array/eeprom.o
 .text._eeprom_emulator_nvm_commit_cache
                0x00008a34       0x4c src/ASF/sam0/services/eeprom/emulator/main_array/eeprom.o
 .text._eeprom_emulator_nvm_read_page
                0x00008a80       0x50 src/ASF/sam0/services/eeprom/emulator/main_array/eeprom.o
 .text._eeprom_emulator_format_memory
                0x00008ad0       0xec src/ASF/sam0/services/eeprom/emulator/main_array/eeprom.o
 .text._eeprom_emulator_update_page_mapping
                0x00008bbc      0x14c src/ASF/sam0/services/eeprom/emulator/main_array/eeprom.o
 .text._eeprom_emulator_is_page_free_on_row
                0x00008d08       0x98 src/ASF/sam0/services/eeprom/emulator/main_array/eeprom.o
 .text._eeprom_emulator_move_data_to_spare
                0x00008da0      0x1e0 src/ASF/sam0/services/eeprom/emulator/main_array/eeprom.o
 .text._eeprom_emulator_create_master_page
                0x00008f80       0xc8 src/ASF/sam0/services/eeprom/emulator/main_array/eeprom.o
 .text._eeprom_emulator_verify_master_page
                0x00009048       0xa0 src/ASF/sam0/services/eeprom/emulator/main_array/eeprom.o
 .text.eeprom_emulator_init
                0x000090e8       0xe8 src/ASF/sam0/services/eeprom/emulator/main_array/eeprom.o
                0x000090e8                eeprom_emulator_init
 .text.eeprom_emulator_erase_memory
                0x000091d0       0x24 src/ASF/sam0/services/eeprom/emulator/main_array/eeprom.o
                0x000091d0                eeprom_emulator_erase_memory
 .text.eeprom_emulator_write_page
                0x000091f4      0x10c src/ASF/sam0/services/eeprom/emulator/main_array/eeprom.o
                0x000091f4                eeprom_emulator_write_page
 .text.eeprom_emulator_read_page
                0x00009300       0x9c src/ASF/sam0/services/eeprom/emulator/main_array/eeprom.o
                0x00009300                eeprom_emulator_read_page
 .text.eeprom_emulator_commit_page_buffer
                0x0000939c       0x58 src/ASF/sam0/services/eeprom/emulator/main_array/eeprom.o
                0x0000939c                eeprom_emulator_commit_page_buffer
 .text.Reset_Handler
                0x000093f4       0xf8 src/ASF/sam0/utils/cmsis/samd21/source/gcc/startup_samd21.o
                0x000093f4                Reset_Handler
 .text.Dummy_Handler
                0x000094ec        0x6 src/ASF/sam0/utils/cmsis/samd21/source/gcc/startup_samd21.o
                0x000094ec                HardFault_Handler
                0x000094ec                AC_Handler
                0x000094ec                SysTick_Handler
                0x000094ec                PendSV_Handler
                0x000094ec                NMI_Handler
                0x000094ec                ADC_Handler
                0x000094ec                RTC_Handler
                0x000094ec                EIC_Handler
                0x000094ec                WDT_Handler
                0x000094ec                USB_Handler
                0x000094ec                Dummy_Handler
                0x000094ec                PM_Handler
                0x000094ec                SVC_Handler
                0x000094ec                EVSYS_Handler
                0x000094ec                I2S_Handler
                0x000094ec                NVMCTRL_Handler
                0x000094ec                DAC_Handler
                0x000094ec                PTC_Handler
                0x000094ec                SYSCTRL_Handler
 *fill*         0x000094f2        0x2 
 .text._sbrk    0x000094f4       0x3c src/ASF/sam0/utils/syscalls/gcc/syscalls.o
                0x000094f4                _sbrk
 .text.NVIC_SystemReset
                0x00009530       0x1c src/main.o
 .text.system_pinmux_get_group_from_gpio_pin
                0x0000954c       0x60 src/main.o
 .text.adc_is_syncing
                0x000095ac       0x28 src/main.o
 .text.adc_get_status
                0x000095d4       0x54 src/main.o
 .text.adc_clear_status
                0x00009628       0x54 src/main.o
 .text.adc_enable
                0x0000967c       0x48 src/main.o
 .text.adc_start_conversion
                0x000096c4       0x48 src/main.o
 .text.adc_read
                0x0000970c       0x7c src/main.o
 .text.port_get_group_from_gpio_pin
                0x00009788       0x24 src/main.o
 .text.port_get_config_defaults
                0x000097ac       0x22 src/main.o
 *fill*         0x000097ce        0x2 
 .text.port_pin_get_input_level
                0x000097d0       0x44 src/main.o
 .text.port_pin_set_output_level
                0x00009814       0x54 src/main.o
 .text.system_interrupt_enable
                0x00009868       0x2c src/main.o
 .text.system_interrupt_disable
                0x00009894       0x30 src/main.o
 .text.i2c_master_is_syncing
                0x000098c4       0x24 src/main.o
 .text._i2c_master_wait_for_sync
                0x000098e8       0x24 src/main.o
 .text.i2c_master_get_config_defaults
                0x0000990c       0x84 src/main.o
 .text.i2c_master_enable
                0x00009990       0x74 src/main.o
 .text.i2c_slave_is_syncing
                0x00009a04       0x24 src/main.o
 .text._i2c_slave_wait_for_sync
                0x00009a28       0x24 src/main.o
 .text.i2c_slave_get_config_defaults
                0x00009a4c       0x80 src/main.o
 .text.i2c_slave_enable
                0x00009acc       0x48 src/main.o
 .text.i2c_slave_enable_callback
                0x00009b14       0x54 src/main.o
 .text.spi_is_syncing
                0x00009b68       0x20 src/main.o
 .text.spi_get_config_defaults
                0x00009b88       0x84 src/main.o
 .text.spi_enable
                0x00009c0c       0x50 src/main.o
 .text.usart_is_syncing
                0x00009c5c       0x20 src/main.o
 .text._usart_wait_for_sync
                0x00009c7c       0x24 src/main.o
 .text.usart_get_config_defaults
                0x00009ca0       0xbe src/main.o
 *fill*         0x00009d5e        0x2 
 .text.usart_enable
                0x00009d60       0x48 src/main.o
 .text.usart_disable
                0x00009da8       0x4c src/main.o
 .text.tc_is_syncing
                0x00009df4       0x28 src/main.o
 .text.tc_get_config_defaults
                0x00009e1c       0x88 src/main.o
 .text.tc_enable
                0x00009ea4       0x38 src/main.o
 .text.tcc_enable
                0x00009edc       0x2e src/main.o
 *fill*         0x00009f0a        0x2 
 .text.configure_tc
                0x00009f0c       0x58 src/main.o
                0x00009f0c                configure_tc
 .text.millis   0x00009f64       0x30 src/main.o
                0x00009f64                millis
 .text.check_time
                0x00009f94       0x28 src/main.o
                0x00009f94                check_time
 .text.configure_APA_SPI
                0x00009fbc      0x188 src/main.o
                0x00009fbc                configure_APA_SPI
 .text.set_left_gnd
                0x0000a144       0x18 src/main.o
                0x0000a144                set_left_gnd
 .text.set_right_gnd
                0x0000a15c       0x18 src/main.o
                0x0000a15c                set_right_gnd
 .text.L_APA_write
                0x0000a174       0x70 src/main.o
                0x0000a174                L_APA_write
 .text.R_APA_write
                0x0000a1e4       0x70 src/main.o
                0x0000a1e4                R_APA_write
 .text.configure_LED_PWM
                0x0000a254      0x1b0 src/main.o
                0x0000a254                configure_LED_PWM
 .text.setLeftRGB
                0x0000a404       0x7c src/main.o
                0x0000a404                setLeftRGB
 .text.setRightRGB
                0x0000a480       0x74 src/main.o
                0x0000a480                setRightRGB
 .text.setWhite
                0x0000a4f4       0x38 src/main.o
                0x0000a4f4                setWhite
 .text.setRed   0x0000a52c       0x38 src/main.o
                0x0000a52c                setRed
 .text.setAux   0x0000a564       0x38 src/main.o
                0x0000a564                setAux
 .text.setCycleColor
                0x0000a59c      0x110 src/main.o
                0x0000a59c                setCycleColor
 .text.setConstBases
                0x0000a6ac       0xa8 src/main.o
                0x0000a6ac                setConstBases
 .text.ERROR_LEDs
                0x0000a754      0x284 src/main.o
                0x0000a754                ERROR_LEDs
 .text.TurnSignal
                0x0000a9d8       0xd0 src/main.o
                0x0000a9d8                TurnSignal
 .text.BlinkTail
                0x0000aaa8      0x114 src/main.o
                0x0000aaa8                BlinkTail
 .text.AnalogSideLights
                0x0000abbc     0x1734 src/main.o
                0x0000abbc                AnalogSideLights
 .text.DigitalSideLights
                0x0000c2f0     0x105c src/main.o
                0x0000c2f0                DigitalSideLights
 .text.BrakeLight
                0x0000d34c      0x900 src/main.o
                0x0000d34c                BrakeLight
 .text.HeadLight
                0x0000dc4c       0x3c src/main.o
                0x0000dc4c                HeadLight
 .text.lightControlSide
                0x0000dc88        0xc src/main.o
                0x0000dc88                lightControlSide
 .text.lightControlHead
                0x0000dc94        0xc src/main.o
                0x0000dc94                lightControlHead
 .text.sensorControl
                0x0000dca0      0x1c8 src/main.o
                0x0000dca0                sensorControl
 .text.getLightSens
                0x0000de68       0x6c src/main.o
                0x0000de68                getLightSens
 .text.setDigitalHue
                0x0000ded4      0x354 src/main.o
                0x0000ded4                setDigitalHue
 .text.setDigitalLEDHue
                0x0000e228      0x2a0 src/main.o
                0x0000e228                setDigitalLEDHue
 .text.initIMU  0x0000e4c8      0x120 src/main.o
                0x0000e4c8                initIMU
 .text.beginIMU
                0x0000e5e8       0xa4 src/main.o
                0x0000e5e8                beginIMU
 .text.initGyro
                0x0000e68c      0x160 src/main.o
                0x0000e68c                initGyro
 .text.initAccel
                0x0000e7ec      0x12c src/main.o
                0x0000e7ec                initAccel
 .text.calibrate
                0x0000e918      0x24c src/main.o
                0x0000e918                calibrate
 .text.readAccel
                0x0000eb64       0xcc src/main.o
                0x0000eb64                readAccel
 .text.readGyro
                0x0000ec30       0xcc src/main.o
                0x0000ec30                readGyro
 .text.calcGyro
                0x0000ecfc       0x38 src/main.o
                0x0000ecfc                calcGyro
 .text.calcAccel
                0x0000ed34       0x38 src/main.o
                0x0000ed34                calcAccel
 .text.calcgRes
                0x0000ed6c       0x38 src/main.o
                0x0000ed6c                calcgRes
 .text.calcaRes
                0x0000eda4       0x38 src/main.o
                0x0000eda4                calcaRes
 .text.calcmRes
                0x0000eddc       0x5c src/main.o
                0x0000eddc                calcmRes
 .text.setFIFO  0x0000ee38       0x94 src/main.o
                0x0000ee38                setFIFO
 .text.constrainScales
                0x0000eecc       0x8c src/main.o
                0x0000eecc                constrainScales
 .text.xgWriteByte
                0x0000ef58       0x34 src/main.o
                0x0000ef58                xgWriteByte
 .text.xgReadByte
                0x0000ef8c       0x30 src/main.o
                0x0000ef8c                xgReadByte
 .text.xgReadBytes
                0x0000efbc       0x3c src/main.o
                0x0000efbc                xgReadBytes
 .text.initI2C  0x0000eff8       0x60 src/main.o
                0x0000eff8                initI2C
 .text.writeByte
                0x0000f058       0xa8 src/main.o
                0x0000f058                writeByte
 .text.readByte
                0x0000f100       0xd0 src/main.o
                0x0000f100                readByte
 .text.readBytes
                0x0000f1d0      0x120 src/main.o
                0x0000f1d0                readBytes
 .text.CorrectIMUvalues
                0x0000f2f0      0xb94 src/main.o
                0x0000f2f0                CorrectIMUvalues
 .text.calculate_heading
                0x0000fe84      0x160 src/main.o
                0x0000fe84                calculate_heading
 .text.update_kalman_limits
                0x0000ffe4      0x1a0 src/main.o
                0x0000ffe4                update_kalman_limits
 .text.averageAX
                0x00010184       0x7c src/main.o
                0x00010184                averageAX
 .text.averageAY
                0x00010200       0x7c src/main.o
                0x00010200                averageAY
 .text.averageAZ
                0x0001027c       0x7c src/main.o
                0x0001027c                averageAZ
 .text.averageGX
                0x000102f8       0xa8 src/main.o
                0x000102f8                averageGX
 .text.averageGY
                0x000103a0       0xa8 src/main.o
                0x000103a0                averageGY
 .text.averageGZ
                0x00010448       0xa8 src/main.o
                0x00010448                averageGZ
 .text.initKalman
                0x000104f0       0xd8 src/main.o
                0x000104f0                initKalman
 .text.updateKalman
                0x000105c8      0x1dc src/main.o
                0x000105c8                updateKalman
 .text.crc16    0x000107a4       0x84 src/main.o
                0x000107a4                crc16
 .text.configure_vesc_usart
                0x00010828       0xe8 src/main.o
                0x00010828                configure_vesc_usart
 .text.send_packet
                0x00010910      0x15c src/main.o
                0x00010910                send_packet
 .text.process_recieved_packet
                0x00010a6c      0xd18 src/main.o
                0x00010a6c                process_recieved_packet
 .text.buffer_get_float32_auto
                0x00011784      0x110 src/main.o
                0x00011784                buffer_get_float32_auto
 .text.vesc_get_fw_version
                0x00011894       0xd8 src/main.o
                0x00011894                vesc_get_fw_version
 .text.vesc_get_vals
                0x0001196c       0xd8 src/main.o
                0x0001196c                vesc_get_vals
 .text.vesc_get_mcconf
                0x00011a44       0xd8 src/main.o
                0x00011a44                vesc_get_mcconf
 .text.vesc_get_pwm
                0x00011b1c       0xe8 src/main.o
                0x00011b1c                vesc_get_pwm
 .text.vesc_get_chuck
                0x00011c04       0xd8 src/main.o
                0x00011c04                vesc_get_chuck
 .text.vesc_set_chuck
                0x00011cdc      0x1bc src/main.o
                0x00011cdc                vesc_set_chuck
 .text.vesc_read_all
                0x00011e98      0x1c0 src/main.o
                0x00011e98                vesc_read_all
 .text.detect_vesc_firmware
                0x00012058      0x3c4 src/main.o
                0x00012058                detect_vesc_firmware
 .text.CHECK_BUFFER
                0x0001241c       0x5c src/main.o
                0x0001241c                CHECK_BUFFER
 .text.read_vesc_packet
                0x00012478      0x1dc src/main.o
                0x00012478                read_vesc_packet
 .text.detect_esc_baud_pins
                0x00012654      0x184 src/main.o
                0x00012654                detect_esc_baud_pins
 .text.CHECK_FOR_NOISE
                0x000127d8       0x88 src/main.o
                0x000127d8                CHECK_FOR_NOISE
 .text.config_eic_channel
                0x00012860       0xe0 src/main.o
                0x00012860                config_eic_channel
 .text.config_eic
                0x00012940       0x78 src/main.o
                0x00012940                config_eic
 .text.config_evsys
                0x000129b8       0x78 src/main.o
                0x000129b8                config_evsys
 .text.gpio_in  0x00012a30       0x5c src/main.o
                0x00012a30                gpio_in
 .text.gpio_pmuxen
                0x00012a8c       0xb0 src/main.o
                0x00012a8c                gpio_pmuxen
 .text.config_gpio
                0x00012b3c       0x28 src/main.o
                0x00012b3c                config_gpio
 .text.get_pulse_width
                0x00012b64       0x18 src/main.o
                0x00012b64                get_pulse_width
 .text.HandleUserInput
                0x00012b7c      0x9a4 src/main.o
                0x00012b7c                HandleUserInput
 .text.HandleAppRemote
                0x00013520      0x100 src/main.o
                0x00013520                HandleAppRemote
 .text.save_led_data
                0x00013620      0x390 src/main.o
                0x00013620                save_led_data
 .text.restore_led_data
                0x000139b0      0x660 src/main.o
                0x000139b0                restore_led_data
 .text.save_cal_data
                0x00014010      0x138 src/main.o
                0x00014010                save_cal_data
 .text.restore_cal_data
                0x00014148      0x1b8 src/main.o
                0x00014148                restore_cal_data
 .text.save_orientation_controls_remote_esc_lights
                0x00014300      0x1e8 src/main.o
                0x00014300                save_orientation_controls_remote_esc_lights
 .text.restore_orientation_controls_remote_esc_lights
                0x000144e8      0x2b4 src/main.o
                0x000144e8                restore_orientation_controls_remote_esc_lights
 .text.configure_ble_usart
                0x0001479c       0x88 src/main.o
                0x0001479c                configure_ble_usart
 .text.configure_BLE_module
                0x00014824      0x298 src/main.o
                0x00014824                configure_BLE_module
 .text.check_ble_AT_recieved
                0x00014abc       0x2c src/main.o
                0x00014abc                check_ble_AT_recieved
 .text.check_ble_packet_recieved
                0x00014ae8       0x34 src/main.o
                0x00014ae8                check_ble_packet_recieved
 .text.process_ble_packet
                0x00014b1c     0x1010 src/main.o
                0x00014b1c                process_ble_packet
 .text.read_ble_packet
                0x00015b2c      0x158 src/main.o
                0x00015b2c                read_ble_packet
 .text.configure_ADC
                0x00015c84       0x90 src/main.o
                0x00015c84                configure_ADC
 .text.configure_port_pins
                0x00015d14       0xf4 src/main.o
                0x00015d14                configure_port_pins
 .text.configure_i2c_slave
                0x00015e08       0x64 src/main.o
                0x00015e08                configure_i2c_slave
 .text.i2c_write_request_callback
                0x00015e6c      0x2fc src/main.o
                0x00015e6c                i2c_write_request_callback
 .text.i2c_read_request_callback
                0x00016168       0x68 src/main.o
                0x00016168                i2c_read_request_callback
 .text.configure_i2c_slave_callbacks
                0x000161d0       0x4c src/main.o
                0x000161d0                configure_i2c_slave_callbacks
 .text.configure_eeprom
                0x0001621c       0x3c src/main.o
                0x0001621c                configure_eeprom
 .text.main     0x00016258     0x1cbc src/main.o
                0x00016258                main
 .text.ldexpf   0x00017f14       0x48 c:/disks/atmel/studio/7.0/toolchain/arm/arm-gnu-toolchain/bin/../lib/gcc/arm-none-eabi/6.3.1/../../../../arm-none-eabi/lib/thumb/v6-m\libm.a(lib_a-sf_ldexp.o)
                0x00017f14                ldexpf
 .text.scalbnf  0x00017f5c       0xc8 c:/disks/atmel/studio/7.0/toolchain/arm/arm-gnu-toolchain/bin/../lib/gcc/arm-none-eabi/6.3.1/../../../../arm-none-eabi/lib/thumb/v6-m\libm.a(lib_a-sf_scalbn.o)
                0x00017f5c                scalbnf
 .text.copysignf
                0x00018024        0xc c:/disks/atmel/studio/7.0/toolchain/arm/arm-gnu-toolchain/bin/../lib/gcc/arm-none-eabi/6.3.1/../../../../arm-none-eabi/lib/thumb/v6-m\libm.a(lib_a-sf_copysign.o)
                0x00018024                copysignf
 .text.finitef  0x00018030       0x14 c:/disks/atmel/studio/7.0/toolchain/arm/arm-gnu-toolchain/bin/../lib/gcc/arm-none-eabi/6.3.1/../../../../arm-none-eabi/lib/thumb/v6-m\libm.a(lib_a-sf_finite.o)
                0x00018030                finitef
 .text          0x00018044      0x114 c:/disks/atmel/studio/7.0/toolchain/arm/arm-gnu-toolchain/bin/../lib/gcc/arm-none-eabi/6.3.1/thumb/v6-m\libgcc.a(_udivsi3.o)
                0x00018044                __aeabi_uidiv
                0x00018044                __udivsi3
                0x00018150                __aeabi_uidivmod
 .text          0x00018158      0x1d4 c:/disks/atmel/studio/7.0/toolchain/arm/arm-gnu-toolchain/bin/../lib/gcc/arm-none-eabi/6.3.1/thumb/v6-m\libgcc.a(_divsi3.o)
                0x00018158                __divsi3
                0x00018158                __aeabi_idiv
                0x00018324                __aeabi_idivmod
 .text          0x0001832c        0x4 c:/disks/atmel/studio/7.0/toolchain/arm/arm-gnu-toolchain/bin/../lib/gcc/arm-none-eabi/6.3.1/thumb/v6-m\libgcc.a(_dvmd_tls.o)
                0x0001832c                __aeabi_idiv0
                0x0001832c                __aeabi_ldiv0
 .text          0x00018330       0x7c c:/disks/atmel/studio/7.0/toolchain/arm/arm-gnu-toolchain/bin/../lib/gcc/arm-none-eabi/6.3.1/thumb/v6-m\libgcc.a(_arm_cmpdf2.o)
                0x00018330                __aeabi_cdrcmple
                0x00018340                __aeabi_cdcmple
                0x00018340                __aeabi_cdcmpeq
                0x00018350                __aeabi_dcmpeq
                0x0001835c                __aeabi_dcmplt
                0x00018370                __aeabi_dcmple
                0x00018384                __aeabi_dcmpgt
                0x00018398                __aeabi_dcmpge
 .text          0x000183ac       0x74 c:/disks/atmel/studio/7.0/toolchain/arm/arm-gnu-toolchain/bin/../lib/gcc/arm-none-eabi/6.3.1/thumb/v6-m\libgcc.a(_arm_cmpsf2.o)
                0x000183ac                __aeabi_cfrcmple
                0x000183b4                __aeabi_cfcmpeq
                0x000183b4                __aeabi_cfcmple
                0x000183c4                __aeabi_fcmpeq
                0x000183d0                __aeabi_fcmplt
                0x000183e4                __aeabi_fcmple
                0x000183f8                __aeabi_fcmpgt
                0x0001840c                __aeabi_fcmpge
 .text          0x00018420       0x54 c:/disks/atmel/studio/7.0/toolchain/arm/arm-gnu-toolchain/bin/../lib/gcc/arm-none-eabi/6.3.1/thumb/v6-m\libgcc.a(_muldi3.o)
                0x00018420                __muldi3
                0x00018420                __aeabi_lmul
 .text          0x00018474       0x30 c:/disks/atmel/studio/7.0/toolchain/arm/arm-gnu-toolchain/bin/../lib/gcc/arm-none-eabi/6.3.1/thumb/v6-m\libgcc.a(_fixunssfsi.o)
                0x00018474                __fixunssfsi
                0x00018474                __aeabi_f2uiz
 .text          0x000184a4       0x3c c:/disks/atmel/studio/7.0/toolchain/arm/arm-gnu-toolchain/bin/../lib/gcc/arm-none-eabi/6.3.1/thumb/v6-m\libgcc.a(_fixunsdfsi.o)
                0x000184a4                __aeabi_d2uiz
                0x000184a4                __fixunsdfsi
 .text          0x000184e0      0x324 c:/disks/atmel/studio/7.0/toolchain/arm/arm-gnu-toolchain/bin/../lib/gcc/arm-none-eabi/6.3.1/thumb/v6-m\libgcc.a(addsf3.o)
                0x000184e0                __aeabi_fadd
 .text          0x00018804      0x290 c:/disks/atmel/studio/7.0/toolchain/arm/arm-gnu-toolchain/bin/../lib/gcc/arm-none-eabi/6.3.1/thumb/v6-m\libgcc.a(divsf3.o)
                0x00018804                __aeabi_fdiv
 .text          0x00018a94       0x4c c:/disks/atmel/studio/7.0/toolchain/arm/arm-gnu-toolchain/bin/../lib/gcc/arm-none-eabi/6.3.1/thumb/v6-m\libgcc.a(eqsf2.o)
                0x00018a94                __eqsf2
                0x00018a94                __nesf2
 .text          0x00018ae0       0x80 c:/disks/atmel/studio/7.0/toolchain/arm/arm-gnu-toolchain/bin/../lib/gcc/arm-none-eabi/6.3.1/thumb/v6-m\libgcc.a(gesf2.o)
                0x00018ae0                __gesf2
                0x00018ae0                __gtsf2
 .text          0x00018b60       0x84 c:/disks/atmel/studio/7.0/toolchain/arm/arm-gnu-toolchain/bin/../lib/gcc/arm-none-eabi/6.3.1/thumb/v6-m\libgcc.a(lesf2.o)
                0x00018b60                __ltsf2
                0x00018b60                __lesf2
 .text          0x00018be4      0x240 c:/disks/atmel/studio/7.0/toolchain/arm/arm-gnu-toolchain/bin/../lib/gcc/arm-none-eabi/6.3.1/thumb/v6-m\libgcc.a(mulsf3.o)
                0x00018be4                __aeabi_fmul
 .text          0x00018e24      0x338 c:/disks/atmel/studio/7.0/toolchain/arm/arm-gnu-toolchain/bin/../lib/gcc/arm-none-eabi/6.3.1/thumb/v6-m\libgcc.a(subsf3.o)
                0x00018e24                __aeabi_fsub
 .text          0x0001915c       0x40 c:/disks/atmel/studio/7.0/toolchain/arm/arm-gnu-toolchain/bin/../lib/gcc/arm-none-eabi/6.3.1/thumb/v6-m\libgcc.a(fixsfsi.o)
                0x0001915c                __aeabi_f2iz
 .text          0x0001919c       0xa0 c:/disks/atmel/studio/7.0/toolchain/arm/arm-gnu-toolchain/bin/../lib/gcc/arm-none-eabi/6.3.1/thumb/v6-m\libgcc.a(floatsisf.o)
                0x0001919c                __aeabi_i2f
 .text          0x0001923c       0x8c c:/disks/atmel/studio/7.0/toolchain/arm/arm-gnu-toolchain/bin/../lib/gcc/arm-none-eabi/6.3.1/thumb/v6-m\libgcc.a(floatunsisf.o)
                0x0001923c                __aeabi_ui2f
 .text          0x000192c8      0x620 c:/disks/atmel/studio/7.0/toolchain/arm/arm-gnu-toolchain/bin/../lib/gcc/arm-none-eabi/6.3.1/thumb/v6-m\libgcc.a(adddf3.o)
                0x000192c8                __aeabi_dadd
 .text          0x000198e8      0x668 c:/disks/atmel/studio/7.0/toolchain/arm/arm-gnu-toolchain/bin/../lib/gcc/arm-none-eabi/6.3.1/thumb/v6-m\libgcc.a(divdf3.o)
                0x000198e8                __aeabi_ddiv
 .text          0x00019f50       0x74 c:/disks/atmel/studio/7.0/toolchain/arm/arm-gnu-toolchain/bin/../lib/gcc/arm-none-eabi/6.3.1/thumb/v6-m\libgcc.a(eqdf2.o)
                0x00019f50                __nedf2
                0x00019f50                __eqdf2
 .text          0x00019fc4       0xc8 c:/disks/atmel/studio/7.0/toolchain/arm/arm-gnu-toolchain/bin/../lib/gcc/arm-none-eabi/6.3.1/thumb/v6-m\libgcc.a(gedf2.o)
                0x00019fc4                __gedf2
                0x00019fc4                __gtdf2
 .text          0x0001a08c       0xc4 c:/disks/atmel/studio/7.0/toolchain/arm/arm-gnu-toolchain/bin/../lib/gcc/arm-none-eabi/6.3.1/thumb/v6-m\libgcc.a(ledf2.o)
                0x0001a08c                __ledf2
                0x0001a08c                __ltdf2
 .text          0x0001a150      0x500 c:/disks/atmel/studio/7.0/toolchain/arm/arm-gnu-toolchain/bin/../lib/gcc/arm-none-eabi/6.3.1/thumb/v6-m\libgcc.a(muldf3.o)
                0x0001a150                __aeabi_dmul
 .text          0x0001a650      0x62c c:/disks/atmel/studio/7.0/toolchain/arm/arm-gnu-toolchain/bin/../lib/gcc/arm-none-eabi/6.3.1/thumb/v6-m\libgcc.a(subdf3.o)
                0x0001a650                __aeabi_dsub
 .text          0x0001ac7c       0x68 c:/disks/atmel/studio/7.0/toolchain/arm/arm-gnu-toolchain/bin/../lib/gcc/arm-none-eabi/6.3.1/thumb/v6-m\libgcc.a(fixdfsi.o)
                0x0001ac7c                __aeabi_d2iz
 .text          0x0001ace4       0x84 c:/disks/atmel/studio/7.0/toolchain/arm/arm-gnu-toolchain/bin/../lib/gcc/arm-none-eabi/6.3.1/thumb/v6-m\libgcc.a(floatsidf.o)
                0x0001ace4                __aeabi_i2d
 .text          0x0001ad68       0x70 c:/disks/atmel/studio/7.0/toolchain/arm/arm-gnu-toolchain/bin/../lib/gcc/arm-none-eabi/6.3.1/thumb/v6-m\libgcc.a(floatunsidf.o)
                0x0001ad68                __aeabi_ui2d
 .text          0x0001add8       0xa4 c:/disks/atmel/studio/7.0/toolchain/arm/arm-gnu-toolchain/bin/../lib/gcc/arm-none-eabi/6.3.1/thumb/v6-m\libgcc.a(extendsfdf2.o)
                0x0001add8                __aeabi_f2d
 .text          0x0001ae7c      0x114 c:/disks/atmel/studio/7.0/toolchain/arm/arm-gnu-toolchain/bin/../lib/gcc/arm-none-eabi/6.3.1/thumb/v6-m\libgcc.a(truncdfsf2.o)
                0x0001ae7c                __aeabi_d2f
 .text          0x0001af90       0x3c c:/disks/atmel/studio/7.0/toolchain/arm/arm-gnu-toolchain/bin/../lib/gcc/arm-none-eabi/6.3.1/thumb/v6-m\libgcc.a(_clzsi2.o)
                0x0001af90                __clzsi2
 .text.__errno  0x0001afcc        0xc c:/disks/atmel/studio/7.0/toolchain/arm/arm-gnu-toolchain/bin/../lib/gcc/arm-none-eabi/6.3.1/../../../../arm-none-eabi/lib/thumb/v6-m\libc_nano.a(lib_a-errno.o)
                0x0001afcc                __errno
 .text.__libc_init_array
                0x0001afd8       0x48 c:/disks/atmel/studio/7.0/toolchain/arm/arm-gnu-toolchain/bin/../lib/gcc/arm-none-eabi/6.3.1/../../../../arm-none-eabi/lib/thumb/v6-m\libc_nano.a(lib_a-init.o)
                0x0001afd8                __libc_init_array
 .text.memcpy   0x0001b020       0x12 c:/disks/atmel/studio/7.0/toolchain/arm/arm-gnu-toolchain/bin/../lib/gcc/arm-none-eabi/6.3.1/../../../../arm-none-eabi/lib/thumb/v6-m\libc_nano.a(lib_a-memcpy-stub.o)
                0x0001b020                memcpy
 .text.memmove  0x0001b032       0x24 c:/disks/atmel/studio/7.0/toolchain/arm/arm-gnu-toolchain/bin/../lib/gcc/arm-none-eabi/6.3.1/../../../../arm-none-eabi/lib/thumb/v6-m\libc_nano.a(lib_a-memmove.o)
                0x0001b032                memmove
 .text.memset   0x0001b056       0x10 c:/disks/atmel/studio/7.0/toolchain/arm/arm-gnu-toolchain/bin/../lib/gcc/arm-none-eabi/6.3.1/../../../../arm-none-eabi/lib/thumb/v6-m\libc_nano.a(lib_a-memset.o)
                0x0001b056                memset
 *fill*         0x0001b066        0x2 
 .text.rand     0x0001b068       0x78 c:/disks/atmel/studio/7.0/toolchain/arm/arm-gnu-toolchain/bin/../lib/gcc/arm-none-eabi/6.3.1/../../../../arm-none-eabi/lib/thumb/v6-m\libc_nano.a(lib_a-rand.o)
                0x0001b068                rand
 .text.malloc   0x0001b0e0       0x14 c:/disks/atmel/studio/7.0/toolchain/arm/arm-gnu-toolchain/bin/../lib/gcc/arm-none-eabi/6.3.1/../../../../arm-none-eabi/lib/thumb/v6-m\libc_nano.a(lib_a-malloc.o)
                0x0001b0e0                malloc
 .text._malloc_r
                0x0001b0f4       0xbc c:/disks/atmel/studio/7.0/toolchain/arm/arm-gnu-toolchain/bin/../lib/gcc/arm-none-eabi/6.3.1/../../../../arm-none-eabi/lib/thumb/v6-m\libc_nano.a(lib_a-nano-mallocr.o)
                0x0001b0f4                _malloc_r
 .text._sbrk_r  0x0001b1b0       0x24 c:/disks/atmel/studio/7.0/toolchain/arm/arm-gnu-toolchain/bin/../lib/gcc/arm-none-eabi/6.3.1/../../../../arm-none-eabi/lib/thumb/v6-m\libc_nano.a(lib_a-sbrkr.o)
                0x0001b1b0                _sbrk_r
 .text.__malloc_lock
                0x0001b1d4        0x2 c:/disks/atmel/studio/7.0/toolchain/arm/arm-gnu-toolchain/bin/../lib/gcc/arm-none-eabi/6.3.1/../../../../arm-none-eabi/lib/thumb/v6-m\libc_nano.a(lib_a-mlock.o)
                0x0001b1d4                __malloc_lock
 .text.__malloc_unlock
                0x0001b1d6        0x2 c:/disks/atmel/studio/7.0/toolchain/arm/arm-gnu-toolchain/bin/../lib/gcc/arm-none-eabi/6.3.1/../../../../arm-none-eabi/lib/thumb/v6-m\libc_nano.a(lib_a-mlock.o)
                0x0001b1d6                __malloc_unlock
 *(.glue_7t)
 .glue_7t       0x0001b1d8        0x0 linker stubs
 *(.glue_7)
 .glue_7        0x0001b1d8        0x0 linker stubs
 *(.rodata .rodata* .gnu.linkonce.r.*)
 .rodata        0x0001b1d8       0x50 src/ASF/sam0/drivers/adc/adc_sam_d_r/adc.o
 .rodata._adc_set_config
                0x0001b228       0xd4 src/ASF/sam0/drivers/adc/adc_sam_d_r/adc.o
 .rodata.nvm_execute_command
                0x0001b2fc      0x118 src/ASF/sam0/drivers/nvm/nvm.o
 .rodata._tcc_intflag
                0x0001b414       0x30 src/ASF/sam0/drivers/tcc/tcc_callback.o
                0x0001b414                _tcc_intflag
 .rodata.tcc_modules
                0x0001b444        0xc src/ASF/sam0/drivers/tcc/tcc.o
                0x0001b444                tcc_modules
 .rodata._tcc_gclk_ids
                0x0001b450        0x3 src/ASF/sam0/drivers/tcc/tcc.o
                0x0001b450                _tcc_gclk_ids
 *fill*         0x0001b453        0x1 
 .rodata._tcc_apbcmasks
                0x0001b454        0xc src/ASF/sam0/drivers/tcc/tcc.o
                0x0001b454                _tcc_apbcmasks
 .rodata._tcc_maxs
                0x0001b460        0xc src/ASF/sam0/drivers/tcc/tcc.o
                0x0001b460                _tcc_maxs
 .rodata._tcc_cc_nums
                0x0001b46c        0x3 src/ASF/sam0/drivers/tcc/tcc.o
                0x0001b46c                _tcc_cc_nums
 *fill*         0x0001b46f        0x1 
 .rodata._tcc_ow_nums
                0x0001b470        0x3 src/ASF/sam0/drivers/tcc/tcc.o
                0x0001b470                _tcc_ow_nums
 *fill*         0x0001b473        0x1 
 .rodata        0x0001b474       0x16 src/ASF/sam0/drivers/tc/tc_sam_d_r/tc.o
 *fill*         0x0001b48a        0x2 
 .rodata        0x0001b48c       0x18 src/ASF/sam0/drivers/sercom/sercom.o
 .rodata        0x0001b4a4        0x6 src/ASF/sam0/drivers/sercom/sercom_interrupt.o
 *fill*         0x0001b4aa        0x2 
 .rodata.system_clock_source_get_hz
                0x0001b4ac       0x24 src/ASF/sam0/drivers/system/clock/clock_samd21_r21_da/clock.o
 .rodata.system_clock_source_enable
                0x0001b4d0       0x24 src/ASF/sam0/drivers/system/clock/clock_samd21_r21_da/clock.o
 .rodata        0x0001b4f4        0xc src/ASF/sam0/services/eeprom/emulator/main_array/eeprom.o
 .rodata.ERROR_LEDs
                0x0001b500       0x18 src/main.o
 .rodata.AnalogSideLights
                0x0001b518       0x70 src/main.o
 .rodata.DigitalSideLights
                0x0001b588       0x3c src/main.o
 .rodata.BrakeLight
                0x0001b5c4       0x18 src/main.o
 .rodata.crc16_tab
                0x0001b5dc      0x200 src/main.o
                0x0001b5dc                crc16_tab
 .rodata.vesc_read_all
                0x0001b7dc       0x14 src/main.o
 .rodata.HandleUserInput
                0x0001b7f0       0x34 src/main.o
 .rodata        0x0001b824       0xb6 src/main.o
 *fill*         0x0001b8da        0x2 
 .rodata.process_ble_packet
                0x0001b8dc      0x178 src/main.o
 .rodata        0x0001ba54       0x80 c:/disks/atmel/studio/7.0/toolchain/arm/arm-gnu-toolchain/bin/../lib/gcc/arm-none-eabi/6.3.1/thumb/v6-m\libgcc.a(divsf3.o)
 .rodata        0x0001bad4       0x40 c:/disks/atmel/studio/7.0/toolchain/arm/arm-gnu-toolchain/bin/../lib/gcc/arm-none-eabi/6.3.1/thumb/v6-m\libgcc.a(mulsf3.o)
 .rodata        0x0001bb14       0x40 c:/disks/atmel/studio/7.0/toolchain/arm/arm-gnu-toolchain/bin/../lib/gcc/arm-none-eabi/6.3.1/thumb/v6-m\libgcc.a(divdf3.o)
 .rodata        0x0001bb54       0x40 c:/disks/atmel/studio/7.0/toolchain/arm/arm-gnu-toolchain/bin/../lib/gcc/arm-none-eabi/6.3.1/thumb/v6-m\libgcc.a(muldf3.o)
 .rodata.__sf_fake_stderr
                0x0001bb94       0x20 c:/disks/atmel/studio/7.0/toolchain/arm/arm-gnu-toolchain/bin/../lib/gcc/arm-none-eabi/6.3.1/../../../../arm-none-eabi/lib/thumb/v6-m\libc_nano.a(lib_a-findfp.o)
                0x0001bb94                __sf_fake_stderr
 .rodata.__sf_fake_stdin
                0x0001bbb4       0x20 c:/disks/atmel/studio/7.0/toolchain/arm/arm-gnu-toolchain/bin/../lib/gcc/arm-none-eabi/6.3.1/../../../../arm-none-eabi/lib/thumb/v6-m\libc_nano.a(lib_a-findfp.o)
                0x0001bbb4                __sf_fake_stdin
 .rodata.__sf_fake_stdout
                0x0001bbd4       0x20 c:/disks/atmel/studio/7.0/toolchain/arm/arm-gnu-toolchain/bin/../lib/gcc/arm-none-eabi/6.3.1/../../../../arm-none-eabi/lib/thumb/v6-m\libc_nano.a(lib_a-findfp.o)
                0x0001bbd4                __sf_fake_stdout
 *(.ARM.extab* .gnu.linkonce.armextab.*)
                0x0001bbf4                . = ALIGN (0x4)
 *(.init)
 .init          0x0001bbf4        0x4 c:/disks/atmel/studio/7.0/toolchain/arm/arm-gnu-toolchain/bin/../lib/gcc/arm-none-eabi/6.3.1/thumb/v6-m/crti.o
                0x0001bbf4                _init
 .init          0x0001bbf8        0x8 c:/disks/atmel/studio/7.0/toolchain/arm/arm-gnu-toolchain/bin/../lib/gcc/arm-none-eabi/6.3.1/thumb/v6-m/crtn.o
                0x0001bc00                . = ALIGN (0x4)
                0x0001bc00                __preinit_array_start = .
 *(.preinit_array)
                0x0001bc00                __preinit_array_end = .
                0x0001bc00                . = ALIGN (0x4)
                0x0001bc00                __init_array_start = .
 *(SORT(.init_array.*))
 *(.init_array)
 .init_array    0x0001bc00        0x4 c:/disks/atmel/studio/7.0/toolchain/arm/arm-gnu-toolchain/bin/../lib/gcc/arm-none-eabi/6.3.1/thumb/v6-m/crtbegin.o
                0x0001bc04                __init_array_end = .
                0x0001bc04                . = ALIGN (0x4)
 *crtbegin.o(.ctors)
 *(EXCLUDE_FILE(*crtend.o) .ctors)
 *(SORT(.ctors.*))
 *crtend.o(.ctors)
                0x0001bc04                . = ALIGN (0x4)
 *(.fini)
 .fini          0x0001bc04        0x4 c:/disks/atmel/studio/7.0/toolchain/arm/arm-gnu-toolchain/bin/../lib/gcc/arm-none-eabi/6.3.1/thumb/v6-m/crti.o
                0x0001bc04                _fini
 .fini          0x0001bc08        0x8 c:/disks/atmel/studio/7.0/toolchain/arm/arm-gnu-toolchain/bin/../lib/gcc/arm-none-eabi/6.3.1/thumb/v6-m/crtn.o
                0x0001bc10                . = ALIGN (0x4)
                0x0001bc10                __fini_array_start = .
 *(.fini_array)
 .fini_array    0x0001bc10        0x4 c:/disks/atmel/studio/7.0/toolchain/arm/arm-gnu-toolchain/bin/../lib/gcc/arm-none-eabi/6.3.1/thumb/v6-m/crtbegin.o
 *(SORT(.fini_array.*))
                0x0001bc14                __fini_array_end = .
 *crtbegin.o(.dtors)
 *(EXCLUDE_FILE(*crtend.o) .dtors)
 *(SORT(.dtors.*))
 *crtend.o(.dtors)
                0x0001bc14                . = ALIGN (0x4)
                0x0001bc14                _efixed = .
                [!provide]                PROVIDE (__exidx_start, .)

.vfp11_veneer   0x0001bc14        0x0
 .vfp11_veneer  0x0001bc14        0x0 linker stubs

.v4_bx          0x0001bc14        0x0
 .v4_bx         0x0001bc14        0x0 linker stubs

.iplt           0x0001bc14        0x0
 .iplt          0x0001bc14        0x0 c:/disks/atmel/studio/7.0/toolchain/arm/arm-gnu-toolchain/bin/../lib/gcc/arm-none-eabi/6.3.1/thumb/v6-m/crtbegin.o

.eh_frame       0x0001bc14        0x0
 .eh_frame      0x0001bc14        0x0 c:/disks/atmel/studio/7.0/toolchain/arm/arm-gnu-toolchain/bin/../lib/gcc/arm-none-eabi/6.3.1/thumb/v6-m/crtbegin.o

.rel.dyn        0x0001bc14        0x0
 .rel.iplt      0x0001bc14        0x0 c:/disks/atmel/studio/7.0/toolchain/arm/arm-gnu-toolchain/bin/../lib/gcc/arm-none-eabi/6.3.1/thumb/v6-m/crtbegin.o

.jcr            0x0001bc14        0x0
 .jcr           0x0001bc14        0x0 c:/disks/atmel/studio/7.0/toolchain/arm/arm-gnu-toolchain/bin/../lib/gcc/arm-none-eabi/6.3.1/thumb/v6-m/crtbegin.o

.igot.plt       0x0001bc14        0x0
 .igot.plt      0x0001bc14        0x0 c:/disks/atmel/studio/7.0/toolchain/arm/arm-gnu-toolchain/bin/../lib/gcc/arm-none-eabi/6.3.1/thumb/v6-m/crtbegin.o

.ARM.exidx
 *(.ARM.exidx* .gnu.linkonce.armexidx.*)
                [!provide]                PROVIDE (__exidx_end, .)
                0x0001bc14                . = ALIGN (0x4)
                0x0001bc14                _etext = .

.relocate       0x20000000      0x174 load address 0x0001bc14
                0x20000000                . = ALIGN (0x4)
                0x20000000                _srelocate = .
 *(.ramfunc .ramfunc.*)
 *(.data .data.*)
 .data.g_interrupt_enabled
                0x20000000        0x1 src/ASF/common/utils/interrupt/interrupt_sam_nvic.o
                0x20000000                g_interrupt_enabled
 *fill*         0x20000001        0x1 
 .data.TTL_FW   0x20000002        0x2 src/main.o
                0x20000002                TTL_FW
 .data.kalmanAX_min
                0x20000004        0x4 src/main.o
                0x20000004                kalmanAX_min
 .data.kalmanAX_max
                0x20000008        0x4 src/main.o
                0x20000008                kalmanAX_max
 .data.kalmanAY_min
                0x2000000c        0x4 src/main.o
                0x2000000c                kalmanAY_min
 .data.kalmanAY_max
                0x20000010        0x4 src/main.o
                0x20000010                kalmanAY_max
 .data.kalmanAZ_min
                0x20000014        0x4 src/main.o
                0x20000014                kalmanAZ_min
 .data.kalmanAZ_max
                0x20000018        0x4 src/main.o
                0x20000018                kalmanAZ_max
 .data.kalmanGX_min
                0x2000001c        0x4 src/main.o
                0x2000001c                kalmanGX_min
 .data.kalmanGX_max
                0x20000020        0x4 src/main.o
                0x20000020                kalmanGX_max
 .data.kalmanGY_min
                0x20000024        0x4 src/main.o
                0x20000024                kalmanGY_min
 .data.kalmanGY_max
                0x20000028        0x4 src/main.o
                0x20000028                kalmanGY_max
 .data.kalmanGZ_min
                0x2000002c        0x4 src/main.o
                0x2000002c                kalmanGZ_min
 .data.kalmanGZ_max
                0x20000030        0x4 src/main.o
                0x20000030                kalmanGZ_max
 .data.light_mode
                0x20000034        0x1 src/main.o
                0x20000034                light_mode
 *fill*         0x20000035        0x3 
 .data.Static_RGB
                0x20000038        0xc src/main.o
                0x20000038                Static_RGB
 .data.RateSens
                0x20000044       0x24 src/main.o
                0x20000044                RateSens
 .data.Brightness
                0x20000068       0x24 src/main.o
                0x20000068                Brightness
 .data.ColorBase
                0x2000008c        0x9 src/main.o
                0x2000008c                ColorBase
 *fill*         0x20000095        0x3 
 .data.BrightBase
                0x20000098        0x9 src/main.o
                0x20000098                BrightBase
 *fill*         0x200000a1        0x3 
 .data.RateBase
                0x200000a4        0x9 src/main.o
                0x200000a4                RateBase
 .data.Digital_Static_Zoom
                0x200000ad        0x1 src/main.o
                0x200000ad                Digital_Static_Zoom
 .data.Digital_Static_Shift
                0x200000ae        0x1 src/main.o
                0x200000ae                Digital_Static_Shift
 .data.Digital_Static_Brightness
                0x200000af        0x1 src/main.o
                0x200000af                Digital_Static_Brightness
 .data.Digital_Skittles_Brightness
                0x200000b0        0x1 src/main.o
                0x200000b0                Digital_Skittles_Brightness
 .data.Digital_Cycle_Zoom
                0x200000b1        0x1 src/main.o
                0x200000b1                Digital_Cycle_Zoom
 .data.Digital_Cycle_Rate
                0x200000b2        0x1 src/main.o
                0x200000b2                Digital_Cycle_Rate
 .data.Digital_Cycle_Brightness
                0x200000b3        0x1 src/main.o
                0x200000b3                Digital_Cycle_Brightness
 .data.Digital_Compass_Brightness
                0x200000b4        0x1 src/main.o
                0x200000b4                Digital_Compass_Brightness
 .data.Digital_Throttle_Zoom
                0x200000b5        0x1 src/main.o
                0x200000b5                Digital_Throttle_Zoom
 .data.Digital_Throttle_Shift
                0x200000b6        0x1 src/main.o
                0x200000b6                Digital_Throttle_Shift
 .data.Digital_Throttle_Sens
                0x200000b7        0x1 src/main.o
                0x200000b7                Digital_Throttle_Sens
 .data.Digital_Throttle_Brightness
                0x200000b8        0x1 src/main.o
                0x200000b8                Digital_Throttle_Brightness
 .data.Digital_RPM_Zoom
                0x200000b9        0x1 src/main.o
                0x200000b9                Digital_RPM_Zoom
 .data.Digital_RPM_Rate
                0x200000ba        0x1 src/main.o
                0x200000ba                Digital_RPM_Rate
 .data.Digital_RPM_Brightness
                0x200000bb        0x1 src/main.o
                0x200000bb                Digital_RPM_Brightness
 .data.Custom_RGB
                0x200000bc        0xc src/main.o
                0x200000bc                Custom_RGB
 .data.brake_offset
                0x200000c8        0x2 src/main.o
                0x200000c8                brake_offset
 .data.SYNC_RGB
                0x200000ca        0x1 src/main.o
                0x200000ca                SYNC_RGB
 .data.BRAKE_ALWAYS_ON
                0x200000cb        0x1 src/main.o
                0x200000cb                BRAKE_ALWAYS_ON
 .data.SIDELIGHTS
                0x200000cc        0x1 src/main.o
                0x200000cc                SIDELIGHTS
 .data.LIGHTS_ON
                0x200000cd        0x1 src/main.o
                0x200000cd                LIGHTS_ON
 *fill*         0x200000ce        0x2 
 .data.max_cycle_rate
                0x200000d0        0x4 src/main.o
                0x200000d0                max_cycle_rate
 .data.strobe_on_dur
                0x200000d4        0x2 src/main.o
                0x200000d4                strobe_on_dur
 .data.strobe_off_dur
                0x200000d6        0x2 src/main.o
                0x200000d6                strobe_off_dur
 .data.led_num  0x200000d8        0x1 src/main.o
                0x200000d8                led_num
 .data.digital_refresh_rate
                0x200000d9        0x1 src/main.o
                0x200000d9                digital_refresh_rate
 .data.GET_LIMITS
                0x200000da        0x1 src/main.o
                0x200000da                GET_LIMITS
 .data.esc_fw   0x200000db        0x1 src/main.o
                0x200000db                esc_fw
 .data.deadzone
                0x200000dc        0x1 src/main.o
                0x200000dc                deadzone
 *fill*         0x200000dd        0x3 
 .data.ORIENTATION
                0x200000e0        0x2 src/main.o
                0x200000e0                ORIENTATION
 *fill*         0x200000e2        0x2 
 .data.magSensitivity
                0x200000e4       0x10 src/main.o
                0x200000e4                magSensitivity
 .data.vesc_usart_timeout
                0x200000f4        0x4 src/main.o
                0x200000f4                vesc_usart_timeout
 .data.REMOTE_TYPE
                0x200000f8        0x1 src/main.o
                0x200000f8                REMOTE_TYPE
 .data.AppRemoteY
                0x200000f9        0x1 src/main.o
                0x200000f9                AppRemoteY
 .data.SEND_CONTINUOUS
                0x200000fa        0x1 src/main.o
                0x200000fa                SEND_CONTINUOUS
 .data.FIRST_MESSAGE
                0x200000fb        0x1 src/main.o
                0x200000fb                FIRST_MESSAGE
 .data.result.15182
                0x200000fc        0x1 src/main.o
 .data.START_NEW_CONVERSION.15187
                0x200000fd        0x1 src/main.o
 .data.DISABLE_UART.16473
                0x200000fe        0x1 src/main.o
 *fill*         0x200000ff        0x1 
 .data.send_delay.16470
                0x20000100        0x4 src/main.o
 .data.recieve_delay.16471
                0x20000104        0x4 src/main.o
 .data.FIRST_READ.16613
                0x20000108        0x1 src/main.o
 *fill*         0x20000109        0x3 
 .data.ble_config_timeout.16741
                0x2000010c        0x4 src/main.o
 .data._impure_ptr
                0x20000110        0x4 c:/disks/atmel/studio/7.0/toolchain/arm/arm-gnu-toolchain/bin/../lib/gcc/arm-none-eabi/6.3.1/../../../../arm-none-eabi/lib/thumb/v6-m\libc_nano.a(lib_a-impure.o)
                0x20000110                _impure_ptr
 .data.impure_data
                0x20000114       0x60 c:/disks/atmel/studio/7.0/toolchain/arm/arm-gnu-toolchain/bin/../lib/gcc/arm-none-eabi/6.3.1/../../../../arm-none-eabi/lib/thumb/v6-m\libc_nano.a(lib_a-impure.o)
                0x20000174                . = ALIGN (0x4)
                0x20000174                _erelocate = .

.bss            0x20000180     0x19a0 load address 0x0001bda0
                0x20000180                . = ALIGN (0x4)
                0x20000180                _sbss = .
                0x20000180                _szero = .
 *(.bss .bss.*)
 .bss           0x20000180       0x1c c:/disks/atmel/studio/7.0/toolchain/arm/arm-gnu-toolchain/bin/../lib/gcc/arm-none-eabi/6.3.1/thumb/v6-m/crtbegin.o
 *fill*         0x2000019c        0x4 
 .bss._write_back_section
                0x200001a0       0x50 src/ASF/sam0/drivers/dma/dma.o
 .bss._dma_active_resource
                0x200001f0       0x14 src/ASF/sam0/drivers/dma/dma.o
 .bss._nvm_dev  0x20000204        0x6 src/ASF/sam0/drivers/nvm/nvm.o
 *fill*         0x2000020a        0x2 
 .bss._sercom_config
                0x2000020c        0x2 src/ASF/sam0/drivers/sercom/sercom.o
 .bss._handler_table_initialized
                0x2000020e        0x1 src/ASF/sam0/drivers/sercom/sercom_interrupt.o
 *fill*         0x2000020f        0x1 
 .bss._sercom_interrupt_handlers
                0x20000210       0x18 src/ASF/sam0/drivers/sercom/sercom_interrupt.o
 .bss.cpu_irq_critical_section_counter
                0x20000228        0x4 src/ASF/common/utils/interrupt/interrupt_sam_nvic.o
 .bss.cpu_irq_prev_interrupt_state
                0x2000022c        0x1 src/ASF/common/utils/interrupt/interrupt_sam_nvic.o
 *fill*         0x2000022d        0x3 
 .bss._system_clock_inst
                0x20000230       0x18 src/ASF/sam0/drivers/system/clock/clock_samd21_r21_da/clock.o
 .bss._eeprom_instance
                0x20000248       0xcc src/ASF/sam0/services/eeprom/emulator/main_array/eeprom.o
 .bss.heap.5296
                0x20000314        0x4 src/ASF/sam0/utils/syscalls/gcc/syscalls.o
 .bss.light_sens
                0x20000318        0x2 src/main.o
                0x20000318                light_sens
 *fill*         0x2000031a        0x2 
 .bss.AXtotal   0x2000031c        0x4 src/main.o
                0x2000031c                AXtotal
 .bss.AYtotal   0x20000320        0x4 src/main.o
                0x20000320                AYtotal
 .bss.AZtotal   0x20000324        0x4 src/main.o
                0x20000324                AZtotal
 .bss.GXtotal   0x20000328        0x4 src/main.o
                0x20000328                GXtotal
 .bss.GYtotal   0x2000032c        0x4 src/main.o
                0x2000032c                GYtotal
 .bss.GZtotal   0x20000330        0x4 src/main.o
                0x20000330                GZtotal
 .bss.avgAX     0x20000334        0x2 src/main.o
                0x20000334                avgAX
 .bss.avgAY     0x20000336        0x2 src/main.o
                0x20000336                avgAY
 .bss.avgAZ     0x20000338        0x2 src/main.o
                0x20000338                avgAZ
 *fill*         0x2000033a        0x2 
 .bss.avgGX     0x2000033c        0x4 src/main.o
                0x2000033c                avgGX
 .bss.avgGY     0x20000340        0x4 src/main.o
                0x20000340                avgGY
 .bss.avgGZ     0x20000344        0x4 src/main.o
                0x20000344                avgGZ
 .bss.axKalman  0x20000348        0x4 src/main.o
                0x20000348                axKalman
 .bss.ayKalman  0x2000034c        0x4 src/main.o
                0x2000034c                ayKalman
 .bss.azKalman  0x20000350        0x4 src/main.o
                0x20000350                azKalman
 .bss.gxKalman  0x20000354        0x4 src/main.o
                0x20000354                gxKalman
 .bss.gyKalman  0x20000358        0x4 src/main.o
                0x20000358                gyKalman
 .bss.gzKalman  0x2000035c        0x4 src/main.o
                0x2000035c                gzKalman
 .bss.heading   0x20000360        0x4 src/main.o
                0x20000360                heading
 .bss.headingTime
                0x20000364        0x4 src/main.o
                0x20000364                headingTime
 .bss.lheadingTime
                0x20000368        0x4 src/main.o
                0x20000368                lheadingTime
 .bss.brake     0x2000036c        0x2 src/main.o
                0x2000036c                brake
 *fill*         0x2000036e        0x2 
 .bss.RGB_Ouptut
                0x20000370        0xc src/main.o
                0x20000370                RGB_Ouptut
 .bss.SUPRESS_LEFT_RGB
                0x2000037c        0x1 src/main.o
                0x2000037c                SUPRESS_LEFT_RGB
 .bss.SUPRESS_RIGHT_RGB
                0x2000037d        0x1 src/main.o
                0x2000037d                SUPRESS_RIGHT_RGB
 .bss.brake_light_mode
                0x2000037e        0x1 src/main.o
                0x2000037e                brake_light_mode
 .bss.DEFAULT_STATE
                0x2000037f        0x1 src/main.o
                0x2000037f                DEFAULT_STATE
 .bss.HEADLIGHTS
                0x20000380        0x1 src/main.o
                0x20000380                HEADLIGHTS
 .bss.LIGHT_CONTROLLED
                0x20000381        0x1 src/main.o
                0x20000381                LIGHT_CONTROLLED
 .bss.IMU_CONTROLED
                0x20000382        0x1 src/main.o
                0x20000382                IMU_CONTROLED
 .bss.SWITCHES  0x20000383        0x1 src/main.o
                0x20000383                SWITCHES
 .bss.cycle     0x20000384        0x1 src/main.o
                0x20000384                cycle
 *fill*         0x20000385        0x3 
 .bss.cycle_index
                0x20000388        0x4 src/main.o
                0x20000388                cycle_index
 .bss.upColor   0x2000038c        0x2 src/main.o
                0x2000038c                upColor
 .bss.downColor
                0x2000038e        0x2 src/main.o
                0x2000038e                downColor
 .bss.strobe_time
                0x20000390        0x4 src/main.o
                0x20000390                strobe_time
 .bss.DIGITAL_OFF
                0x20000394        0x1 src/main.o
                0x20000394                DIGITAL_OFF
 .bss.current_led_num
                0x20000395        0x1 src/main.o
                0x20000395                current_led_num
 *fill*         0x20000396        0x2 
 .bss.digital_refresh_time
                0x20000398        0x4 src/main.o
                0x20000398                digital_refresh_time
 .bss.SEND_LIMITS
                0x2000039c        0x1 src/main.o
                0x2000039c                SEND_LIMITS
 .bss.ESC_FW_READ
                0x2000039d        0x1 src/main.o
                0x2000039d                ESC_FW_READ
 .bss.esc_comms
                0x2000039e        0x1 src/main.o
                0x2000039e                esc_comms
 .bss.UART_baud
                0x2000039f        0x1 src/main.o
                0x2000039f                UART_baud
 .bss.remote_type
                0x200003a0        0x1 src/main.o
                0x200003a0                remote_type
 .bss.button_type
                0x200003a1        0x1 src/main.o
                0x200003a1                button_type
 .bss.remote_y  0x200003a2        0x1 src/main.o
                0x200003a2                remote_y
 .bss.remote_x  0x200003a3        0x1 src/main.o
                0x200003a3                remote_x
 .bss.remote_btn_state
                0x200003a4        0x1 src/main.o
                0x200003a4                remote_btn_state
 .bss.lremote_btn_state
                0x200003a5        0x1 src/main.o
                0x200003a5                lremote_btn_state
 *fill*         0x200003a6        0x2 
 .bss.turnTimer
                0x200003a8        0x4 src/main.o
                0x200003a8                turnTimer
 .bss.turnOutput
                0x200003ac        0x2 src/main.o
                0x200003ac                turnOutput
 *fill*         0x200003ae        0x2 
 .bss.blink_off_time
                0x200003b0        0x4 src/main.o
                0x200003b0                blink_off_time
 .bss.blink_on_time
                0x200003b4        0x4 src/main.o
                0x200003b4                blink_on_time
 .bss.gx        0x200003b8        0x2 src/main.o
                0x200003b8                gx
 .bss.gy        0x200003ba        0x2 src/main.o
                0x200003ba                gy
 .bss.gz        0x200003bc        0x2 src/main.o
                0x200003bc                gz
 .bss.ax        0x200003be        0x2 src/main.o
                0x200003be                ax
 .bss.ay        0x200003c0        0x2 src/main.o
                0x200003c0                ay
 .bss.az        0x200003c2        0x2 src/main.o
                0x200003c2                az
 .bss.mx        0x200003c4        0x2 src/main.o
                0x200003c4                mx
 .bss.my        0x200003c6        0x2 src/main.o
                0x200003c6                my
 .bss.mz        0x200003c8        0x2 src/main.o
                0x200003c8                mz
 .bss.cgx       0x200003ca        0x2 src/main.o
                0x200003ca                cgx
 .bss.cgy       0x200003cc        0x2 src/main.o
                0x200003cc                cgy
 .bss.cgz       0x200003ce        0x2 src/main.o
                0x200003ce                cgz
 .bss.cax       0x200003d0        0x2 src/main.o
                0x200003d0                cax
 .bss.cay       0x200003d2        0x2 src/main.o
                0x200003d2                cay
 .bss.caz       0x200003d4        0x2 src/main.o
                0x200003d4                caz
 .bss.cmx       0x200003d6        0x2 src/main.o
                0x200003d6                cmx
 .bss.cmy       0x200003d8        0x2 src/main.o
                0x200003d8                cmy
 .bss.cmz       0x200003da        0x2 src/main.o
                0x200003da                cmz
 .bss.COMM_FW_VERSION
                0x200003dc        0x1 src/main.o
                0x200003dc                COMM_FW_VERSION
 .bss.COMM_GET_VALUES
                0x200003dd        0x1 src/main.o
                0x200003dd                COMM_GET_VALUES
 .bss.COMM_GET_MCCONF
                0x200003de        0x1 src/main.o
                0x200003de                COMM_GET_MCCONF
 .bss.COMM_ALIVE
                0x200003df        0x1 src/main.o
                0x200003df                COMM_ALIVE
 .bss.COMM_GET_DECODED_PPM
                0x200003e0        0x1 src/main.o
                0x200003e0                COMM_GET_DECODED_PPM
 .bss.COMM_GET_DECODED_CHUK
                0x200003e1        0x1 src/main.o
                0x200003e1                COMM_GET_DECODED_CHUK
 .bss.COMM_SET_CHUCK_DATA
                0x200003e2        0x1 src/main.o
                0x200003e2                COMM_SET_CHUCK_DATA
 .bss.GET_VALUES_FET_TEMP
                0x200003e3        0x1 src/main.o
                0x200003e3                GET_VALUES_FET_TEMP
 .bss.GET_VALUES_MTR_CURR
                0x200003e4        0x1 src/main.o
                0x200003e4                GET_VALUES_MTR_CURR
 .bss.GET_VALUES_IN_CURR
                0x200003e5        0x1 src/main.o
                0x200003e5                GET_VALUES_IN_CURR
 .bss.GET_VALUES_DUTY
                0x200003e6        0x1 src/main.o
                0x200003e6                GET_VALUES_DUTY
 .bss.GET_VALUES_RPM
                0x200003e7        0x1 src/main.o
                0x200003e7                GET_VALUES_RPM
 .bss.GET_VALUES_IN_VOLT
                0x200003e8        0x1 src/main.o
                0x200003e8                GET_VALUES_IN_VOLT
 .bss.GET_VALUES_AH_USED
                0x200003e9        0x1 src/main.o
                0x200003e9                GET_VALUES_AH_USED
 .bss.GET_VALUES_AH_CHRG
                0x200003ea        0x1 src/main.o
                0x200003ea                GET_VALUES_AH_CHRG
 .bss.GET_VALUES_WH_USED
                0x200003eb        0x1 src/main.o
                0x200003eb                GET_VALUES_WH_USED
 .bss.GET_VALUES_WH_CHRG
                0x200003ec        0x1 src/main.o
                0x200003ec                GET_VALUES_WH_CHRG
 .bss.GET_VALUES_TACH
                0x200003ed        0x1 src/main.o
                0x200003ed                GET_VALUES_TACH
 .bss.GET_VALUES_FAULT
                0x200003ee        0x1 src/main.o
                0x200003ee                GET_VALUES_FAULT
 .bss.GET_MCCONF_MTR_CURR_MAX
                0x200003ef        0x1 src/main.o
                0x200003ef                GET_MCCONF_MTR_CURR_MAX
 .bss.GET_MCCONF_MTR_CURR_MIN
                0x200003f0        0x1 src/main.o
                0x200003f0                GET_MCCONF_MTR_CURR_MIN
 .bss.GET_MCCONF_IN_CURR_MAX
                0x200003f1        0x1 src/main.o
                0x200003f1                GET_MCCONF_IN_CURR_MAX
 .bss.GET_MCCONF_IN_CURR_MIN
                0x200003f2        0x1 src/main.o
                0x200003f2                GET_MCCONF_IN_CURR_MIN
 .bss.GET_MCCONF_ABS_CURR_MAX
                0x200003f3        0x1 src/main.o
                0x200003f3                GET_MCCONF_ABS_CURR_MAX
 .bss.GET_MCCONF_ERPM_MIN
                0x200003f4        0x1 src/main.o
                0x200003f4                GET_MCCONF_ERPM_MIN
 .bss.GET_MCCONF_ERPM_MAX
                0x200003f5        0x1 src/main.o
                0x200003f5                GET_MCCONF_ERPM_MAX
 .bss.GET_MCCONF_ERPM_FBRAKE_MAX
                0x200003f6        0x1 src/main.o
                0x200003f6                GET_MCCONF_ERPM_FBRAKE_MAX
 .bss.GET_MCCONF_ERPM_FBRAKE_CC_MAX
                0x200003f7        0x1 src/main.o
                0x200003f7                GET_MCCONF_ERPM_FBRAKE_CC_MAX
 .bss.GET_MCCONF_VIN_MIN
                0x200003f8        0x1 src/main.o
                0x200003f8                GET_MCCONF_VIN_MIN
 .bss.GET_MCCONF_VIN_MAX
                0x200003f9        0x1 src/main.o
                0x200003f9                GET_MCCONF_VIN_MAX
 .bss.GET_MCCONF_BAT_CUT_STRT
                0x200003fa        0x1 src/main.o
                0x200003fa                GET_MCCONF_BAT_CUT_STRT
 .bss.GET_MCCONF_BAT_CUT_END
                0x200003fb        0x1 src/main.o
                0x200003fb                GET_MCCONF_BAT_CUT_END
 .bss.GET_MCCONF_TMP_FET_STRT
                0x200003fc        0x1 src/main.o
                0x200003fc                GET_MCCONF_TMP_FET_STRT
 .bss.GET_MCCONF_TMP_FET_END
                0x200003fd        0x1 src/main.o
                0x200003fd                GET_MCCONF_TMP_FET_END
 .bss.GET_MCCONF_TMP_MTR_STRT
                0x200003fe        0x1 src/main.o
                0x200003fe                GET_MCCONF_TMP_MTR_STRT
 .bss.GET_MCCONF_TMP_MTR_END
                0x200003ff        0x1 src/main.o
                0x200003ff                GET_MCCONF_TMP_MTR_END
 .bss.GET_MCCONF_DUTY_MIN
                0x20000400        0x1 src/main.o
                0x20000400                GET_MCCONF_DUTY_MIN
 .bss.GET_MCCONF_DUTY_MAX
                0x20000401        0x1 src/main.o
                0x20000401                GET_MCCONF_DUTY_MAX
 *fill*         0x20000402        0x2 
 .bss.vesc_usart_time
                0x20000404        0x4 src/main.o
                0x20000404                vesc_usart_time
 .bss.HOLD_FOR_REPLY
                0x20000408        0x1 src/main.o
                0x20000408                HOLD_FOR_REPLY
 .bss.READ_VESC_PWM
                0x20000409        0x1 src/main.o
                0x20000409                READ_VESC_PWM
 .bss.READ_VESC_CHUCK