Archive member included to satisfy reference by file (symbol)

c:/disks/atmel/studio/7.0/toolchain/arm/arm-gnu-toolchain/bin/../lib/gcc/arm-none-eabi/6.3.1/../../../../arm-none-eabi/lib/thumb/v6-m\libm.a(lib_a-sf_ldexp.o)
                              src/main.o (ldexpf)
c:/disks/atmel/studio/7.0/toolchain/arm/arm-gnu-toolchain/bin/../lib/gcc/arm-none-eabi/6.3.1/../../../../arm-none-eabi/lib/thumb/v6-m\libm.a(lib_a-sf_scalbn.o)
                              c:/disks/atmel/studio/7.0/toolchain/arm/arm-gnu-toolchain/bin/../lib/gcc/arm-none-eabi/6.3.1/../../../../arm-none-eabi/lib/thumb/v6-m\libm.a(lib_a-sf_ldexp.o) (scalbnf)
c:/disks/atmel/studio/7.0/toolchain/arm/arm-gnu-toolchain/bin/../lib/gcc/arm-none-eabi/6.3.1/../../../../arm-none-eabi/lib/thumb/v6-m\libm.a(lib_a-sf_copysign.o)
                              c:/disks/atmel/studio/7.0/toolchain/arm/arm-gnu-toolchain/bin/../lib/gcc/arm-none-eabi/6.3.1/../../../../arm-none-eabi/lib/thumb/v6-m\libm.a(lib_a-sf_scalbn.o) (copysignf)
c:/disks/atmel/studio/7.0/toolchain/arm/arm-gnu-toolchain/bin/../lib/gcc/arm-none-eabi/6.3.1/../../../../arm-none-eabi/lib/thumb/v6-m\libm.a(lib_a-sf_finite.o)
                              c:/disks/atmel/studio/7.0/toolchain/arm/arm-gnu-toolchain/bin/../lib/gcc/arm-none-eabi/6.3.1/../../../../arm-none-eabi/lib/thumb/v6-m\libm.a(lib_a-sf_ldexp.o) (finitef)
c:/disks/atmel/studio/7.0/toolchain/arm/arm-gnu-toolchain/bin/../lib/gcc/arm-none-eabi/6.3.1/thumb/v6-m\libgcc.a(_udivsi3.o)
                              src/ASF/sam0/drivers/nvm/nvm.o (__aeabi_uidiv)
c:/disks/atmel/studio/7.0/toolchain/arm/arm-gnu-toolchain/bin/../lib/gcc/arm-none-eabi/6.3.1/thumb/v6-m\libgcc.a(_divsi3.o)
                              src/main.o (__aeabi_idiv)
c:/disks/atmel/studio/7.0/toolchain/arm/arm-gnu-toolchain/bin/../lib/gcc/arm-none-eabi/6.3.1/thumb/v6-m\libgcc.a(_dvmd_tls.o)
                              c:/disks/atmel/studio/7.0/toolchain/arm/arm-gnu-toolchain/bin/../lib/gcc/arm-none-eabi/6.3.1/thumb/v6-m\libgcc.a(_udivsi3.o) (__aeabi_idiv0)
c:/disks/atmel/studio/7.0/toolchain/arm/arm-gnu-toolchain/bin/../lib/gcc/arm-none-eabi/6.3.1/thumb/v6-m\libgcc.a(_arm_cmpdf2.o)
                              src/main.o (__aeabi_dcmpgt)
c:/disks/atmel/studio/7.0/toolchain/arm/arm-gnu-toolchain/bin/../lib/gcc/arm-none-eabi/6.3.1/thumb/v6-m\libgcc.a(_arm_cmpsf2.o)
                              src/main.o (__aeabi_fcmpeq)
c:/disks/atmel/studio/7.0/toolchain/arm/arm-gnu-toolchain/bin/../lib/gcc/arm-none-eabi/6.3.1/thumb/v6-m\libgcc.a(_muldi3.o)
                              src/ASF/sam0/drivers/sercom/sercom.o (__aeabi_lmul)
c:/disks/atmel/studio/7.0/toolchain/arm/arm-gnu-toolchain/bin/../lib/gcc/arm-none-eabi/6.3.1/thumb/v6-m\libgcc.a(_fixunssfsi.o)
                              src/main.o (__aeabi_f2uiz)
c:/disks/atmel/studio/7.0/toolchain/arm/arm-gnu-toolchain/bin/../lib/gcc/arm-none-eabi/6.3.1/thumb/v6-m\libgcc.a(_fixunsdfsi.o)
                              src/main.o (__aeabi_d2uiz)
c:/disks/atmel/studio/7.0/toolchain/arm/arm-gnu-toolchain/bin/../lib/gcc/arm-none-eabi/6.3.1/thumb/v6-m\libgcc.a(addsf3.o)
                              src/main.o (__aeabi_fadd)
c:/disks/atmel/studio/7.0/toolchain/arm/arm-gnu-toolchain/bin/../lib/gcc/arm-none-eabi/6.3.1/thumb/v6-m\libgcc.a(divsf3.o)
                              src/main.o (__aeabi_fdiv)
c:/disks/atmel/studio/7.0/toolchain/arm/arm-gnu-toolchain/bin/../lib/gcc/arm-none-eabi/6.3.1/thumb/v6-m\libgcc.a(eqsf2.o)
                              c:/disks/atmel/studio/7.0/toolchain/arm/arm-gnu-toolchain/bin/../lib/gcc/arm-none-eabi/6.3.1/thumb/v6-m\libgcc.a(_arm_cmpsf2.o) (__eqsf2)
c:/disks/atmel/studio/7.0/toolchain/arm/arm-gnu-toolchain/bin/../lib/gcc/arm-none-eabi/6.3.1/thumb/v6-m\libgcc.a(gesf2.o)
                              c:/disks/atmel/studio/7.0/toolchain/arm/arm-gnu-toolchain/bin/../lib/gcc/arm-none-eabi/6.3.1/thumb/v6-m\libgcc.a(_arm_cmpsf2.o) (__gesf2)
c:/disks/atmel/studio/7.0/toolchain/arm/arm-gnu-toolchain/bin/../lib/gcc/arm-none-eabi/6.3.1/thumb/v6-m\libgcc.a(lesf2.o)
                              c:/disks/atmel/studio/7.0/toolchain/arm/arm-gnu-toolchain/bin/../lib/gcc/arm-none-eabi/6.3.1/thumb/v6-m\libgcc.a(_arm_cmpsf2.o) (__lesf2)
c:/disks/atmel/studio/7.0/toolchain/arm/arm-gnu-toolchain/bin/../lib/gcc/arm-none-eabi/6.3.1/thumb/v6-m\libgcc.a(mulsf3.o)
                              src/main.o (__aeabi_fmul)
c:/disks/atmel/studio/7.0/toolchain/arm/arm-gnu-toolchain/bin/../lib/gcc/arm-none-eabi/6.3.1/thumb/v6-m\libgcc.a(subsf3.o)
                              src/main.o (__aeabi_fsub)
c:/disks/atmel/studio/7.0/toolchain/arm/arm-gnu-toolchain/bin/../lib/gcc/arm-none-eabi/6.3.1/thumb/v6-m\libgcc.a(fixsfsi.o)
                              src/main.o (__aeabi_f2iz)
c:/disks/atmel/studio/7.0/toolchain/arm/arm-gnu-toolchain/bin/../lib/gcc/arm-none-eabi/6.3.1/thumb/v6-m\libgcc.a(floatsisf.o)
                              src/main.o (__aeabi_i2f)
[...]
Memory Configuration

Name             Origin             Length             Attributes
rom              0x00000000         0x00040000         xr
ram              0x20000000         0x00008000         xrw
*default*        0x00000000         0xffffffff

Linker script and memory map

LOAD c:/disks/atmel/studio/7.0/toolchain/arm/arm-gnu-toolchain/bin/../lib/gcc/arm-none-eabi/6.3.1/thumb/v6-m/crti.o
LOAD c:/disks/atmel/studio/7.0/toolchain/arm/arm-gnu-toolchain/bin/../lib/gcc/arm-none-eabi/6.3.1/thumb/v6-m/crtbegin.o
LOAD c:/disks/atmel/studio/7.0/toolchain/arm/arm-gnu-toolchain/bin/../lib/gcc/arm-none-eabi/6.3.1/../../../../arm-none-eabi/lib/thumb/v6-m/crt0.o
LOAD src/ASF/common/services/sleepmgr/samd/sleepmgr.o
LOAD src/ASF/sam0/drivers/adc/adc_sam_d_r/adc.o
LOAD src/ASF/sam0/drivers/dma/dma.o
LOAD src/ASF/sam0/drivers/nvm/nvm.o
LOAD src/ASF/sam0/drivers/tcc/tcc_callback.o
LOAD src/ASF/sam0/drivers/tc/tc_interrupt.o
LOAD src/ASF/sam0/drivers/sercom/i2c/i2c_sam0/i2c_master.o
LOAD src/ASF/sam0/drivers/sercom/i2c/i2c_sam0/i2c_master_interrupt.o
LOAD src/ASF/sam0/drivers/sercom/i2c/i2c_sam0/i2c_slave.o
LOAD src/ASF/sam0/drivers/sercom/i2c/i2c_sam0/i2c_slave_interrupt.o
LOAD src/ASF/sam0/drivers/tcc/tcc.o
LOAD src/ASF/sam0/drivers/tc/tc_sam_d_r/tc.o
LOAD src/ASF/sam0/drivers/sercom/usart/usart.o
LOAD src/ASF/sam0/drivers/sercom/usart/usart_interrupt.o
LOAD src/ASF/sam0/drivers/sercom/spi/spi.o
LOAD src/ASF/sam0/drivers/sercom/spi/spi_interrupt.o
LOAD src/ASF/sam0/drivers/sercom/sercom.o
LOAD src/ASF/sam0/drivers/sercom/sercom_interrupt.o
LOAD src/ASF/sam0/drivers/port/port.o
LOAD src/ASF/common2/boards/user_board/init.o
LOAD src/ASF/common/utils/interrupt/interrupt_sam_nvic.o
LOAD src/ASF/sam0/drivers/system/clock/clock_samd21_r21_da/clock.o
LOAD src/ASF/sam0/drivers/system/clock/clock_samd21_r21_da/gclk.o
LOAD src/ASF/sam0/drivers/system/interrupt/system_interrupt.o
LOAD src/ASF/sam0/drivers/system/pinmux/pinmux.o
LOAD src/ASF/sam0/drivers/system/system.o
LOAD src/ASF/sam0/services/eeprom/emulator/main_array/eeprom.o
LOAD src/ASF/sam0/utils/cmsis/samd21/source/gcc/startup_samd21.o
LOAD src/ASF/sam0/utils/cmsis/samd21/source/system_samd21.o
LOAD src/ASF/sam0/utils/syscalls/gcc/syscalls.o
LOAD src/main.o
START GROUP
LOAD ../src/ASF/thirdparty/CMSIS/Lib/GCC\libarm_cortexM0l_math.a
LOAD c:/disks/atmel/studio/7.0/toolchain/arm/arm-gnu-toolchain/bin/../lib/gcc/arm-none-eabi/6.3.1/../../../../arm-none-eabi/lib/thumb/v6-m\libm.a
END GROUP
Address of section .text set to 0x2000
START GROUP
LOAD c:/disks/atmel/studio/7.0/toolchain/arm/arm-gnu-toolchain/bin/../lib/gcc/arm-none-eabi/6.3.1/thumb/v6-m\libgcc.a
LOAD c:/disks/atmel/studio/7.0/toolchain/arm/arm-gnu-toolchain/bin/../lib/gcc/arm-none-eabi/6.3.1/../../../../arm-none-eabi/lib/thumb/v6-m\libc_nano.a
END GROUP
START GROUP
LOAD c:/disks/atmel/studio/7.0/toolchain/arm/arm-gnu-toolchain/bin/../lib/gcc/arm-none-eabi/6.3.1/thumb/v6-m\libgcc.a
LOAD c:/disks/atmel/studio/7.0/toolchain/arm/arm-gnu-toolchain/bin/../lib/gcc/arm-none-eabi/6.3.1/../../../../arm-none-eabi/lib/thumb/v6-m\libc_nano.a
END GROUP
LOAD c:/disks/atmel/studio/7.0/toolchain/arm/arm-gnu-toolchain/bin/../lib/gcc/arm-none-eabi/6.3.1/thumb/v6-m/crtend.o
LOAD c:/disks/atmel/studio/7.0/toolchain/arm/arm-gnu-toolchain/bin/../lib/gcc/arm-none-eabi/6.3.1/thumb/v6-m/crtn.o
                0x00002000                STACK_SIZE = DEFINED (STACK_SIZE)?STACK_SIZE:DEFINED (__stack_size__)?__stack_size__:0x2000

.text           0x00002000    0x15a60
                0x00002000                . = ALIGN (0x4)
                0x00002000                _sfixed = .
 *(.vectors .vectors.*)
 .vectors       0x00002000       0xb4 src/ASF/sam0/utils/cmsis/samd21/source/gcc/startup_samd21.o
                0x00002000                exception_table
 *(.text .text.* .gnu.linkonce.t.*)
 .text          0x000020b4       0x60 c:/disks/atmel/studio/7.0/toolchain/arm/arm-gnu-toolchain/bin/../lib/gcc/arm-none-eabi/6.3.1/thumb/v6-m/crtbegin.o
 .text.system_gclk_chan_get_config_defaults
                0x00002114       0x16 src/ASF/sam0/drivers/adc/adc_sam_d_r/adc.o
 *fill*         0x0000212a        0x2 
 .text.system_apb_clock_set_mask
                0x0000212c       0x5c src/ASF/sam0/drivers/adc/adc_sam_d_r/adc.o
 .text.system_pinmux_get_config_defaults
                0x00002188       0x28 src/ASF/sam0/drivers/adc/adc_sam_d_r/adc.o
 .text.system_voltage_reference_enable
                0x000021b0       0x40 src/ASF/sam0/drivers/adc/adc_sam_d_r/adc.o
 .text.adc_is_syncing
                0x000021f0       0x28 src/ASF/sam0/drivers/adc/adc_sam_d_r/adc.o
 .text.adc_get_config_defaults
                0x00002218       0xaa src/ASF/sam0/drivers/adc/adc_sam_d_r/adc.o
                0x00002218                adc_get_config_defaults
 *fill*         0x000022c2        0x2 
 .text._adc_configure_ain_pin
                0x000022c4       0x78 src/ASF/sam0/drivers/adc/adc_sam_d_r/adc.o
 .text._adc_set_config
                0x0000233c      0x52c src/ASF/sam0/drivers/adc/adc_sam_d_r/adc.o
 .text.adc_init
                0x00002868       0x7c src/ASF/sam0/drivers/adc/adc_sam_d_r/adc.o
                0x00002868                adc_init
 .text.system_interrupt_enter_critical_section
                0x000028e4       0x14 src/ASF/sam0/drivers/dma/dma.o
 .text.system_interrupt_leave_critical_section
                0x000028f8       0x14 src/ASF/sam0/drivers/dma/dma.o
 .text.DMAC_Handler
                0x0000290c      0x144 src/ASF/sam0/drivers/dma/dma.o
                0x0000290c                DMAC_Handler
 .text.nvm_is_ready
                0x00002a50       0x28 src/ASF/sam0/drivers/nvm/nvm.o
 .text.system_apb_clock_set_mask
                0x00002a78       0x5c src/ASF/sam0/drivers/nvm/nvm.o
 .text.nvm_set_config
                0x00002ad4       0xd8 src/ASF/sam0/drivers/nvm/nvm.o
                0x00002ad4                nvm_set_config
 .text.nvm_execute_command
                0x00002bac      0x118 src/ASF/sam0/drivers/nvm/nvm.o
                0x00002bac                nvm_execute_command
 .text.nvm_write_buffer
                0x00002cc4      0x14c src/ASF/sam0/drivers/nvm/nvm.o
                0x00002cc4                nvm_write_buffer
 .text.nvm_read_buffer
                0x00002e10       0xfc src/ASF/sam0/drivers/nvm/nvm.o
                0x00002e10                nvm_read_buffer
 .text.nvm_erase_row
                0x00002f0c       0x94 src/ASF/sam0/drivers/nvm/nvm.o
                0x00002f0c                nvm_erase_row
 .text.nvm_get_parameters
                0x00002fa0       0xbc src/ASF/sam0/drivers/nvm/nvm.o
                0x00002fa0                nvm_get_parameters
 .text.TCC0_Handler
                0x0000305c       0x14 src/ASF/sam0/drivers/tcc/tcc_callback.o
                0x0000305c                TCC0_Handler
 .text.TCC1_Handler
                0x00003070       0x14 src/ASF/sam0/drivers/tcc/tcc_callback.o
                0x00003070                TCC1_Handler
 .text.TCC2_Handler
                0x00003084       0x14 src/ASF/sam0/drivers/tcc/tcc_callback.o
                0x00003084                TCC2_Handler
 .text._tcc_interrupt_handler
                0x00003098       0x7c src/ASF/sam0/drivers/tcc/tcc_callback.o
                0x00003098                _tcc_interrupt_handler
 .text.TC3_Handler
                0x00003114       0x14 src/ASF/sam0/drivers/tc/tc_interrupt.o
                0x00003114                TC3_Handler
 .text.TC4_Handler
                0x00003128       0x14 src/ASF/sam0/drivers/tc/tc_interrupt.o
                0x00003128                TC4_Handler
 .text.TC5_Handler
                0x0000313c       0x14 src/ASF/sam0/drivers/tc/tc_interrupt.o
                0x0000313c                TC5_Handler
 .text._tc_interrupt_handler
                0x00003150       0xb8 src/ASF/sam0/drivers/tc/tc_interrupt.o
                0x00003150                _tc_interrupt_handler
 .text.system_gclk_chan_get_config_defaults
                0x00003208       0x16 src/ASF/sam0/drivers/sercom/i2c/i2c_sam0/i2c_master.o
 *fill*         0x0000321e        0x2 
 .text.system_apb_clock_set_mask
                0x00003220       0x5c src/ASF/sam0/drivers/sercom/i2c/i2c_sam0/i2c_master.o
 .text.system_pinmux_get_config_defaults
                0x0000327c       0x28 src/ASF/sam0/drivers/sercom/i2c/i2c_sam0/i2c_master.o
 .text.system_is_debugger_present
                0x000032a4       0x20 src/ASF/sam0/drivers/sercom/i2c/i2c_sam0/i2c_master.o
 .text.i2c_master_is_syncing
                0x000032c4       0x24 src/ASF/sam0/drivers/sercom/i2c/i2c_sam0/i2c_master.o
 .text._i2c_master_wait_for_sync
                0x000032e8       0x24 src/ASF/sam0/drivers/sercom/i2c/i2c_sam0/i2c_master.o
 .text._i2c_master_set_config
                0x0000330c      0x3f4 src/ASF/sam0/drivers/sercom/i2c/i2c_sam0/i2c_master.o
 .text.i2c_master_init
                0x00003700      0x134 src/ASF/sam0/drivers/sercom/i2c/i2c_sam0/i2c_master.o
                0x00003700                i2c_master_init
 .text._i2c_master_address_response
                0x00003834       0x5e src/ASF/sam0/drivers/sercom/i2c/i2c_sam0/i2c_master.o
                0x00003834                _i2c_master_address_response
 .text._i2c_master_wait_for_bus
                0x00003892       0x5e src/ASF/sam0/drivers/sercom/i2c/i2c_sam0/i2c_master.o
                0x00003892                _i2c_master_wait_for_bus
 .text._i2c_master_send_hs_master_code
                0x000038f0       0x54 src/ASF/sam0/drivers/sercom/i2c/i2c_sam0/i2c_master.o
                0x000038f0                _i2c_master_send_hs_master_code
 .text._i2c_master_read_packet
                0x00003944      0x274 src/ASF/sam0/drivers/sercom/i2c/i2c_sam0/i2c_master.o
 .text.i2c_master_read_packet_wait
                0x00003bb8       0x40 src/ASF/sam0/drivers/sercom/i2c/i2c_sam0/i2c_master.o
                0x00003bb8                i2c_master_read_packet_wait
 .text._i2c_master_write_packet
                0x00003bf8      0x178 src/ASF/sam0/drivers/sercom/i2c/i2c_sam0/i2c_master.o
 .text.i2c_master_write_packet_wait
                0x00003d70       0x40 src/ASF/sam0/drivers/sercom/i2c/i2c_sam0/i2c_master.o
                0x00003d70                i2c_master_write_packet_wait
 .text.i2c_master_is_syncing
                0x00003db0       0x24 src/ASF/sam0/drivers/sercom/i2c/i2c_sam0/i2c_master_interrupt.o
 .text._i2c_master_wait_for_sync
                0x00003dd4       0x24 src/ASF/sam0/drivers/sercom/i2c/i2c_sam0/i2c_master_interrupt.o
 .text._i2c_master_read
                0x00003df8       0xf0 src/ASF/sam0/drivers/sercom/i2c/i2c_sam0/i2c_master_interrupt.o
 .text._i2c_master_write
                0x00003ee8       0x7c src/ASF/sam0/drivers/sercom/i2c/i2c_sam0/i2c_master_interrupt.o
 .text._i2c_master_async_address_response
                0x00003f64       0xbc src/ASF/sam0/drivers/sercom/i2c/i2c_sam0/i2c_master_interrupt.o
 .text._i2c_master_interrupt_handler
                0x00004020      0x274 src/ASF/sam0/drivers/sercom/i2c/i2c_sam0/i2c_master_interrupt.o
                0x00004020                _i2c_master_interrupt_handler
 .text.system_gclk_chan_get_config_defaults
                0x00004294       0x16 src/ASF/sam0/drivers/sercom/i2c/i2c_sam0/i2c_slave.o
 *fill*         0x000042aa        0x2 
 .text.system_apb_clock_set_mask
                0x000042ac       0x5c src/ASF/sam0/drivers/sercom/i2c/i2c_sam0/i2c_slave.o
 .text.system_pinmux_get_config_defaults
                0x00004308       0x28 src/ASF/sam0/drivers/sercom/i2c/i2c_sam0/i2c_slave.o
 .text.system_is_debugger_present
                0x00004330       0x20 src/ASF/sam0/drivers/sercom/i2c/i2c_sam0/i2c_slave.o
 .text._i2c_slave_set_config
                0x00004350      0x164 src/ASF/sam0/drivers/sercom/i2c/i2c_sam0/i2c_slave.o
 .text.i2c_slave_init
                0x000044b4      0x12c src/ASF/sam0/drivers/sercom/i2c/i2c_sam0/i2c_slave.o
                0x000044b4                i2c_slave_init
 .text.system_interrupt_enter_critical_section
                0x000045e0       0x14 src/ASF/sam0/drivers/sercom/i2c/i2c_sam0/i2c_slave_interrupt.o
 .text.system_interrupt_leave_critical_section
                0x000045f4       0x14 src/ASF/sam0/drivers/sercom/i2c/i2c_sam0/i2c_slave_interrupt.o
 .text._i2c_slave_set_ctrlb_ackact
                0x00004608       0x4c src/ASF/sam0/drivers/sercom/i2c/i2c_sam0/i2c_slave_interrupt.o
 .text._i2c_slave_set_ctrlb_cmd3
                0x00004654       0x30 src/ASF/sam0/drivers/sercom/i2c/i2c_sam0/i2c_slave_interrupt.o
 .text._i2c_slave_read
                0x00004684       0x36 src/ASF/sam0/drivers/sercom/i2c/i2c_sam0/i2c_slave_interrupt.o
 .text._i2c_slave_write
                0x000046ba       0x36 src/ASF/sam0/drivers/sercom/i2c/i2c_sam0/i2c_slave_interrupt.o
 .text.i2c_slave_register_callback
                0x000046f0       0x4a src/ASF/sam0/drivers/sercom/i2c/i2c_sam0/i2c_slave_interrupt.o
                0x000046f0                i2c_slave_register_callback
 .text.i2c_slave_read_packet_job
                0x0000473a       0x4c src/ASF/sam0/drivers/sercom/i2c/i2c_sam0/i2c_slave_interrupt.o
                0x0000473a                i2c_slave_read_packet_job
 .text.i2c_slave_write_packet_job
                0x00004786       0x4c src/ASF/sam0/drivers/sercom/i2c/i2c_sam0/i2c_slave_interrupt.o
                0x00004786                i2c_slave_write_packet_job
 *fill*         0x000047d2        0x2 
 .text._i2c_slave_interrupt_handler
                0x000047d4      0x37c src/ASF/sam0/drivers/sercom/i2c/i2c_sam0/i2c_slave_interrupt.o
                0x000047d4                _i2c_slave_interrupt_handler
 .text.system_gclk_chan_get_config_defaults
                0x00004b50       0x16 src/ASF/sam0/drivers/tcc/tcc.o
 *fill*         0x00004b66        0x2 
 .text.system_apb_clock_set_mask
                0x00004b68       0x5c src/ASF/sam0/drivers/tcc/tcc.o
 .text.system_pinmux_get_config_defaults
                0x00004bc4       0x28 src/ASF/sam0/drivers/tcc/tcc.o
 .text._tcc_get_inst_index
                0x00004bec       0x3c src/ASF/sam0/drivers/tcc/tcc.o
                0x00004bec                _tcc_get_inst_index
 .text.tcc_get_config_defaults
                0x00004c28      0x2d0 src/ASF/sam0/drivers/tcc/tcc.o
                0x00004c28                tcc_get_config_defaults
 .text._tcc_build_ctrla
                0x00004ef8       0xa4 src/ASF/sam0/drivers/tcc/tcc.o
 .text._tcc_build_ctrlb
                0x00004f9c       0x5c src/ASF/sam0/drivers/tcc/tcc.o
 .text._tcc_build_faults
                0x00004ff8      0x11c src/ASF/sam0/drivers/tcc/tcc.o
 .text._tcc_build_drvctrl
                0x00005114       0xd8 src/ASF/sam0/drivers/tcc/tcc.o
 .text._tcc_build_waves
                0x000051ec       0x98 src/ASF/sam0/drivers/tcc/tcc.o
 .text.tcc_init
                0x00005284      0x3cc src/ASF/sam0/drivers/tcc/tcc.o
                0x00005284                tcc_init
 .text._tcc_set_compare_value
                0x00005650       0xdc src/ASF/sam0/drivers/tcc/tcc.o
 .text.tcc_set_compare_value
                0x0000572c       0x38 src/ASF/sam0/drivers/tcc/tcc.o
                0x0000572c                tcc_set_compare_value
 .text.system_gclk_chan_get_config_defaults
                0x00005764       0x16 src/ASF/sam0/drivers/tc/tc_sam_d_r/tc.o
 *fill*         0x0000577a        0x2 
 .text.system_apb_clock_set_mask
                0x0000577c       0x5c src/ASF/sam0/drivers/tc/tc_sam_d_r/tc.o
 .text.system_pinmux_get_config_defaults
                0x000057d8       0x28 src/ASF/sam0/drivers/tc/tc_sam_d_r/tc.o
 .text.tc_is_syncing
                0x00005800       0x28 src/ASF/sam0/drivers/tc/tc_sam_d_r/tc.o
 .text._tc_get_inst_index
                0x00005828       0x48 src/ASF/sam0/drivers/tc/tc_sam_d_r/tc.o
                0x00005828                _tc_get_inst_index
 .text.tc_init  0x00005870      0x450 src/ASF/sam0/drivers/tc/tc_sam_d_r/tc.o
                0x00005870                tc_init
 .text.tc_get_count_value
                0x00005cc0       0x54 src/ASF/sam0/drivers/tc/tc_sam_d_r/tc.o
                0x00005cc0                tc_get_count_value
 .text.system_gclk_chan_get_config_defaults
                0x00005d14       0x16 src/ASF/sam0/drivers/sercom/usart/usart.o
 *fill*         0x00005d2a        0x2 
 .text.system_apb_clock_set_mask
                0x00005d2c       0x5c src/ASF/sam0/drivers/sercom/usart/usart.o
 .text.system_pinmux_get_config_defaults
                0x00005d88       0x28 src/ASF/sam0/drivers/sercom/usart/usart.o
 .text.system_is_debugger_present
                0x00005db0       0x20 src/ASF/sam0/drivers/sercom/usart/usart.o
 .text.usart_is_syncing
                0x00005dd0       0x20 src/ASF/sam0/drivers/sercom/usart/usart.o
 .text._usart_wait_for_sync
                0x00005df0       0x24 src/ASF/sam0/drivers/sercom/usart/usart.o
 .text._usart_set_config
                0x00005e14      0x2d0 src/ASF/sam0/drivers/sercom/usart/usart.o
 .text.usart_init
                0x000060e4      0x274 src/ASF/sam0/drivers/sercom/usart/usart.o
                0x000060e4                usart_init
 .text.usart_write_wait
                0x00006358       0x64 src/ASF/sam0/drivers/sercom/usart/usart.o
                0x00006358                usart_write_wait
 .text.usart_write_buffer_wait
                0x000063bc      0x12c src/ASF/sam0/drivers/sercom/usart/usart.o
                0x000063bc                usart_write_buffer_wait
 .text.system_interrupt_enter_critical_section
                0x000064e8       0x14 src/ASF/sam0/drivers/sercom/usart/usart_interrupt.o
 .text.system_interrupt_leave_critical_section
                0x000064fc       0x14 src/ASF/sam0/drivers/sercom/usart/usart_interrupt.o
 .text.usart_is_syncing
                0x00006510       0x20 src/ASF/sam0/drivers/sercom/usart/usart_interrupt.o
 .text._usart_wait_for_sync
                0x00006530       0x24 src/ASF/sam0/drivers/sercom/usart/usart_interrupt.o
 .text._usart_write_buffer
                0x00006554       0x5c src/ASF/sam0/drivers/sercom/usart/usart_interrupt.o
                0x00006554                _usart_write_buffer
 .text._usart_read_buffer
                0x000065b0       0x78 src/ASF/sam0/drivers/sercom/usart/usart_interrupt.o
                0x000065b0                _usart_read_buffer
 .text.usart_write_buffer_job
                0x00006628       0x48 src/ASF/sam0/drivers/sercom/usart/usart_interrupt.o
                0x00006628                usart_write_buffer_job
 .text.usart_read_buffer_job
                0x00006670       0x48 src/ASF/sam0/drivers/sercom/usart/usart_interrupt.o
                0x00006670                usart_read_buffer_job
 .text.usart_abort_job
                0x000066b8       0x46 src/ASF/sam0/drivers/sercom/usart/usart_interrupt.o
                0x000066b8                usart_abort_job
 .text.usart_get_job_status
                0x000066fe       0x50 src/ASF/sam0/drivers/sercom/usart/usart_interrupt.o
                0x000066fe                usart_get_job_status
 *fill*         0x0000674e        0x2 
 .text._usart_interrupt_handler
                0x00006750      0x340 src/ASF/sam0/drivers/sercom/usart/usart_interrupt.o
                0x00006750                _usart_interrupt_handler
 .text.system_gclk_chan_get_config_defaults
                0x00006a90       0x16 src/ASF/sam0/drivers/sercom/sercom.o
 .text.long_division
                0x00006aa6       0xe0 src/ASF/sam0/drivers/sercom/sercom.o
 .text._sercom_get_sync_baud_val
                0x00006b86       0x7c src/ASF/sam0/drivers/sercom/sercom.o
                0x00006b86                _sercom_get_sync_baud_val
 *fill*         0x00006c02        0x2 
 .text._sercom_get_async_baud_val
                0x00006c04      0x1ec src/ASF/sam0/drivers/sercom/sercom.o
                0x00006c04                _sercom_get_async_baud_val
 .text.sercom_set_gclk_generator
                0x00006df0       0x8c src/ASF/sam0/drivers/sercom/sercom.o
                0x00006df0                sercom_set_gclk_generator
 .text._sercom_get_default_pad
                0x00006e7c      0x1bc src/ASF/sam0/drivers/sercom/sercom.o
                0x00006e7c                _sercom_get_default_pad
 .text._sercom_get_sercom_inst_index
                0x00007038       0x50 src/ASF/sam0/drivers/sercom/sercom.o
                0x00007038                _sercom_get_sercom_inst_index
 .text._sercom_default_handler
                0x00007088       0x14 src/ASF/sam0/drivers/sercom/sercom_interrupt.o
 .text._sercom_set_handler
                0x0000709c       0x6c src/ASF/sam0/drivers/sercom/sercom_interrupt.o
                0x0000709c                _sercom_set_handler
 .text._sercom_get_interrupt_vector
                0x00007108       0x44 src/ASF/sam0/drivers/sercom/sercom_interrupt.o
                0x00007108                _sercom_get_interrupt_vector
 .text.SERCOM0_Handler
                0x0000714c       0x18 src/ASF/sam0/drivers/sercom/sercom_interrupt.o
                0x0000714c                SERCOM0_Handler
 .text.SERCOM1_Handler
                0x00007164       0x18 src/ASF/sam0/drivers/sercom/sercom_interrupt.o
                0x00007164                SERCOM1_Handler
 .text.SERCOM2_Handler
                0x0000717c       0x18 src/ASF/sam0/drivers/sercom/sercom_interrupt.o
                0x0000717c                SERCOM2_Handler
 .text.SERCOM3_Handler
                0x00007194       0x18 src/ASF/sam0/drivers/sercom/sercom_interrupt.o
                0x00007194                SERCOM3_Handler
 .text.SERCOM4_Handler
                0x000071ac       0x18 src/ASF/sam0/drivers/sercom/sercom_interrupt.o
                0x000071ac                SERCOM4_Handler
 .text.SERCOM5_Handler
                0x000071c4       0x18 src/ASF/sam0/drivers/sercom/sercom_interrupt.o
                0x000071c4                SERCOM5_Handler
 .text.system_pinmux_get_config_defaults
                0x000071dc       0x28 src/ASF/sam0/drivers/port/port.o
 .text.port_pin_set_config
                0x00007204       0x60 src/ASF/sam0/drivers/port/port.o
                0x00007204                port_pin_set_config
 .text.system_board_init
                0x00007264        0xa src/ASF/common2/boards/user_board/init.o
                0x00007264                board_init
                0x00007264                system_board_init
 *fill*         0x0000726e        0x2 
 .text.cpu_irq_enter_critical
                0x00007270       0x54 src/ASF/common/utils/interrupt/interrupt_sam_nvic.o
                0x00007270                cpu_irq_enter_critical
 .text.cpu_irq_leave_critical
                0x000072c4       0x40 src/ASF/common/utils/interrupt/interrupt_sam_nvic.o
                0x000072c4                cpu_irq_leave_critical
 .text.system_gclk_gen_get_config_defaults
                0x00007304       0x2e src/ASF/sam0/drivers/system/clock/clock_samd21_r21_da/clock.o
 .text.system_clock_source_osc32k_get_config_defaults
                0x00007332       0x34 src/ASF/sam0/drivers/system/clock/clock_samd21_r21_da/clock.o
 .text.system_clock_source_osc8m_get_config_defaults
                0x00007366       0x22 src/ASF/sam0/drivers/system/clock/clock_samd21_r21_da/clock.o
 .text.system_cpu_clock_set_divider
                0x00007388       0x20 src/ASF/sam0/drivers/system/clock/clock_samd21_r21_da/clock.o
 .text.system_apb_clock_set_divider
                0x000073a8       0x54 src/ASF/sam0/drivers/system/clock/clock_samd21_r21_da/clock.o
 .text.system_flash_set_waitstates
                0x000073fc       0x34 src/ASF/sam0/drivers/system/clock/clock_samd21_r21_da/clock.o
 .text._system_dfll_wait_for_sync
                0x00007430       0x1c src/ASF/sam0/drivers/system/clock/clock_samd21_r21_da/clock.o
 .text._system_clock_source_dfll_set_config_errata_9905
                0x0000744c       0x44 src/ASF/sam0/drivers/system/clock/clock_samd21_r21_da/clock.o
 .text.system_clock_source_get_hz
                0x00007490       0xbc src/ASF/sam0/drivers/system/clock/clock_samd21_r21_da/clock.o
                0x00007490                system_clock_source_get_hz
 .text.system_clock_source_osc8m_set_config
                0x0000754c       0x78 src/ASF/sam0/drivers/system/clock/clock_samd21_r21_da/clock.o
                0x0000754c                system_clock_source_osc8m_set_config
 .text.system_clock_source_osc32k_set_config
                0x000075c4       0xcc src/ASF/sam0/drivers/system/clock/clock_samd21_r21_da/clock.o
                0x000075c4                system_clock_source_osc32k_set_config
 .text.system_clock_source_enable
                0x00007690       0xac src/ASF/sam0/drivers/system/clock/clock_samd21_r21_da/clock.o
                0x00007690                system_clock_source_enable
 .text._switch_peripheral_gclk
                0x0000773c       0x38 src/ASF/sam0/drivers/system/clock/clock_samd21_r21_da/clock.o
 .text.system_clock_init
                0x00007774      0x184 src/ASF/sam0/drivers/system/clock/clock_samd21_r21_da/clock.o
                0x00007774                system_clock_init
 .text.system_apb_clock_set_mask
                0x000078f8       0x5c src/ASF/sam0/drivers/system/clock/clock_samd21_r21_da/gclk.o
 .text.system_interrupt_enter_critical_section
                0x00007954       0x14 src/ASF/sam0/drivers/system/clock/clock_samd21_r21_da/gclk.o
 .text.system_interrupt_leave_critical_section
                0x00007968       0x14 src/ASF/sam0/drivers/system/clock/clock_samd21_r21_da/gclk.o
 .text.system_gclk_is_syncing
                0x0000797c       0x20 src/ASF/sam0/drivers/system/clock/clock_samd21_r21_da/gclk.o
 .text.system_gclk_init
                0x0000799c       0x30 src/ASF/sam0/drivers/system/clock/clock_samd21_r21_da/gclk.o
                0x0000799c                system_gclk_init
 .text.system_gclk_gen_set_config
                0x000079cc      0x124 src/ASF/sam0/drivers/system/clock/clock_samd21_r21_da/gclk.o
                0x000079cc                system_gclk_gen_set_config
 .text.system_gclk_gen_enable
                0x00007af0       0x5c src/ASF/sam0/drivers/system/clock/clock_samd21_r21_da/gclk.o
                0x00007af0                system_gclk_gen_enable
 .text.system_gclk_gen_get_hz
                0x00007b4c       0xd8 src/ASF/sam0/drivers/system/clock/clock_samd21_r21_da/gclk.o
                0x00007b4c                system_gclk_gen_get_hz
 .text.system_gclk_chan_set_config
                0x00007c24       0x44 src/ASF/sam0/drivers/system/clock/clock_samd21_r21_da/gclk.o
                0x00007c24                system_gclk_chan_set_config
 .text.system_gclk_chan_enable
                0x00007c68       0x48 src/ASF/sam0/drivers/system/clock/clock_samd21_r21_da/gclk.o
                0x00007c68                system_gclk_chan_enable
 .text.system_gclk_chan_disable
                0x00007cb0       0x98 src/ASF/sam0/drivers/system/clock/clock_samd21_r21_da/gclk.o
                0x00007cb0                system_gclk_chan_disable
 .text.system_gclk_chan_get_hz
                0x00007d48       0x58 src/ASF/sam0/drivers/system/clock/clock_samd21_r21_da/gclk.o
                0x00007d48                system_gclk_chan_get_hz
 .text.system_pinmux_get_group_from_gpio_pin
                0x00007da0       0x60 src/ASF/sam0/drivers/system/pinmux/pinmux.o
 .text._system_pinmux_config
                0x00007e00      0x110 src/ASF/sam0/drivers/system/pinmux/pinmux.o
 .text.system_pinmux_pin_set_config
                0x00007f10       0x48 src/ASF/sam0/drivers/system/pinmux/pinmux.o
                0x00007f10                system_pinmux_pin_set_config
 .text._system_dummy_init
                0x00007f58        0xa src/ASF/sam0/drivers/system/system.o
                0x00007f58                _system_extint_init
                0x00007f58                _system_events_init
                0x00007f58                _system_dummy_init
                0x00007f58                _system_divas_init
 *fill*         0x00007f62        0x2 
 .text.system_init
                0x00007f64       0x34 src/ASF/sam0/drivers/system/system.o
                0x00007f64                system_init
 .text.nvm_get_config_defaults
                0x00007f98       0x3c src/ASF/sam0/services/eeprom/emulator/main_array/eeprom.o
 .text._eeprom_emulator_nvm_erase_row
                0x00007fd4       0x48 src/ASF/sam0/services/eeprom/emulator/main_array/eeprom.o
 .text._eeprom_emulator_nvm_fill_cache
                0x0000801c       0x50 src/ASF/sam0/services/eeprom/emulator/main_array/eeprom.o
 .text._eeprom_emulator_nvm_commit_cache
                0x0000806c       0x4c src/ASF/sam0/services/eeprom/emulator/main_array/eeprom.o
 .text._eeprom_emulator_nvm_read_page
                0x000080b8       0x50 src/ASF/sam0/services/eeprom/emulator/main_array/eeprom.o
 .text._eeprom_emulator_format_memory
                0x00008108       0xec src/ASF/sam0/services/eeprom/emulator/main_array/eeprom.o
 .text._eeprom_emulator_update_page_mapping
                0x000081f4      0x14c src/ASF/sam0/services/eeprom/emulator/main_array/eeprom.o
 .text._eeprom_emulator_is_page_free_on_row
                0x00008340       0x98 src/ASF/sam0/services/eeprom/emulator/main_array/eeprom.o
 .text._eeprom_emulator_move_data_to_spare
                0x000083d8      0x1e0 src/ASF/sam0/services/eeprom/emulator/main_array/eeprom.o
 .text._eeprom_emulator_create_master_page
                0x000085b8       0xc8 src/ASF/sam0/services/eeprom/emulator/main_array/eeprom.o
 .text._eeprom_emulator_verify_master_page
                0x00008680       0xa0 src/ASF/sam0/services/eeprom/emulator/main_array/eeprom.o
 .text.eeprom_emulator_init
                0x00008720       0xe8 src/ASF/sam0/services/eeprom/emulator/main_array/eeprom.o
                0x00008720                eeprom_emulator_init
 .text.eeprom_emulator_erase_memory
                0x00008808       0x24 src/ASF/sam0/services/eeprom/emulator/main_array/eeprom.o
                0x00008808                eeprom_emulator_erase_memory
 .text.eeprom_emulator_write_page
                0x0000882c      0x10c src/ASF/sam0/services/eeprom/emulator/main_array/eeprom.o
                0x0000882c                eeprom_emulator_write_page
 .text.eeprom_emulator_read_page
                0x00008938       0x9c src/ASF/sam0/services/eeprom/emulator/main_array/eeprom.o
                0x00008938                eeprom_emulator_read_page
 .text.eeprom_emulator_commit_page_buffer
                0x000089d4       0x58 src/ASF/sam0/services/eeprom/emulator/main_array/eeprom.o
                0x000089d4                eeprom_emulator_commit_page_buffer
 .text.Reset_Handler
                0x00008a2c       0xf8 src/ASF/sam0/utils/cmsis/samd21/source/gcc/startup_samd21.o
                0x00008a2c                Reset_Handler
 .text.Dummy_Handler
                0x00008b24        0x6 src/ASF/sam0/utils/cmsis/samd21/source/gcc/startup_samd21.o
                0x00008b24                HardFault_Handler
                0x00008b24                AC_Handler
                0x00008b24                SysTick_Handler
                0x00008b24                PendSV_Handler
                0x00008b24                NMI_Handler
                0x00008b24                ADC_Handler
                0x00008b24                RTC_Handler
                0x00008b24                EIC_Handler
                0x00008b24                WDT_Handler
                0x00008b24                USB_Handler
                0x00008b24                Dummy_Handler
                0x00008b24                PM_Handler
                0x00008b24                SVC_Handler
                0x00008b24                EVSYS_Handler
                0x00008b24                I2S_Handler
                0x00008b24                NVMCTRL_Handler
                0x00008b24                DAC_Handler
                0x00008b24                PTC_Handler
                0x00008b24                SYSCTRL_Handler
 *fill*         0x00008b2a        0x2 
 .text.system_pinmux_get_group_from_gpio_pin
                0x00008b2c       0x60 src/main.o
 .text.adc_is_syncing
                0x00008b8c       0x28 src/main.o
 .text.adc_get_status
                0x00008bb4       0x54 src/main.o
 .text.adc_clear_status
                0x00008c08       0x54 src/main.o
 .text.adc_enable
                0x00008c5c       0x48 src/main.o
 .text.adc_start_conversion
                0x00008ca4       0x48 src/main.o
 .text.adc_read
                0x00008cec       0x7c src/main.o
 .text.port_get_group_from_gpio_pin
                0x00008d68       0x24 src/main.o
 .text.port_get_config_defaults
                0x00008d8c       0x22 src/main.o
 *fill*         0x00008dae        0x2 
 .text.port_pin_get_input_level
                0x00008db0       0x44 src/main.o
 .text.port_pin_set_output_level
                0x00008df4       0x54 src/main.o
 .text.system_interrupt_enable
                0x00008e48       0x2c src/main.o
 .text.system_interrupt_disable
                0x00008e74       0x30 src/main.o
 .text.i2c_master_is_syncing
                0x00008ea4       0x24 src/main.o
 .text._i2c_master_wait_for_sync
                0x00008ec8       0x24 src/main.o
 .text.i2c_master_get_config_defaults
                0x00008eec       0x84 src/main.o
 .text.i2c_master_enable
                0x00008f70       0x74 src/main.o
 .text.i2c_slave_is_syncing
                0x00008fe4       0x24 src/main.o
 .text._i2c_slave_wait_for_sync
                0x00009008       0x24 src/main.o
 .text.i2c_slave_get_config_defaults
                0x0000902c       0x80 src/main.o
 .text.i2c_slave_enable
                0x000090ac       0x48 src/main.o
 .text.i2c_slave_enable_callback
                0x000090f4       0x54 src/main.o
 .text.usart_is_syncing
                0x00009148       0x20 src/main.o
 .text._usart_wait_for_sync
                0x00009168       0x24 src/main.o
 .text.usart_get_config_defaults
                0x0000918c       0xbe src/main.o
 *fill*         0x0000924a        0x2 
 .text.usart_enable
                0x0000924c       0x48 src/main.o
 .text.usart_disable
                0x00009294       0x4c src/main.o
 .text.tc_is_syncing
                0x000092e0       0x28 src/main.o
 .text.tc_get_config_defaults
                0x00009308       0x88 src/main.o
 .text.tc_enable
                0x00009390       0x38 src/main.o
 .text.tcc_enable
                0x000093c8       0x2e src/main.o
 *fill*         0x000093f6        0x2 
 .text.initIMU  0x000093f8      0x164 src/main.o
                0x000093f8                initIMU
 .text.beginIMU
                0x0000955c       0xb8 src/main.o
                0x0000955c                beginIMU
 .text.initGyro
                0x00009614      0x180 src/main.o
                0x00009614                initGyro
 .text.initAccel
                0x00009794      0x144 src/main.o
                0x00009794                initAccel
 .text.calibrate
                0x000098d8      0x244 src/main.o
                0x000098d8                calibrate
 .text.initMag  0x00009b1c      0x144 src/main.o
                0x00009b1c                initMag
 .text.readAccel
                0x00009c60       0xcc src/main.o
                0x00009c60                readAccel
 .text.readMag  0x00009d2c       0x6c src/main.o
                0x00009d2c                readMag
 .text.readGyro
                0x00009d98       0xcc src/main.o
                0x00009d98                readGyro
 .text.calcGyro
                0x00009e64       0x38 src/main.o
                0x00009e64                calcGyro
 .text.calcAccel
                0x00009e9c       0x38 src/main.o
                0x00009e9c                calcAccel
 .text.calcgRes
                0x00009ed4       0x38 src/main.o
                0x00009ed4                calcgRes
 .text.calcaRes
                0x00009f0c       0x38 src/main.o
                0x00009f0c                calcaRes
 .text.calcmRes
                0x00009f44       0x5c src/main.o
                0x00009f44                calcmRes
 .text.enableFIFO
                0x00009fa0       0x64 src/main.o
                0x00009fa0                enableFIFO
 .text.setFIFO  0x0000a004       0x54 src/main.o
                0x0000a004                setFIFO
 .text.constrainScales
                0x0000a058       0x8c src/main.o
                0x0000a058                constrainScales
 .text.xgWriteByte
                0x0000a0e4       0x34 src/main.o
                0x0000a0e4                xgWriteByte
 .text.mWriteByte
                0x0000a118       0x34 src/main.o
                0x0000a118                mWriteByte
 .text.xgReadByte
                0x0000a14c       0x30 src/main.o
                0x0000a14c                xgReadByte
 .text.xgReadBytes
                0x0000a17c       0x3c src/main.o
                0x0000a17c                xgReadBytes
 .text.mReadByte
                0x0000a1b8       0x30 src/main.o
                0x0000a1b8                mReadByte
 .text.mReadBytes
                0x0000a1e8       0x3c src/main.o
                0x0000a1e8                mReadBytes
 .text.initI2C  0x0000a224       0x58 src/main.o
                0x0000a224                initI2C
 .text.writeByte
                0x0000a27c       0xa8 src/main.o
                0x0000a27c                writeByte
 .text.readByte
                0x0000a324       0xd0 src/main.o
                0x0000a324                readByte
 .text.readBytes
                0x0000a3f4      0x128 src/main.o
                0x0000a3f4                readBytes
 .text.CorrectIMUvalues
                0x0000a51c      0xb94 src/main.o
                0x0000a51c                CorrectIMUvalues
 .text.configure_tc
                0x0000b0b0       0x58 src/main.o
                0x0000b0b0                configure_tc
 .text.millis   0x0000b108       0x30 src/main.o
                0x0000b108                millis
 .text.check_time
                0x0000b138       0x28 src/main.o
                0x0000b138                check_time
 .text.configure_LED_PWM
                0x0000b160      0x194 src/main.o
                0x0000b160                configure_LED_PWM
 .text.setLeftRGB
                0x0000b2f4       0x7c src/main.o
                0x0000b2f4                setLeftRGB
 .text.setRightRGB
                0x0000b370       0x74 src/main.o
                0x0000b370                setRightRGB
 .text.setWhite
                0x0000b3e4       0x38 src/main.o
                0x0000b3e4                setWhite
 .text.setRed   0x0000b41c       0x38 src/main.o
                0x0000b41c                setRed
 .text.setAux   0x0000b454       0x24 src/main.o
                0x0000b454                setAux
 .text.setCycleColor
                0x0000b478      0x110 src/main.o
                0x0000b478                setCycleColor
 .text.setConstBases
                0x0000b588       0xa8 src/main.o
                0x0000b588                setConstBases
 .text.ERROR_LEDs
                0x0000b630      0x16c src/main.o
                0x0000b630                ERROR_LEDs
 .text.TurnSignal
                0x0000b79c       0xd0 src/main.o
                0x0000b79c                TurnSignal
 .text.crc16    0x0000b86c       0x84 src/main.o
                0x0000b86c                crc16
 .text.configure_vesc_usart
                0x0000b8f0       0xd0 src/main.o
                0x0000b8f0                configure_vesc_usart
 .text.send_packet
                0x0000b9c0      0x15c src/main.o
                0x0000b9c0                send_packet
 .text.process_recieved_packet
                0x0000bb1c      0xef0 src/main.o
                0x0000bb1c                process_recieved_packet
 .text.buffer_get_float32_auto
                0x0000ca0c      0x110 src/main.o
                0x0000ca0c                buffer_get_float32_auto
 .text.vesc_get_fw_version
                0x0000cb1c       0xd8 src/main.o
                0x0000cb1c                vesc_get_fw_version
 .text.vesc_get_vals
                0x0000cbf4      0x1d8 src/main.o
                0x0000cbf4                vesc_get_vals
 .text.vesc_get_mcconf
                0x0000cdcc       0xd8 src/main.o
                0x0000cdcc                vesc_get_mcconf
 .text.vesc_get_pwm
                0x0000cea4       0xd8 src/main.o
                0x0000cea4                vesc_get_pwm
 .text.vesc_get_chuck
                0x0000cf7c       0xd8 src/main.o
                0x0000cf7c                vesc_get_chuck
 .text.vesc_read_all
                0x0000d054      0x17c src/main.o
                0x0000d054                vesc_read_all
 .text.detect_vesc_firmware
                0x0000d1d0      0x5b0 src/main.o
                0x0000d1d0                detect_vesc_firmware
 .text.CHECK_BUFFER
                0x0000d780       0x5c src/main.o
                0x0000d780                CHECK_BUFFER
 .text.read_vesc_packet
                0x0000d7dc      0x188 src/main.o
                0x0000d7dc                read_vesc_packet
 .text.config_eic_channel
                0x0000d964       0xe0 src/main.o
                0x0000d964                config_eic_channel
 .text.config_eic
                0x0000da44       0x78 src/main.o
                0x0000da44                config_eic
 .text.config_evsys
                0x0000dabc       0x78 src/main.o
                0x0000dabc                config_evsys
 .text.gpio_in  0x0000db34       0x5c src/main.o
                0x0000db34                gpio_in
 .text.gpio_pmuxen
                0x0000db90       0xb0 src/main.o
                0x0000db90                gpio_pmuxen
 .text.config_gpio
                0x0000dc40       0x28 src/main.o
                0x0000dc40                config_gpio
 .text.get_pulse_width
                0x0000dc68       0x18 src/main.o
                0x0000dc68                get_pulse_width
 .text.HandleUserInput
                0x0000dc80      0x9a8 src/main.o
                0x0000dc80                HandleUserInput
 .text.save_led_data
                0x0000e628      0x2dc src/main.o
                0x0000e628                save_led_data
 .text.restore_led_data
                0x0000e904      0x514 src/main.o
                0x0000e904                restore_led_data
 .text.save_cal_data
                0x0000ee18      0x138 src/main.o
                0x0000ee18                save_cal_data
 .text.restore_cal_data
                0x0000ef50      0x1b8 src/main.o
                0x0000ef50                restore_cal_data
 .text.save_orientation_controls_remote_esc
                0x0000f108      0x180 src/main.o
                0x0000f108                save_orientation_controls_remote_esc
 .text.restore_orientation_controls_remote_esc
                0x0000f288      0x210 src/main.o
                0x0000f288                restore_orientation_controls_remote_esc
 .text.configure_ble_usart
                0x0000f498       0x88 src/main.o
                0x0000f498                configure_ble_usart
 .text.configure_BLE_module
                0x0000f520      0x230 src/main.o
                0x0000f520                configure_BLE_module
 .text.check_ble_AT_recieved
                0x0000f750       0x2c src/main.o
                0x0000f750                check_ble_AT_recieved
 .text.check_ble_packet_recieved
                0x0000f77c       0x34 src/main.o
                0x0000f77c                check_ble_packet_recieved
 .text.process_ble_packet
                0x0000f7b0      0xa30 src/main.o
                0x0000f7b0                process_ble_packet
 .text.read_ble_packet
                0x000101e0       0xe0 src/main.o
                0x000101e0                read_ble_packet
 .text.configure_ADC
                0x000102c0       0x90 src/main.o
                0x000102c0                configure_ADC
 .text.configure_port_pins
                0x00010350       0x80 src/main.o
                0x00010350                configure_port_pins
 .text.configure_i2c_slave
                0x000103d0       0x64 src/main.o
                0x000103d0                configure_i2c_slave
 .text.i2c_write_request_callback
                0x00010434      0x2fc src/main.o
                0x00010434                i2c_write_request_callback
 .text.i2c_read_request_callback
                0x00010730       0x68 src/main.o
                0x00010730                i2c_read_request_callback
 .text.configure_i2c_slave_callbacks
                0x00010798       0x4c src/main.o
                0x00010798                configure_i2c_slave_callbacks
 .text.configure_eeprom
                0x000107e4       0x3c src/main.o
                0x000107e4                configure_eeprom
 .text.main     0x00010820     0x3190 src/main.o
                0x00010820                main
 .text.getLightSens
                0x000139b0       0x54 src/main.o
                0x000139b0                getLightSens
 .text.averageAX
                0x00013a04       0x80 src/main.o
                0x00013a04                averageAX
 .text.averageAY
                0x00013a84       0x80 src/main.o
                0x00013a84                averageAY
 .text.sensorControl
                0x00013b04      0x1c8 src/main.o
                0x00013b04                sensorControl
 .text.lightControlSide
                0x00013ccc        0xc src/main.o
                0x00013ccc                lightControlSide
 .text.lightControlHead
                0x00013cd8        0xc src/main.o
                0x00013cd8                lightControlHead
 .text.initKalman
                0x00013ce4       0xd8 src/main.o
                0x00013ce4                initKalman
 .text.updateKalman
                0x00013dbc      0x1dc src/main.o
                0x00013dbc                updateKalman
 .text.ldexpf   0x00013f98       0x48 c:/disks/atmel/studio/7.0/toolchain/arm/arm-gnu-toolchain/bin/../lib/gcc/arm-none-eabi/6.3.1/../../../../arm-none-eabi/lib/thumb/v6-m\libm.a(lib_a-sf_ldexp.o)
                0x00013f98                ldexpf
 .text.scalbnf  0x00013fe0       0xc8 c:/disks/atmel/studio/7.0/toolchain/arm/arm-gnu-toolchain/bin/../lib/gcc/arm-none-eabi/6.3.1/../../../../arm-none-eabi/lib/thumb/v6-m\libm.a(lib_a-sf_scalbn.o)
                0x00013fe0                scalbnf
 .text.copysignf
                0x000140a8        0xc c:/disks/atmel/studio/7.0/toolchain/arm/arm-gnu-toolchain/bin/../lib/gcc/arm-none-eabi/6.3.1/../../../../arm-none-eabi/lib/thumb/v6-m\libm.a(lib_a-sf_copysign.o)
                0x000140a8                copysignf
 .text.finitef  0x000140b4       0x14 c:/disks/atmel/studio/7.0/toolchain/arm/arm-gnu-toolchain/bin/../lib/gcc/arm-none-eabi/6.3.1/../../../../arm-none-eabi/lib/thumb/v6-m\libm.a(lib_a-sf_finite.o)
                0x000140b4                finitef
 .text          0x000140c8      0x114 c:/disks/atmel/studio/7.0/toolchain/arm/arm-gnu-toolchain/bin/../lib/gcc/arm-none-eabi/6.3.1/thumb/v6-m\libgcc.a(_udivsi3.o)
                0x000140c8                __aeabi_uidiv
                0x000140c8                __udivsi3
                0x000141d4                __aeabi_uidivmod
 .text          0x000141dc      0x1d4 c:/disks/atmel/studio/7.0/toolchain/arm/arm-gnu-toolchain/bin/../lib/gcc/arm-none-eabi/6.3.1/thumb/v6-m\libgcc.a(_divsi3.o)
                0x000141dc                __divsi3
                0x000141dc                __aeabi_idiv
                0x000143a8                __aeabi_idivmod
 .text          0x000143b0        0x4 c:/disks/atmel/studio/7.0/toolchain/arm/arm-gnu-toolchain/bin/../lib/gcc/arm-none-eabi/6.3.1/thumb/v6-m\libgcc.a(_dvmd_tls.o)
                0x000143b0                __aeabi_idiv0
                0x000143b0                __aeabi_ldiv0
 .text          0x000143b4       0x7c c:/disks/atmel/studio/7.0/toolchain/arm/arm-gnu-toolchain/bin/../lib/gcc/arm-none-eabi/6.3.1/thumb/v6-m\libgcc.a(_arm_cmpdf2.o)
                0x000143b4                __aeabi_cdrcmple
                0x000143c4                __aeabi_cdcmple
                0x000143c4                __aeabi_cdcmpeq
                0x000143d4                __aeabi_dcmpeq
                0x000143e0                __aeabi_dcmplt
                0x000143f4                __aeabi_dcmple
                0x00014408                __aeabi_dcmpgt
                0x0001441c                __aeabi_dcmpge
 .text          0x00014430       0x74 c:/disks/atmel/studio/7.0/toolchain/arm/arm-gnu-toolchain/bin/../lib/gcc/arm-none-eabi/6.3.1/thumb/v6-m\libgcc.a(_arm_cmpsf2.o)
                0x00014430                __aeabi_cfrcmple
                0x00014438                __aeabi_cfcmpeq
                0x00014438                __aeabi_cfcmple
                0x00014448                __aeabi_fcmpeq
                0x00014454                __aeabi_fcmplt
                0x00014468                __aeabi_fcmple
                0x0001447c                __aeabi_fcmpgt
                0x00014490                __aeabi_fcmpge
 .text          0x000144a4       0x54 c:/disks/atmel/studio/7.0/toolchain/arm/arm-gnu-toolchain/bin/../lib/gcc/arm-none-eabi/6.3.1/thumb/v6-m\libgcc.a(_muldi3.o)
                0x000144a4                __muldi3
                0x000144a4                __aeabi_lmul
 .text          0x000144f8       0x30 c:/disks/atmel/studio/7.0/toolchain/arm/arm-gnu-toolchain/bin/../lib/gcc/arm-none-eabi/6.3.1/thumb/v6-m\libgcc.a(_fixunssfsi.o)
                0x000144f8                __fixunssfsi
                0x000144f8                __aeabi_f2uiz
 .text          0x00014528       0x3c c:/disks/atmel/studio/7.0/toolchain/arm/arm-gnu-toolchain/bin/../lib/gcc/arm-none-eabi/6.3.1/thumb/v6-m\libgcc.a(_fixunsdfsi.o)
                0x00014528                __aeabi_d2uiz
                0x00014528                __fixunsdfsi
 .text          0x00014564      0x324 c:/disks/atmel/studio/7.0/toolchain/arm/arm-gnu-toolchain/bin/../lib/gcc/arm-none-eabi/6.3.1/thumb/v6-m\libgcc.a(addsf3.o)
                0x00014564                __aeabi_fadd
 .text          0x00014888      0x290 c:/disks/atmel/studio/7.0/toolchain/arm/arm-gnu-toolchain/bin/../lib/gcc/arm-none-eabi/6.3.1/thumb/v6-m\libgcc.a(divsf3.o)
                0x00014888                __aeabi_fdiv
 .text          0x00014b18       0x4c c:/disks/atmel/studio/7.0/toolchain/arm/arm-gnu-toolchain/bin/../lib/gcc/arm-none-eabi/6.3.1/thumb/v6-m\libgcc.a(eqsf2.o)
                0x00014b18                __eqsf2
                0x00014b18                __nesf2
 .text          0x00014b64       0x80 c:/disks/atmel/studio/7.0/toolchain/arm/arm-gnu-toolchain/bin/../lib/gcc/arm-none-eabi/6.3.1/thumb/v6-m\libgcc.a(gesf2.o)
                0x00014b64                __gesf2
                0x00014b64                __gtsf2
 .text          0x00014be4       0x84 c:/disks/atmel/studio/7.0/toolchain/arm/arm-gnu-toolchain/bin/../lib/gcc/arm-none-eabi/6.3.1/thumb/v6-m\libgcc.a(lesf2.o)
                0x00014be4                __ltsf2
                0x00014be4                __lesf2
 .text          0x00014c68      0x240 c:/disks/atmel/studio/7.0/toolchain/arm/arm-gnu-toolchain/bin/../lib/gcc/arm-none-eabi/6.3.1/thumb/v6-m\libgcc.a(mulsf3.o)
                0x00014c68                __aeabi_fmul
 .text          0x00014ea8      0x338 c:/disks/atmel/studio/7.0/toolchain/arm/arm-gnu-toolchain/bin/../lib/gcc/arm-none-eabi/6.3.1/thumb/v6-m\libgcc.a(subsf3.o)
                0x00014ea8                __aeabi_fsub
 .text          0x000151e0       0x40 c:/disks/atmel/studio/7.0/toolchain/arm/arm-gnu-toolchain/bin/../lib/gcc/arm-none-eabi/6.3.1/thumb/v6-m\libgcc.a(fixsfsi.o)
                0x000151e0                __aeabi_f2iz
 .text          0x00015220       0xa0 c:/disks/atmel/studio/7.0/toolchain/arm/arm-gnu-toolchain/bin/../lib/gcc/arm-none-eabi/6.3.1/thumb/v6-m\libgcc.a(floatsisf.o)
                0x00015220                __aeabi_i2f
 .text          0x000152c0       0x8c c:/disks/atmel/studio/7.0/toolchain/arm/arm-gnu-toolchain/bin/../lib/gcc/arm-none-eabi/6.3.1/thumb/v6-m\libgcc.a(floatunsisf.o)
                0x000152c0                __aeabi_ui2f
 .text          0x0001534c      0x620 c:/disks/atmel/studio/7.0/toolchain/arm/arm-gnu-toolchain/bin/../lib/gcc/arm-none-eabi/6.3.1/thumb/v6-m\libgcc.a(adddf3.o)
                0x0001534c                __aeabi_dadd
 .text          0x0001596c      0x668 c:/disks/atmel/studio/7.0/toolchain/arm/arm-gnu-toolchain/bin/../lib/gcc/arm-none-eabi/6.3.1/thumb/v6-m\libgcc.a(divdf3.o)
                0x0001596c                __aeabi_ddiv
 .text          0x00015fd4       0x74 c:/disks/atmel/studio/7.0/toolchain/arm/arm-gnu-toolchain/bin/../lib/gcc/arm-none-eabi/6.3.1/thumb/v6-m\libgcc.a(eqdf2.o)
                0x00015fd4                __nedf2
                0x00015fd4                __eqdf2
 .text          0x00016048       0xc8 c:/disks/atmel/studio/7.0/toolchain/arm/arm-gnu-toolchain/bin/../lib/gcc/arm-none-eabi/6.3.1/thumb/v6-m\libgcc.a(gedf2.o)
                0x00016048                __gedf2
                0x00016048                __gtdf2
 .text          0x00016110       0xc4 c:/disks/atmel/studio/7.0/toolchain/arm/arm-gnu-toolchain/bin/../lib/gcc/arm-none-eabi/6.3.1/thumb/v6-m\libgcc.a(ledf2.o)
                0x00016110                __ledf2
                0x00016110                __ltdf2
 .text          0x000161d4      0x500 c:/disks/atmel/studio/7.0/toolchain/arm/arm-gnu-toolchain/bin/../lib/gcc/arm-none-eabi/6.3.1/thumb/v6-m\libgcc.a(muldf3.o)
                0x000161d4                __aeabi_dmul
 .text          0x000166d4      0x62c c:/disks/atmel/studio/7.0/toolchain/arm/arm-gnu-toolchain/bin/../lib/gcc/arm-none-eabi/6.3.1/thumb/v6-m\libgcc.a(subdf3.o)
                0x000166d4                __aeabi_dsub
 .text          0x00016d00       0x68 c:/disks/atmel/studio/7.0/toolchain/arm/arm-gnu-toolchain/bin/../lib/gcc/arm-none-eabi/6.3.1/thumb/v6-m\libgcc.a(fixdfsi.o)
                0x00016d00                __aeabi_d2iz
 .text          0x00016d68       0x84 c:/disks/atmel/studio/7.0/toolchain/arm/arm-gnu-toolchain/bin/../lib/gcc/arm-none-eabi/6.3.1/thumb/v6-m\libgcc.a(floatsidf.o)
                0x00016d68                __aeabi_i2d
 .text          0x00016dec       0x70 c:/disks/atmel/studio/7.0/toolchain/arm/arm-gnu-toolchain/bin/../lib/gcc/arm-none-eabi/6.3.1/thumb/v6-m\libgcc.a(floatunsidf.o)
                0x00016dec                __aeabi_ui2d
 .text          0x00016e5c       0xa4 c:/disks/atmel/studio/7.0/toolchain/arm/arm-gnu-toolchain/bin/../lib/gcc/arm-none-eabi/6.3.1/thumb/v6-m\libgcc.a(extendsfdf2.o)
                0x00016e5c                __aeabi_f2d
 .text          0x00016f00      0x114 c:/disks/atmel/studio/7.0/toolchain/arm/arm-gnu-toolchain/bin/../lib/gcc/arm-none-eabi/6.3.1/thumb/v6-m\libgcc.a(truncdfsf2.o)
                0x00016f00                __aeabi_d2f
 .text          0x00017014       0x3c c:/disks/atmel/studio/7.0/toolchain/arm/arm-gnu-toolchain/bin/../lib/gcc/arm-none-eabi/6.3.1/thumb/v6-m\libgcc.a(_clzsi2.o)
                0x00017014                __clzsi2
 .text.__errno  0x00017050        0xc c:/disks/atmel/studio/7.0/toolchain/arm/arm-gnu-toolchain/bin/../lib/gcc/arm-none-eabi/6.3.1/../../../../arm-none-eabi/lib/thumb/v6-m\libc_nano.a(lib_a-errno.o)
                0x00017050                __errno
 .text.__libc_init_array
                0x0001705c       0x48 c:/disks/atmel/studio/7.0/toolchain/arm/arm-gnu-toolchain/bin/../lib/gcc/arm-none-eabi/6.3.1/../../../../arm-none-eabi/lib/thumb/v6-m\libc_nano.a(lib_a-init.o)
                0x0001705c                __libc_init_array
 .text.memcpy   0x000170a4       0x12 c:/disks/atmel/studio/7.0/toolchain/arm/arm-gnu-toolchain/bin/../lib/gcc/arm-none-eabi/6.3.1/../../../../arm-none-eabi/lib/thumb/v6-m\libc_nano.a(lib_a-memcpy-stub.o)
                0x000170a4                memcpy
 .text.memset   0x000170b6       0x10 c:/disks/atmel/studio/7.0/toolchain/arm/arm-gnu-toolchain/bin/../lib/gcc/arm-none-eabi/6.3.1/../../../../arm-none-eabi/lib/thumb/v6-m\libc_nano.a(lib_a-memset.o)
                0x000170b6                memset
 *(.glue_7t)
 .glue_7t       0x000170c6        0x0 linker stubs
 *(.glue_7)
 .glue_7        0x000170c6        0x0 linker stubs
 *(.rodata .rodata* .gnu.linkonce.r.*)
 *fill*         0x000170c6        0x2 
 .rodata        0x000170c8       0x50 src/ASF/sam0/drivers/adc/adc_sam_d_r/adc.o
 .rodata._adc_set_config
                0x00017118       0xd4 src/ASF/sam0/drivers/adc/adc_sam_d_r/adc.o
 .rodata.nvm_execute_command
                0x000171ec      0x118 src/ASF/sam0/drivers/nvm/nvm.o
 .rodata._tcc_intflag
                0x00017304       0x30 src/ASF/sam0/drivers/tcc/tcc_callback.o
                0x00017304                _tcc_intflag
 .rodata.tcc_modules
                0x00017334        0xc src/ASF/sam0/drivers/tcc/tcc.o
                0x00017334                tcc_modules
 .rodata._tcc_gclk_ids
                0x00017340        0x3 src/ASF/sam0/drivers/tcc/tcc.o
                0x00017340                _tcc_gclk_ids
 *fill*         0x00017343        0x1 
 .rodata._tcc_apbcmasks
                0x00017344        0xc src/ASF/sam0/drivers/tcc/tcc.o
                0x00017344                _tcc_apbcmasks
 .rodata._tcc_maxs
                0x00017350        0xc src/ASF/sam0/drivers/tcc/tcc.o
                0x00017350                _tcc_maxs
 .rodata._tcc_cc_nums
                0x0001735c        0x3 src/ASF/sam0/drivers/tcc/tcc.o
                0x0001735c                _tcc_cc_nums
 *fill*         0x0001735f        0x1 
 .rodata._tcc_ow_nums
                0x00017360        0x3 src/ASF/sam0/drivers/tcc/tcc.o
                0x00017360                _tcc_ow_nums
 *fill*         0x00017363        0x1 
 .rodata        0x00017364       0x16 src/ASF/sam0/drivers/tc/tc_sam_d_r/tc.o
 *fill*         0x0001737a        0x2 
 .rodata        0x0001737c       0x18 src/ASF/sam0/drivers/sercom/sercom.o
 .rodata        0x00017394        0x6 src/ASF/sam0/drivers/sercom/sercom_interrupt.o
 *fill*         0x0001739a        0x2 
 .rodata.system_clock_source_get_hz
                0x0001739c       0x24 src/ASF/sam0/drivers/system/clock/clock_samd21_r21_da/clock.o
 .rodata.system_clock_source_enable
                0x000173c0       0x24 src/ASF/sam0/drivers/system/clock/clock_samd21_r21_da/clock.o
 .rodata        0x000173e4        0xc src/ASF/sam0/services/eeprom/emulator/main_array/eeprom.o
 .rodata.crc16_tab
                0x000173f0      0x200 src/main.o
                0x000173f0                crc16_tab
 .rodata.HandleUserInput
                0x000175f0       0x34 src/main.o
 .rodata        0x00017624       0xb6 src/main.o
 *fill*         0x000176da        0x2 
 .rodata.process_ble_packet
                0x000176dc      0x154 src/main.o
 .rodata.main   0x00017830       0x70 src/main.o
 .rodata        0x000178a0       0x80 c:/disks/atmel/studio/7.0/toolchain/arm/arm-gnu-toolchain/bin/../lib/gcc/arm-none-eabi/6.3.1/thumb/v6-m\libgcc.a(divsf3.o)
 .rodata        0x00017920       0x40 c:/disks/atmel/studio/7.0/toolchain/arm/arm-gnu-toolchain/bin/../lib/gcc/arm-none-eabi/6.3.1/thumb/v6-m\libgcc.a(mulsf3.o)
 .rodata        0x00017960       0x40 c:/disks/atmel/studio/7.0/toolchain/arm/arm-gnu-toolchain/bin/../lib/gcc/arm-none-eabi/6.3.1/thumb/v6-m\libgcc.a(divdf3.o)
 .rodata        0x000179a0       0x40 c:/disks/atmel/studio/7.0/toolchain/arm/arm-gnu-toolchain/bin/../lib/gcc/arm-none-eabi/6.3.1/thumb/v6-m\libgcc.a(muldf3.o)
 .rodata.__sf_fake_stderr
                0x000179e0       0x20 c:/disks/atmel/studio/7.0/toolchain/arm/arm-gnu-toolchain/bin/../lib/gcc/arm-none-eabi/6.3.1/../../../../arm-none-eabi/lib/thumb/v6-m\libc_nano.a(lib_a-findfp.o)
                0x000179e0                __sf_fake_stderr
 .rodata.__sf_fake_stdin
                0x00017a00       0x20 c:/disks/atmel/studio/7.0/toolchain/arm/arm-gnu-toolchain/bin/../lib/gcc/arm-none-eabi/6.3.1/../../../../arm-none-eabi/lib/thumb/v6-m\libc_nano.a(lib_a-findfp.o)
                0x00017a00                __sf_fake_stdin
 .rodata.__sf_fake_stdout
                0x00017a20       0x20 c:/disks/atmel/studio/7.0/toolchain/arm/arm-gnu-toolchain/bin/../lib/gcc/arm-none-eabi/6.3.1/../../../../arm-none-eabi/lib/thumb/v6-m\libc_nano.a(lib_a-findfp.o)
                0x00017a20                __sf_fake_stdout
 *(.ARM.extab* .gnu.linkonce.armextab.*)
                0x00017a40                . = ALIGN (0x4)
 *(.init)
 .init          0x00017a40        0x4 c:/disks/atmel/studio/7.0/toolchain/arm/arm-gnu-toolchain/bin/../lib/gcc/arm-none-eabi/6.3.1/thumb/v6-m/crti.o
                0x00017a40                _init
 .init          0x00017a44        0x8 c:/disks/atmel/studio/7.0/toolchain/arm/arm-gnu-toolchain/bin/../lib/gcc/arm-none-eabi/6.3.1/thumb/v6-m/crtn.o
                0x00017a4c                . = ALIGN (0x4)
                0x00017a4c                __preinit_array_start = .
 *(.preinit_array)
                0x00017a4c                __preinit_array_end = .
                0x00017a4c                . = ALIGN (0x4)
                0x00017a4c                __init_array_start = .
 *(SORT(.init_array.*))
 *(.init_array)
 .init_array    0x00017a4c        0x4 c:/disks/atmel/studio/7.0/toolchain/arm/arm-gnu-toolchain/bin/../lib/gcc/arm-none-eabi/6.3.1/thumb/v6-m/crtbegin.o
                0x00017a50                __init_array_end = .
                0x00017a50                . = ALIGN (0x4)
 *crtbegin.o(.ctors)
 *(EXCLUDE_FILE(*crtend.o) .ctors)
 *(SORT(.ctors.*))
 *crtend.o(.ctors)
                0x00017a50                . = ALIGN (0x4)
 *(.fini)
 .fini          0x00017a50        0x4 c:/disks/atmel/studio/7.0/toolchain/arm/arm-gnu-toolchain/bin/../lib/gcc/arm-none-eabi/6.3.1/thumb/v6-m/crti.o
                0x00017a50                _fini
 .fini          0x00017a54        0x8 c:/disks/atmel/studio/7.0/toolchain/arm/arm-gnu-toolchain/bin/../lib/gcc/arm-none-eabi/6.3.1/thumb/v6-m/crtn.o
                0x00017a5c                . = ALIGN (0x4)
                0x00017a5c                __fini_array_start = .
 *(.fini_array)
 .fini_array    0x00017a5c        0x4 c:/disks/atmel/studio/7.0/toolchain/arm/arm-gnu-toolchain/bin/../lib/gcc/arm-none-eabi/6.3.1/thumb/v6-m/crtbegin.o
 *(SORT(.fini_array.*))
                0x00017a60                __fini_array_end = .
 *crtbegin.o(.dtors)
 *(EXCLUDE_FILE(*crtend.o) .dtors)
 *(SORT(.dtors.*))
 *crtend.o(.dtors)
                0x00017a60                . = ALIGN (0x4)
                0x00017a60                _efixed = .
                [!provide]                PROVIDE (__exidx_start, .)

.vfp11_veneer   0x00017a60        0x0
 .vfp11_veneer  0x00017a60        0x0 linker stubs

.v4_bx          0x00017a60        0x0
 .v4_bx         0x00017a60        0x0 linker stubs

.iplt           0x00017a60        0x0
 .iplt          0x00017a60        0x0 c:/disks/atmel/studio/7.0/toolchain/arm/arm-gnu-toolchain/bin/../lib/gcc/arm-none-eabi/6.3.1/thumb/v6-m/crtbegin.o

.eh_frame       0x00017a60        0x0
 .eh_frame      0x00017a60        0x0 c:/disks/atmel/studio/7.0/toolchain/arm/arm-gnu-toolchain/bin/../lib/gcc/arm-none-eabi/6.3.1/thumb/v6-m/crtbegin.o

.rel.dyn        0x00017a60        0x0
 .rel.iplt      0x00017a60        0x0 c:/disks/atmel/studio/7.0/toolchain/arm/arm-gnu-toolchain/bin/../lib/gcc/arm-none-eabi/6.3.1/thumb/v6-m/crtbegin.o

.jcr            0x00017a60        0x0
 .jcr           0x00017a60        0x0 c:/disks/atmel/studio/7.0/toolchain/arm/arm-gnu-toolchain/bin/../lib/gcc/arm-none-eabi/6.3.1/thumb/v6-m/crtbegin.o

.igot.plt       0x00017a60        0x0
 .igot.plt      0x00017a60        0x0 c:/disks/atmel/studio/7.0/toolchain/arm/arm-gnu-toolchain/bin/../lib/gcc/arm-none-eabi/6.3.1/thumb/v6-m/crtbegin.o

.ARM.exidx
 *(.ARM.exidx* .gnu.linkonce.armexidx.*)
                [!provide]                PROVIDE (__exidx_end, .)
                0x00017a60                . = ALIGN (0x4)
                0x00017a60                _etext = .

.relocate       0x20000000      0x14c load address 0x00017a60
                0x20000000                . = ALIGN (0x4)
                0x20000000                _srelocate = .
 *(.ramfunc .ramfunc.*)
 *(.data .data.*)
 .data.g_interrupt_enabled
                0x20000000        0x1 src/ASF/common/utils/interrupt/interrupt_sam_nvic.o
                0x20000000                g_interrupt_enabled
 *fill*         0x20000001        0x3 
 .data.ORIENTATION
                0x20000004        0x2 src/main.o
                0x20000004                ORIENTATION
 *fill*         0x20000006        0x2 
 .data.magSensitivity
                0x20000008       0x10 src/main.o
                0x20000008                magSensitivity
 .data.deadzone
                0x20000018        0x1 src/main.o
                0x20000018                deadzone
 .data.GET_LIMITS
                0x20000019        0x1 src/main.o
                0x20000019                GET_LIMITS
 .data.esc_fw   0x2000001a        0x1 src/main.o
                0x2000001a                esc_fw
 .data.light_mode
                0x2000001b        0x1 src/main.o
                0x2000001b                light_mode
 .data.Static_RGB
                0x2000001c        0xc src/main.o
                0x2000001c                Static_RGB
 .data.RateSens
                0x20000028       0x24 src/main.o
                0x20000028                RateSens
 .data.Brightness
                0x2000004c       0x24 src/main.o
                0x2000004c                Brightness
 .data.ColorBase
                0x20000070        0x9 src/main.o
                0x20000070                ColorBase
 *fill*         0x20000079        0x3 
 .data.BrightBase
                0x2000007c        0x9 src/main.o
                0x2000007c                BrightBase
 *fill*         0x20000085        0x3 
 .data.RateBase
                0x20000088        0x9 src/main.o
                0x20000088                RateBase
 *fill*         0x20000091        0x3 
 .data.Custom_RGB
                0x20000094        0xc src/main.o
                0x20000094                Custom_RGB
 .data.brake_offset
                0x200000a0        0x2 src/main.o
                0x200000a0                brake_offset
 .data.SIDELIGHTS
                0x200000a2        0x1 src/main.o
                0x200000a2                SIDELIGHTS
 .data.LIGHTS_ON
                0x200000a3        0x1 src/main.o
                0x200000a3                LIGHTS_ON
 .data.max_cycle_rate
                0x200000a4        0x4 src/main.o
                0x200000a4                max_cycle_rate
 .data.strobe_on_dur
                0x200000a8        0x2 src/main.o
                0x200000a8                strobe_on_dur
 .data.strobe_off_dur
                0x200000aa        0x2 src/main.o
                0x200000aa                strobe_off_dur
 .data.vesc_usart_timeout
                0x200000ac        0x4 src/main.o
                0x200000ac                vesc_usart_timeout
 .data.REMOTE_TYPE
                0x200000b0        0x1 src/main.o
                0x200000b0                REMOTE_TYPE
 .data.SEND_CONTINUOUS
                0x200000b1        0x1 src/main.o
                0x200000b1                SEND_CONTINUOUS
 .data.FIRST_MESSAGE
                0x200000b2        0x1 src/main.o
                0x200000b2                FIRST_MESSAGE
 .data.AppRemoteY
                0x200000b3        0x1 src/main.o
                0x200000b3                AppRemoteY
 .data.kalmanAX_min
                0x200000b4        0x4 src/main.o
                0x200000b4                kalmanAX_min
 .data.kalmanAX_max
                0x200000b8        0x4 src/main.o
                0x200000b8                kalmanAX_max
 .data.kalmanAY_min
                0x200000bc        0x4 src/main.o
                0x200000bc                kalmanAY_min
 .data.kalmanAY_max
                0x200000c0        0x4 src/main.o
                0x200000c0                kalmanAY_max
 .data.kalmanAZ_min
                0x200000c4        0x4 src/main.o
                0x200000c4                kalmanAZ_min
 .data.kalmanAZ_max
                0x200000c8        0x4 src/main.o
                0x200000c8                kalmanAZ_max
 .data.kalmanGX_min
                0x200000cc        0x4 src/main.o
                0x200000cc                kalmanGX_min
 .data.kalmanGX_max
                0x200000d0        0x4 src/main.o
                0x200000d0                kalmanGX_max
 .data.kalmanGY_min
                0x200000d4        0x4 src/main.o
                0x200000d4                kalmanGY_min
 .data.kalmanGY_max
                0x200000d8        0x4 src/main.o
                0x200000d8                kalmanGY_max
 .data.kalmanGZ_min
                0x200000dc        0x4 src/main.o
                0x200000dc                kalmanGZ_min
 .data.kalmanGZ_max
                0x200000e0        0x4 src/main.o
                0x200000e0                kalmanGZ_max
 .data.result.16693
                0x200000e4        0x1 src/main.o
 *fill*         0x200000e5        0x3 
 .data._impure_ptr
                0x200000e8        0x4 c:/disks/atmel/studio/7.0/toolchain/arm/arm-gnu-toolchain/bin/../lib/gcc/arm-none-eabi/6.3.1/../../../../arm-none-eabi/lib/thumb/v6-m\libc_nano.a(lib_a-impure.o)
                0x200000e8                _impure_ptr
 .data.impure_data
                0x200000ec       0x60 c:/disks/atmel/studio/7.0/toolchain/arm/arm-gnu-toolchain/bin/../lib/gcc/arm-none-eabi/6.3.1/../../../../arm-none-eabi/lib/thumb/v6-m\libc_nano.a(lib_a-impure.o)
                0x2000014c                . = ALIGN (0x4)
                0x2000014c                _erelocate = .

.bss            0x20000150      0xf1c load address 0x00017bb0
                0x20000150                . = ALIGN (0x4)
                0x20000150                _sbss = .
                0x20000150                _szero = .
 *(.bss .bss.*)
 .bss           0x20000150       0x1c c:/disks/atmel/studio/7.0/toolchain/arm/arm-gnu-toolchain/bin/../lib/gcc/arm-none-eabi/6.3.1/thumb/v6-m/crtbegin.o
 *fill*         0x2000016c        0x4 
 .bss._write_back_section
                0x20000170       0x50 src/ASF/sam0/drivers/dma/dma.o
 .bss._dma_active_resource
                0x200001c0       0x14 src/ASF/sam0/drivers/dma/dma.o
 .bss._nvm_dev  0x200001d4        0x6 src/ASF/sam0/drivers/nvm/nvm.o
 *fill*         0x200001da        0x2 
 .bss._sercom_config
                0x200001dc        0x2 src/ASF/sam0/drivers/sercom/sercom.o
 .bss._handler_table_initialized
                0x200001de        0x1 src/ASF/sam0/drivers/sercom/sercom_interrupt.o
 *fill*         0x200001df        0x1 
 .bss._sercom_interrupt_handlers
                0x200001e0       0x18 src/ASF/sam0/drivers/sercom/sercom_interrupt.o
 .bss.cpu_irq_critical_section_counter
                0x200001f8        0x4 src/ASF/common/utils/interrupt/interrupt_sam_nvic.o
 .bss.cpu_irq_prev_interrupt_state
                0x200001fc        0x1 src/ASF/common/utils/interrupt/interrupt_sam_nvic.o
 *fill*         0x200001fd        0x3 
 .bss._system_clock_inst
                0x20000200       0x18 src/ASF/sam0/drivers/system/clock/clock_samd21_r21_da/clock.o
 .bss._eeprom_instance
                0x20000218       0xcc src/ASF/sam0/services/eeprom/emulator/main_array/eeprom.o
 .bss.gx        0x200002e4        0x2 src/main.o
                0x200002e4                gx
 .bss.gy        0x200002e6        0x2 src/main.o
                0x200002e6                gy
 .bss.gz        0x200002e8        0x2 src/main.o
                0x200002e8                gz
 .bss.ax        0x200002ea        0x2 src/main.o
                0x200002ea                ax
 .bss.ay        0x200002ec        0x2 src/main.o
                0x200002ec                ay
 .bss.az        0x200002ee        0x2 src/main.o
                0x200002ee                az
 .bss.mx        0x200002f0        0x2 src/main.o
                0x200002f0                mx
 .bss.my        0x200002f2        0x2 src/main.o
                0x200002f2                my
 .bss.mz        0x200002f4        0x2 src/main.o
                0x200002f4                mz
 .bss.cgx       0x200002f6        0x2 src/main.o
                0x200002f6                cgx
 .bss.cgy       0x200002f8        0x2 src/main.o
                0x200002f8                cgy
 .bss.cgz       0x200002fa        0x2 src/main.o
                0x200002fa                cgz
 .bss.cax       0x200002fc        0x2 src/main.o
                0x200002fc                cax
 .bss.cay       0x200002fe        0x2 src/main.o
                0x200002fe                cay
 .bss.caz       0x20000300        0x2 src/main.o
                0x20000300                caz
 .bss.cmx       0x20000302        0x2 src/main.o
                0x20000302                cmx
 .bss.cmy       0x20000304        0x2 src/main.o
                0x20000304                cmy
 .bss.cmz       0x20000306        0x2 src/main.o
                0x20000306                cmz
 .bss.remote_type
                0x20000308        0x1 src/main.o
                0x20000308                remote_type
 .bss.button_type
                0x20000309        0x1 src/main.o
                0x20000309                button_type
 .bss.remote_y  0x2000030a        0x1 src/main.o
                0x2000030a                remote_y
 .bss.remote_x  0x2000030b        0x1 src/main.o
                0x2000030b                remote_x
 .bss.remote_btn_state
                0x2000030c        0x1 src/main.o
                0x2000030c                remote_btn_state
 .bss.lremote_btn_state
                0x2000030d        0x1 src/main.o
                0x2000030d                lremote_btn_state
 .bss.SEND_LIMITS
                0x2000030e        0x1 src/main.o
                0x2000030e                SEND_LIMITS
 .bss.ESC_FW_READ
                0x2000030f        0x1 src/main.o
                0x2000030f                ESC_FW_READ
 .bss.esc_comms
                0x20000310        0x1 src/main.o
                0x20000310                esc_comms
 .bss.UART_baud
                0x20000311        0x1 src/main.o
                0x20000311                UART_baud
 .bss.brake     0x20000312        0x2 src/main.o
                0x20000312                brake
 .bss.RGB_Ouptut
                0x20000314        0xc src/main.o
                0x20000314                RGB_Ouptut
 .bss.SUPRESS_LEFT_RGB
                0x20000320        0x1 src/main.o
                0x20000320                SUPRESS_LEFT_RGB
 .bss.SUPRESS_RIGHT_RGB
                0x20000321        0x1 src/main.o
                0x20000321                SUPRESS_RIGHT_RGB
 .bss.HEADLIGHTS
                0x20000322        0x1 src/main.o
                0x20000322                HEADLIGHTS
 .bss.LIGHT_CONTROLLED
                0x20000323        0x1 src/main.o
                0x20000323                LIGHT_CONTROLLED
 .bss.IMU_CONTROLED
                0x20000324        0x1 src/main.o
                0x20000324                IMU_CONTROLED
 .bss.SWITCHES  0x20000325        0x1 src/main.o
                0x20000325                SWITCHES
 .bss.cycle     0x20000326        0x1 src/main.o
                0x20000326                cycle
 *fill*         0x20000327        0x1 
 .bss.cycle_index
                0x20000328        0x4 src/main.o
                0x20000328                cycle_index
 .bss.upColor   0x2000032c        0x2 src/main.o
                0x2000032c                upColor
 .bss.downColor
                0x2000032e        0x2 src/main.o
                0x2000032e                downColor
 .bss.strobe_time
                0x20000330        0x4 src/main.o
                0x20000330                strobe_time
 .bss.turnTimer
                0x20000334        0x4 src/main.o
                0x20000334                turnTimer
 .bss.turnOutput
                0x20000338        0x2 src/main.o
                0x20000338                turnOutput
 .bss.COMM_FW_VERSION
                0x2000033a        0x1 src/main.o
                0x2000033a                COMM_FW_VERSION
 .bss.COMM_GET_VALUES
                0x2000033b        0x1 src/main.o
                0x2000033b                COMM_GET_VALUES
 .bss.COMM_GET_MCCONF
                0x2000033c        0x1 src/main.o
                0x2000033c                COMM_GET_MCCONF
 .bss.COMM_ALIVE
                0x2000033d        0x1 src/main.o
                0x2000033d                COMM_ALIVE
 .bss.COMM_GET_DECODED_PPM
                0x2000033e        0x1 src/main.o
                0x2000033e                COMM_GET_DECODED_PPM
 .bss.COMM_GET_DECODED_CHUK
                0x2000033f        0x1 src/main.o
                0x2000033f                COMM_GET_DECODED_CHUK
 .bss.COMM_SET_CHUCK_DATA
                0x20000340        0x1 src/main.o
                0x20000340                COMM_SET_CHUCK_DATA
 .bss.COMM_GET_VALUES_SELECTIVE
                0x20000341        0x1 src/main.o
                0x20000341                COMM_GET_VALUES_SELECTIVE
 .bss.COMM_GET_IMU_DATA
                0x20000342        0x1 src/main.o
                0x20000342                COMM_GET_IMU_DATA
 .bss.GET_VALUES_FET_TEMP
                0x20000343        0x1 src/main.o
                0x20000343                GET_VALUES_FET_TEMP
 .bss.GET_VALUES_MTR_CURR
                0x20000344        0x1 src/main.o
                0x20000344                GET_VALUES_MTR_CURR
 .bss.GET_VALUES_IN_CURR
                0x20000345        0x1 src/main.o
                0x20000345                GET_VALUES_IN_CURR
 .bss.GET_VALUES_DUTY
                0x20000346        0x1 src/main.o
                0x20000346                GET_VALUES_DUTY
 .bss.GET_VALUES_RPM
                0x20000347        0x1 src/main.o
                0x20000347                GET_VALUES_RPM
 .bss.GET_VALUES_IN_VOLT
                0x20000348        0x1 src/main.o
                0x20000348                GET_VALUES_IN_VOLT
 .bss.GET_VALUES_AH_USED
                0x20000349        0x1 src/main.o
                0x20000349                GET_VALUES_AH_USED
 .bss.GET_VALUES_AH_CHRG
                0x2000034a        0x1 src/main.o
                0x2000034a                GET_VALUES_AH_CHRG
 .bss.GET_VALUES_WH_USED
                0x2000034b        0x1 src/main.o
                0x2000034b                GET_VALUES_WH_USED
 .bss.GET_VALUES_WH_CHRG
                0x2000034c        0x1 src/main.o
                0x2000034c                GET_VALUES_WH_CHRG
 .bss.GET_VALUES_TACH
                0x2000034d        0x1 src/main.o
                0x2000034d                GET_VALUES_TACH
 .bss.GET_VALUES_FAULT
                0x2000034e        0x1 src/main.o
                0x2000034e                GET_VALUES_FAULT
 .bss.GET_MCCONF_MTR_CURR_MAX
                0x2000034f        0x1 src/main.o
                0x2000034f                GET_MCCONF_MTR_CURR_MAX
 .bss.GET_MCCONF_MTR_CURR_MIN
                0x20000350        0x1 src/main.o
                0x20000350                GET_MCCONF_MTR_CURR_MIN
 .bss.GET_MCCONF_IN_CURR_MAX
                0x20000351        0x1 src/main.o
                0x20000351                GET_MCCONF_IN_CURR_MAX
 .bss.GET_MCCONF_IN_CURR_MIN
                0x20000352        0x1 src/main.o
                0x20000352                GET_MCCONF_IN_CURR_MIN
 .bss.GET_MCCONF_ABS_CURR_MAX
                0x20000353        0x1 src/main.o
                0x20000353                GET_MCCONF_ABS_CURR_MAX
 .bss.GET_MCCONF_ERPM_MIN
                0x20000354        0x1 src/main.o
                0x20000354                GET_MCCONF_ERPM_MIN
 .bss.GET_MCCONF_ERPM_MAX
                0x20000355        0x1 src/main.o
                0x20000355                GET_MCCONF_ERPM_MAX
 .bss.GET_MCCONF_ERPM_FBRAKE_MAX
                0x20000356        0x1 src/main.o
                0x20000356                GET_MCCONF_ERPM_FBRAKE_MAX
 .bss.GET_MCCONF_ERPM_FBRAKE_CC_MAX
                0x20000357        0x1 src/main.o
                0x20000357                GET_MCCONF_ERPM_FBRAKE_CC_MAX
 .bss.GET_MCCONF_VIN_MIN
                0x20000358        0x1 src/main.o
                0x20000358                GET_MCCONF_VIN_MIN
 .bss.GET_MCCONF_VIN_MAX
                0x20000359        0x1 src/main.o
                0x20000359                GET_MCCONF_VIN_MAX
 .bss.GET_MCCONF_BAT_CUT_STRT
                0x2000035a        0x1 src/main.o
                0x2000035a                GET_MCCONF_BAT_CUT_STRT
 .bss.GET_MCCONF_BAT_CUT_END
                0x2000035b        0x1 src/main.o
                0x2000035b                GET_MCCONF_BAT_CUT_END
 .bss.GET_MCCONF_TMP_FET_STRT
                0x2000035c        0x1 src/main.o
                0x2000035c                GET_MCCONF_TMP_FET_STRT
 .bss.GET_MCCONF_TMP_FET_END
                0x2000035d        0x1 src/main.o
                0x2000035d                GET_MCCONF_TMP_FET_END
 .bss.GET_MCCONF_TMP_MTR_STRT
                0x2000035e        0x1 src/main.o
                0x2000035e                GET_MCCONF_TMP_MTR_STRT
 .bss.GET_MCCONF_TMP_MTR_END
                0x2000035f        0x1 src/main.o
                0x2000035f                GET_MCCONF_TMP_MTR_END
 .bss.GET_MCCONF_DUTY_MIN
                0x20000360        0x1 src/main.o
                0x20000360                GET_MCCONF_DUTY_MIN
 .bss.GET_MCCONF_DUTY_MAX
                0x20000361        0x1 src/main.o
                0x20000361                GET_MCCONF_DUTY_MAX
 *fill*         0x20000362        0x2 
 .bss.vesc_usart_time
                0x20000364        0x4 src/main.o
                0x20000364                vesc_usart_time
 .bss.HOLD_FOR_REPLY
                0x20000368        0x1 src/main.o
                0x20000368                HOLD_FOR_REPLY
 .bss.READ_VESC_PWM
                0x20000369        0x1 src/main.o
                0x20000369                READ_VESC_PWM
 .bss.READ_VESC_CHUCK
                0x2000036a        0x1 src/main.o
                0x2000036a                READ_VESC_CHUCK
 .bss.READ_VESC_VALS
                0x2000036b        0x1 src/main.o
                0x2000036b                READ_VESC_VALS
 .bss.READ_VESC_FW
                0x2000036c        0x1 src/main.o
                0x2000036c                READ_VESC_FW
 .bss.VESC_PACKET_RECIEVED
                0x2000036d        0x1 src/main.o
                0x2000036d                VESC_PACKET_RECIEVED
 .bss.configured_comms
                0x2000036e        0x1 src/main.o
                0x2000036e                configured_comms
 *fill*         0x2000036f        0x1 
 .bss.packet_len
                0x20000370        0x2 src/main.o
                0x20000370                packet_len
 .bss.vesc_uart_expected_bytes
                0x20000372        0x1 src/main.o
                0x20000372                vesc_uart_expected_bytes
 .bss.VescRemoteX
                0x20000373        0x1 src/main.o
                0x20000373                VescRemoteX
 .bss.VescRemoteY
                0x20000374        0x1 src/main.o
                0x20000374                VescRemoteY
 .bss.AUX_ENABLED
                0x20000375        0x1 src/main.o
                0x20000375                AUX_ENABLED
 .bss.TURN_ENABLED
                0x20000376        0x1 src/main.o
                0x20000376                TURN_ENABLED
 .bss.AUX_OUTPUT
                0x20000377        0x1 src/main.o
                0x20000377                AUX_OUTPUT
 .bss.auxControlType
                0x20000378        0x1 src/main.o
                0x20000378                auxControlType
 .bss.auxTimedDuration
                0x20000379        0x1 src/main.o
                0x20000379                auxTimedDuration
 .bss.single_aux_control
                0x2000037a        0x1 src/main.o
                0x2000037a                single_aux_control
 .bss.single_all_control
                0x2000037b        0x1 src/main.o
                0x2000037b                single_all_control
 .bss.single_head_control
                0x2000037c        0x1 src/main.o
                0x2000037c                single_head_control
 .bss.single_side_control
                0x2000037d        0x1 src/main.o
                0x2000037d                single_side_control
 .bss.single_up_control
                0x2000037e        0x1 src/main.o
                0x2000037e                single_up_control
 .bss.single_down_control
                0x2000037f        0x1 src/main.o
                0x2000037f                single_down_control
 .bss.dual_aux_control
                0x20000380        0x1 src/main.o
                0x20000380                dual_aux_control
 .bss.dual_all_control
                0x20000381        0x1 src/main.o
                0x20000381                dual_all_control
 .bss.dual_head_control
                0x20000382        0x1 src/main.o
                0x20000382                dual_head_control
 .bss.dual_side_control
                0x20000383        0x1 src/main.o
                0x20000383                dual_side_control
 .bss.dual_up_control
                0x20000384        0x1 src/main.o
                0x20000384                dual_up_control
 .bss.dual_down_control
                0x20000385        0x1 src/main.o
                0x20000385                dual_down_control
 .bss.AppAuxButton
                0x20000386        0x1 src/main.o
                0x20000386                AppAuxButton
 .bss.lAppAuxButton
                0x20000387        0x1 src/main.o
                0x20000387                lAppAuxButton
 .bss.ButtonPressType
                0x20000388        0x1 src/main.o
                0x20000388                ButtonPressType
 .bss.tapSequence
                0x20000389        0x1 src/main.o
                0x20000389                tapSequence
 .bss.tapIndex  0x2000038a        0x1 src/main.o
                0x2000038a                tapIndex
 *fill*         0x2000038b        0x1 
 .bss.ButtonHeldTime
                0x2000038c        0x4 src/main.o
                0x2000038c                ButtonHeldTime
 .bss.ButtonDownTime
                0x20000390        0x4 src/main.o
                0x20000390                ButtonDownTime
 .bss.ButtonUpTime
                0x20000394        0x4 src/main.o
                0x20000394                ButtonUpTime
 .bss.lButtonTime
                0x20000398        0x4 src/main.o
                0x20000398                lButtonTime
 .bss.TurnSignalOn
                0x2000039c        0x1 src/main.o
                0x2000039c                TurnSignalOn
 .bss.RestoreTurnLights
                0x2000039d        0x1 src/main.o
                0x2000039d                RestoreTurnLights
 *fill*         0x2000039e        0x2 
 .bss.AuxOnTime
                0x200003a0        0x4 src/main.o
                0x200003a0                AuxOnTime
 .bss.pulse_width_last
                0x200003a4        0x4 src/main.o
                0x200003a4                pulse_width_last
 .bss.pulse_width
                0x200003a8        0x4 src/main.o
                0x200003a8                pulse_width
 .bss.SEND_LED_CHARS
                0x200003ac        0x1 src/main.o
                0x200003ac                SEND_LED_CHARS
 .bss.BLE_CONFIGURED
                0x200003ad        0x1 src/main.o
                0x200003ad                BLE_CONFIGURED
 .bss.NEW_REMOTE_DATA
                0x200003ae        0x1 src/main.o
                0x200003ae                NEW_REMOTE_DATA
 .bss.SEND_SENSORS
                0x200003af        0x1 src/main.o
                0x200003af                SEND_SENSORS
 .bss.SEND_ORIENTAION_CONFIG
                0x200003b0        0x1 src/main.o
                0x200003b0                SEND_ORIENTAION_CONFIG
 .bss.SEND_CONTROLS_CONFIG
                0x200003b1        0x1 src/main.o
                0x200003b1                SEND_CONTROLS_CONFIG
 .bss.SEND_REMOTE_CONFIG
                0x200003b2        0x1 src/main.o
                0x200003b2                SEND_REMOTE_CONFIG
 .bss.SEND_ESC_CONFIG
                0x200003b3        0x1 src/main.o
                0x200003b3                SEND_ESC_CONFIG
 .bss.OK_EXPECTED
                0x200003b4        0x1 src/main.o
                0x200003b4                OK_EXPECTED
 *fill*         0x200003b5        0x3 
 .bss.packet    0x200003b8        0x8 src/main.o
 .bss.light_sens
                0x200003c0        0x2 src/main.o
                0x200003c0                light_sens
 *fill*         0x200003c2        0x2 
 .bss.AXtotal   0x200003c4        0x4 src/main.o
                0x200003c4                AXtotal
 .bss.AYtotal   0x200003c8        0x4 src/main.o
                0x200003c8                AYtotal
 .bss.avgAX     0x200003cc        0x2 src/main.o
                0x200003cc                avgAX
 .bss.avgAY     0x200003ce        0x2 src/main.o
                0x200003ce                avgAY
 .bss.axKalman  0x200003d0        0x4 src/main.o
                0x200003d0                axKalman
 .bss.ayKalman  0x200003d4        0x4 src/main.o
                0x200003d4                ayKalman
 .bss.azKalman  0x200003d8        0x4 src/main.o
                0x200003d8                azKalman
 .bss.gxKalman  0x200003dc        0x4 src/main.o
                0x200003dc                gxKalman
 .bss.gyKalman  0x200003e0        0x4 src/main.o
                0x200003e0                gyKalman
 .bss.gzKalman  0x200003e4        0x4 src/main.o
                0x200003e4                gzKalman
 .bss.app_remote_check
                0x200003e8        0x1 src/main.o
                0x200003e8                app_remote_check
 .bss.read_index.16061
                0x200003e9        0x1 src/main.o
 *fill*         0x200003ea        0x2 
 .bss.output_brightness.16629
                0x200003ec        0x4 src/main.o
 .bss.count.16692
                0x200003f0        0x4 src/main.o
 .bss.off_type.16691
                0x200003f4        0x1 src/main.o
 *(COMMON)
 *fill*         0x200003f5        0xb 
 COMMON         0x20000400       0x50 src/ASF/sam0/drivers/dma/dma.o
                0x20000400                descriptor_section
 COMMON         0x20000450        0xc src/ASF/sam0/drivers/tcc/tcc_callback.o
                0x20000450                _tcc_instances
 COMMON         0x2000045c        0xc src/ASF/sam0/drivers/tc/tc_interrupt.o
                0x2000045c                _tc_instances
 COMMON         0x20000468       0x18 src/ASF/sam0/drivers/sercom/sercom_interrupt.o
                0x20000468                _sercom_instances
 COMMON         0x20000480      0xbec src/main.o
                0x20000480                aBias
                0x2000048c                send_chuck_struct
                0x20000498                mBiasRaw
                0x200004a0                ble_usart
                0x200004d4                ble_recieve_packet
                0x200004e8                settings
                0x20000510                vesc_tx_buff
                0x20000718                vesc_usart
                0x2000074c                tcc0
                0x2000078c                tc0
                0x200007a8                I2C_slave_read_buffer
                0x200007c8                BLE_MSG
                0x200007dc                LGHTaverage
                0x20000908                _autoCalc
                0x2000090c                last_estimate
                0x20000928                ble_write_buffer
                0x20000954                temperature
                0x20000958                latest_vesc_vals
                0x20000990                I2C_slave_write_buffer
                0x20000994                AZaverage
                0x200009b4                adc1
                0x200009bc                aRes
                0x200009c0                _mAddress
                0x200009c2                head
                0x200009c4                err_estimate
                0x200009e0                eeprom_data
                0x20000a1c                AYaverage
                0x20000a3a                _xgAddress
                0x20000a3c                current_estimate
                0x20000a58                AXaverage
                0x20000a78                vesc_USART_read_buffer
                0x20000c80                err_measure
                0x20000c9c                gBiasRaw
                0x20000ca4                aBiasRaw
                0x20000cac                i2c_master_instance
                0x20000cd4                read_buffer
                0x20000ce0                vesc_revieve_packet
                0x20000ee8                kalman_gain
                0x20000f04                gRes
                0x20000f08                ble_USART_read_buffer
                0x20000f1c                tcc2
                0x20000f5c                tcc1
                0x20000f9c                gBias
                0x20000fa8                mRes
                0x20000fac                write_buffer
                0x20000fb8                q
                0x20000fd4                mcconf_limits
                0x20001020                i2c_slave_instance
                0x20001054                rec_chuck_struct
                0x20001060                mBias
                0x2000106c                . = ALIGN (0x4)
                0x2000106c                _ebss = .
                0x2000106c                _ezero = .

.stack          0x2000106c     0x2004 load address 0x00018acc
                0x20001070                . = ALIGN (0x8)
 *fill*         0x2000106c        0x4 
                0x20001070                _sstack = .
                0x20003070                . = (. + STACK_SIZE)
 *fill*         0x20001070     0x2000 
                0x20003070                . = ALIGN (0x8)
                0x20003070                _estack = .
                0x20003070                . = ALIGN (0x4)
                0x20003070                _end = .
OUTPUT(Teltail.elf elf32-littlearm)

.ARM.attributes
                0x00000000       0x28
 .ARM.attributes
                0x00000000       0x1e c:/disks/atmel/studio/7.0/toolchain/arm/arm-gnu-toolchain/bin/../lib/gcc/arm-none-eabi/6.3.1/thumb/v6-m/crti.o
 .ARM.attributes
                0x0000001e       0x2c c:/disks/atmel/studio/7.0/toolchain/arm/arm-gnu-toolchain/bin/../lib/gcc/arm-none-eabi/6.3.1/thumb/v6-m/crtbegin.o
 .ARM.attributes
                0x0000004a       0x32 src/ASF/sam0/drivers/adc/adc_sam_d_r/adc.o
 .ARM.attributes
                0x0000007c       0x32 src/ASF/sam0/drivers/dma/dma.o
 .ARM.attributes
                0x000000ae       0x32 src/ASF/sam0/drivers/nvm/nvm.o
 .ARM.attributes
                0x000000e0       0x32 src/ASF/sam0/drivers/tcc/tcc_callback.o
 .ARM.attributes